
07-05 16:49:27.841 17080 17117 D AndroidRuntime: zoneinfo is Asia/Shanghai
07-05 16:49:27.841 17080 17117 D AndroidRuntime: persist.sys.timezone is Asia/Shanghai
07-05 17:09:26.061 17080 17110 I chatty  : uid=1002(bluetooth) HeadsetStateMac expire 10 lines
07-05 17:09:37.273 17080 17110 I chatty  : uid=1002(bluetooth) HeadsetStateMac expire 11 lines
07-05 17:09:49.510 17080 17110 I chatty  : uid=1002(bluetooth) HeadsetStateMac expire 10 lines
07-05 17:10:00.757 17080 17110 I chatty  : uid=1002(bluetooth) HeadsetStateMac expire 10 lines
07-05 17:10:15.108 17080 17110 I chatty  : uid=1002(bluetooth) HeadsetStateMac expire 10 lines
07-05 17:10:29.393 17080 17110 I chatty  : uid=1002(bluetooth) HeadsetStateMac expire 10 lines
07-05 17:10:46.799 17080 17110 I chatty  : uid=1002(bluetooth) HeadsetStateMac expire 10 lines
07-05 17:10:58.064 17080 17110 I chatty  : uid=1002(bluetooth) HeadsetStateMac expire 10 lines
07-05 17:11:12.385 17080 17110 I chatty  : uid=1002(bluetooth) HeadsetStateMac expire 10 lines
07-05 17:11:31.834 17080 17110 I chatty  : uid=1002(bluetooth) HeadsetStateMac expire 10 lines
07-05 17:11:45.121 17080 17110 I chatty  : uid=1002(bluetooth) HeadsetStateMac expire 10 lines
07-05 17:11:58.428 17080 17110 I chatty  : uid=1002(bluetooth) HeadsetStateMac expire 17 lines
07-05 17:12:04.268 17080 17080 I chatty  : uid=1002(bluetooth) com.android.bluetooth expire 1 line
07-05 17:12:19.162 17080 17080 I chatty  : uid=1002(bluetooth) com.android.bluetooth expire 1 line
07-05 17:12:19.163 17080 17110 I chatty  : uid=1002(bluetooth) HeadsetStateMac expire 10 lines
07-05 17:12:34.160 17080 17110 I chatty  : uid=1002(bluetooth) HeadsetStateMac expire 10 lines
07-05 17:12:49.492 17080 17110 I chatty  : uid=1002(bluetooth) HeadsetStateMac expire 10 lines
07-05 17:13:02.783 17080 17110 I chatty  : uid=1002(bluetooth) HeadsetStateMac expire 11 lines
07-05 17:13:10.358 17080 17080 I chatty  : uid=1002(bluetooth) com.android.bluetooth expire 2 lines
07-05 17:13:13.001 17080 17110 I chatty  : uid=1002(bluetooth) HeadsetStateMac expire 10 lines
07-05 17:13:27.290 17080 17110 I chatty  : uid=1002(bluetooth) HeadsetStateMac expire 10 lines
07-05 17:13:41.615 17080 17110 I chatty  : uid=1002(bluetooth) HeadsetStateMac expire 10 lines
07-05 17:13:59.045 17080 17110 I chatty  : uid=1002(bluetooth) HeadsetStateMac expire 10 lines
07-05 17:14:11.253 17080 17110 I chatty  : uid=1002(bluetooth) HeadsetStateMac expire 10 lines
07-05 17:14:29.603 17080 17110 I chatty  : uid=1002(bluetooth) HeadsetStateMac expire 10 lines
07-05 17:14:40.781 17080 17110 I chatty  : uid=1002(bluetooth) HeadsetStateMac expire 10 lines
07-05 17:14:53.020 17080 17110 I chatty  : uid=1002(bluetooth) HeadsetStateMac expire 10 lines
07-05 17:15:07.182 17080 17110 I chatty  : uid=1002(bluetooth) HeadsetStateMac expire 10 lines
07-05 17:15:22.419 17080 17110 I chatty  : uid=1002(bluetooth) HeadsetStateMac expire 2 lines
07-05 17:15:23.062 17080 17080 I chatty  : uid=1002(bluetooth) com.android.bluetooth expire 2 lines
07-05 17:15:23.087 17080 17110 D HeadsetStateMachine: Disconnected process message: 11, size: 0
07-05 17:15:23.334 17080 17110 D HeadsetStateMachine: Disconnected process message: 10, size: 0
07-05 17:15:24.352 17080 17110 D HeadsetStateMachine: Disconnected process message: 10, size: 0
07-05 17:15:25.352 17080 17110 D HeadsetStateMachine: Disconnected process message: 10, size: 0
07-05 17:15:26.357 17080 17110 D HeadsetStateMachine: Disconnected process message: 10, size: 0
07-05 17:15:27.007 17080 17091 D BluetoothUtils: callingUid =1001000
07-05 17:15:27.007 17080 17091 E BluetoothUtils: foregroundUser =0
07-05 17:15:27.007 17080 17091 E BluetoothUtils: callingUser =10
07-05 17:15:27.009 17080 17126 D BluetoothUtils: callingUid =1001000
07-05 17:15:27.011 17080 17126 E BluetoothUtils: foregroundUser =0
07-05 17:15:27.011 17080 17126 E BluetoothUtils: callingUser =10
07-05 17:15:27.011 17080 17126 D A2dpService: getA2DPService(): returning com.android.bluetooth.a2dp.A2dpService@6fe145d
07-05 17:15:27.012 17080 17126 I A2dpService: audio isMusicActive is false
07-05 17:15:27.012 17080 17126 I BluetoothAdapterService: setScanMode: prev mode: 21 new mode: 23
07-05 17:15:27.013 17080 17097 D BluetoothAdapterProperties: Discoverable Timeout:120
07-05 17:15:27.013 17080 17097 D BluetoothAdapterProperties: Scan Mode:23
07-05 17:15:27.043 17080 17122 D BluetoothUtils: callingUid =1001000
07-05 17:15:27.046 17080 17122 E BluetoothUtils: foregroundUser =0
07-05 17:15:27.046 17080 17122 E BluetoothUtils: callingUser =10
07-05 17:15:27.047 17080 17122 D A2dpService: getA2DPService(): returning com.android.bluetooth.a2dp.A2dpService@6fe145d
07-05 17:15:27.047 17080 17122 I A2dpService: audio isMusicActive is false
07-05 17:15:27.047 17080 17105 W bt_btif : bta_dm_check_av:0
07-05 17:15:27.049 17080 17124 D BluetoothUtils: callingUid =1001000
07-05 17:15:27.049 17080 17124 E BluetoothUtils: foregroundUser =0
07-05 17:15:27.050 17080 17124 E BluetoothUtils: callingUser =10
07-05 17:15:27.051 17080 17122 D BluetoothUtils: callingUid =1001000
07-05 17:15:27.052 17080 17122 E BluetoothUtils: foregroundUser =0
07-05 17:15:27.052 17080 17122 E BluetoothUtils: callingUser =10
07-05 17:15:27.052 17080 17105 E bt_btif : bte_scan_filt_param_cfg_evt, 23
07-05 17:15:27.053 17080 17122 D A2dpService: getA2DPService(): returning com.android.bluetooth.a2dp.A2dpService@6fe145d
07-05 17:15:27.053 17080 17122 I A2dpService: audio isMusicActive is false
07-05 17:15:27.054 17080 17122 I BluetoothAdapterService: setScanMode: prev mode: 23 new mode: 23
07-05 17:15:27.055 17080 17097 D BluetoothAdapterProperties: Discoverable Timeout:120
07-05 17:15:27.057 17080 17097 D BluetoothAdapterProperties: Scan Mode:23
07-05 17:15:27.130 17080 17097 D bt_btif_dm: btif_dm_search_devices_evt cod is 0, set as unclassified
07-05 17:15:27.130 17080 17097 D bt_btif_config: btif_get_device_type: Device [1c:5f:ff:10:49:6f] type 2
07-05 17:15:27.138 17080 17097 D BluetoothRemoteDevices: Remote Address is:1C:5F:FF:10:49:6F
07-05 17:15:27.140 17080 17097 D BluetoothRemoteDevices: Remote Device name is: UKEY_el
07-05 17:15:27.144 17080 17097 D BluetoothRemoteDevices: Remote class is:7936
07-05 17:15:27.144 17080 17097 D BluetoothRemoteDevices: deviceFoundCallback: Remote Address is:1C:5F:FF:10:49:6F
07-05 17:15:27.301 17080 17105 W bt_btm  : btm_process_inq_results: BDA: 20-16-d8-ff-e6-28
07-05 17:15:27.301 17080 17105 W bt_btm  : btm_process_inq_results: Dev class: 3e-01-0c
07-05 17:15:27.301 17080 17097 D bt_btif_config: btif_get_device_type: Device [20:16:d8:ff:e6:28] type 1
07-05 17:15:27.311 17080 17097 D BluetoothRemoteDevices: Remote Address is:20:16:D8:FF:E6:28
07-05 17:15:27.313 17080 17097 D BluetoothRemoteDevices: Remote Device name is: XIAOJ
07-05 17:15:27.315 17080 17097 D BluetoothRemoteDevices: Remote class is:4063500
07-05 17:15:27.315 17080 17097 D BluetoothRemoteDevices: deviceFoundCallback: Remote Address is:20:16:D8:FF:E6:28
07-05 17:15:27.379 17080 17110 D HeadsetStateMachine: Disconnected process message: 10, size: 0
07-05 17:15:28.391 17080 17110 D HeadsetStateMachine: Disconnected process message: 10, size: 0
07-05 17:15:28.498 17080 17105 W bt_btm_ble: btm_ble_process_adv_pkt_cont device is no longer discoverable so discarding advertising packet pkt
07-05 17:15:28.506 17080 17097 D bt_btif_dm: btif_dm_search_devices_evt cod is 0, set as unclassified
07-05 17:15:28.506 17080 17097 D bt_btif_config: btif_get_device_type: Device [79:00:6e:9e:b3:68] type 2
07-05 17:15:28.516 17080 17097 D BluetoothRemoteDevices: Remote Address is:79:00:6E:9E:B3:68
07-05 17:15:28.519 17080 17097 D BluetoothRemoteDevices: Remote class is:7936
07-05 17:15:28.521 17080 17097 D BluetoothRemoteDevices: deviceFoundCallback: Remote Address is:79:00:6E:9E:B3:68
07-05 17:15:28.524 17080 17097 D bt_btif_dm: btif_dm_search_devices_evt cod is 0, set as unclassified
07-05 17:15:28.537 17080 17105 W bt_btm_ble: btm_ble_process_adv_pkt_cont device is no longer discoverable so discarding advertising packet pkt
07-05 17:15:28.538 17080 17097 D BluetoothRemoteDevices: Remote Address is:4B:85:E6:68:03:05
07-05 17:15:28.539 17080 17097 D BluetoothRemoteDevices: Remote class is:7936
07-05 17:15:28.539 17080 17105 W bt_btm_ble: btm_ble_process_adv_pkt_cont device is no longer discoverable so discarding advertising packet pkt
07-05 17:15:28.540 17080 17097 D BluetoothRemoteDevices: deviceFoundCallback: Remote Address is:4B:85:E6:68:03:05
07-05 17:15:28.545 17080 17097 D bt_btif_dm: btif_dm_search_devices_evt cod is 0, set as unclassified
07-05 17:15:28.556 17080 17097 D BluetoothRemoteDevices: Remote Address is:74:35:6D:AE:A5:B1
07-05 17:15:28.557 17080 17097 D BluetoothRemoteDevices: Remote class is:7936
07-05 17:15:28.558 17080 17097 D BluetoothRemoteDevices: deviceFoundCallback: Remote Address is:74:35:6D:AE:A5:B1
07-05 17:15:28.667 17080 17105 W bt_btm  : btm_process_inq_results: BDA: 9c-2e-a1-e8-ab-62
07-05 17:15:28.667 17080 17105 W bt_btm  : btm_process_inq_results: Dev class: 5a-02-0c
07-05 17:15:28.668 17080 17097 D bt_btif_config: btif_get_device_type: Device [9c:2e:a1:e8:ab:62] type 1
07-05 17:15:28.682 17080 17097 D BluetoothRemoteDevices: Remote Address is:9C:2E:A1:E8:AB:62
07-05 17:15:28.684 17080 17097 D BluetoothRemoteDevices: Remote Device name is: Adam
07-05 17:15:28.687 17080 17097 D BluetoothRemoteDevices: Remote class is:5898764
07-05 17:15:28.688 17080 17097 D BluetoothRemoteDevices: deviceFoundCallback: Remote Address is:9C:2E:A1:E8:AB:62
07-05 17:15:29.406 17080 17110 D HeadsetStateMachine: Disconnected process message: 10, size: 0
07-05 17:15:29.769 17080 17080 D HeadsetPhoneState: sendDeviceStateChanged. mService=1 mSignal=4 mRoam=0 mBatteryCharge=4
07-05 17:15:29.769 17080 17110 D HeadsetStateMachine: Disconnected process message: 11, size: 0
07-05 17:15:29.853 17080 17080 D HeadsetPhoneState: sendDeviceStateChanged. mService=1 mSignal=4 mRoam=0 mBatteryCharge=4
07-05 17:15:29.854 17080 17110 D HeadsetStateMachine: Disconnected process message: 11, size: 0
07-05 17:15:29.874 17080 17097 D bt_btif_dm: btif_dm_search_devices_evt cod is 0, set as unclassified
07-05 17:15:29.889 17080 17097 D BluetoothRemoteDevices: Remote Address is:88:6B:6E:E7:0E:FF
07-05 17:15:29.891 17080 17097 D BluetoothRemoteDevices: Remote class is:7936
07-05 17:15:29.891 17080 17097 D BluetoothRemoteDevices: deviceFoundCallback: Remote Address is:88:6B:6E:E7:0E:FF
07-05 17:15:30.407 17080 17110 D HeadsetStateMachine: Disconnected process message: 10, size: 0
07-05 17:15:30.735 17080 17105 W bt_btm  : btm_process_inq_results: BDA: 0c-8f-ff-6b-df-d9
07-05 17:15:30.736 17080 17105 W bt_btm  : btm_process_inq_results: Dev class: 5a-02-0c
07-05 17:15:30.749 17080 17097 D BluetoothRemoteDevices: Remote Address is:0C:8F:FF:6B:DF:D9
07-05 17:15:30.752 17080 17097 D BluetoothRemoteDevices: Remote Device name is: zjts
07-05 17:15:30.753 17080 17097 D BluetoothRemoteDevices: Remote class is:5898764
07-05 17:15:30.754 17080 17097 D BluetoothRemoteDevices: deviceFoundCallback: Remote Address is:0C:8F:FF:6B:DF:D9
07-05 17:15:31.418 17080 17110 D HeadsetStateMachine: Disconnected process message: 10, size: 0
07-05 17:15:31.611 17080 17097 D bt_btif_config: btif_get_device_type: Device [9c:2e:a1:e8:ab:62] type 1
07-05 17:15:31.615 17080 17105 W bt_btm  : btm_process_inq_results: BDA: 88-9f-fa-b1-10-81
07-05 17:15:31.615 17080 17105 W bt_btm  : btm_process_inq_results: Dev class: 00-00-00
07-05 17:15:31.617 17080 17105 W bt_btm  : btm_process_inq_results: BDA: 90-00-4e-df-fb-cb
07-05 17:15:31.617 17080 17105 W bt_btm  : btm_process_inq_results: Dev class: 00-00-00
07-05 17:15:31.629 17080 17097 D BluetoothRemoteDevices: Remote Address is:9C:2E:A1:E8:AB:62
07-05 17:15:31.632 17080 17097 D BluetoothRemoteDevices: Remote Device name is: Adam
07-05 17:15:31.637 17080 17097 D BluetoothRemoteDevices: Remote class is:5898764
07-05 17:15:31.638 17080 17097 D BluetoothRemoteDevices: deviceFoundCallback: Remote Address is:9C:2E:A1:E8:AB:62
07-05 17:15:31.641 17080 17097 D bt_btif_dm: btif_dm_search_devices_evt cod is 0, set as unclassified
07-05 17:15:31.650 17080 17097 D BluetoothRemoteDevices: Remote Address is:88:9F:FA:B1:10:81
07-05 17:15:31.652 17080 17097 D BluetoothRemoteDevices: Remote class is:7936
07-05 17:15:31.653 17080 17097 D BluetoothRemoteDevices: deviceFoundCallback: Remote Address is:88:9F:FA:B1:10:81
07-05 17:15:31.654 17080 17097 D bt_btif_dm: btif_dm_search_devices_evt cod is 0, set as unclassified
07-05 17:15:31.654 17080 17097 D bt_btif_config: btif_get_device_type: Device [90:00:4e:df:fb:cb] type 1
07-05 17:15:31.660 17080 17097 D BluetoothRemoteDevices: Remote Address is:90:00:4E:DF:FB:CB
07-05 17:15:31.663 17080 17097 D BluetoothRemoteDevices: Remote class is:7936
07-05 17:15:31.664 17080 17097 D BluetoothRemoteDevices: deviceFoundCallback: Remote Address is:90:00:4E:DF:FB:CB
07-05 17:15:32.428 17080 17110 D HeadsetStateMachine: Disconnected process message: 10, size: 0
07-05 17:15:33.436 17080 17110 D HeadsetStateMachine: Disconnected process message: 10, size: 0
07-05 17:15:33.723 17080 17105 W bt_btm  : btm_process_inq_results: BDA: 74-e5-43-d4-f1-d9
07-05 17:15:33.723 17080 17105 W bt_btm  : btm_process_inq_results: Dev class: 0a-01-0c
07-05 17:15:33.724 17080 17097 D bt_btif_config: btif_get_device_type: Device [74:e5:43:d4:f1:d9] type 1
07-05 17:15:33.734 17080 17097 D BluetoothRemoteDevices: Remote Address is:74:E5:43:D4:F1:D9
07-05 17:15:33.736 17080 17097 D BluetoothRemoteDevices: Remote class is:655628
07-05 17:15:33.737 17080 17097 D BluetoothRemoteDevices: deviceFoundCallback: Remote Address is:74:E5:43:D4:F1:D9
07-05 17:15:33.855 17080 17097 D bt_btif_config: btif_get_device_type: Device [74:e5:43:d4:f1:d9] type 1
07-05 17:15:33.867 17080 17097 D BluetoothRemoteDevices: Remote Address is:74:E5:43:D4:F1:D9
07-05 17:15:33.869 17080 17097 D BluetoothRemoteDevices: Remote Device name is: DESKTOP-DUF0R0B
07-05 17:15:33.871 17080 17097 D BluetoothRemoteDevices: Remote class is:655628
07-05 17:15:33.873 17080 17097 D BluetoothRemoteDevices: deviceFoundCallback: Remote Address is:74:E5:43:D4:F1:D9
07-05 17:15:34.444 17080 17110 D HeadsetStateMachine: Disconnected process message: 10, size: 0
07-05 17:15:35.455 17080 17110 D HeadsetStateMachine: Disconnected process message: 10, size: 0
07-05 17:15:35.553 17080 17097 D bt_btif_dm: btif_dm_search_devices_evt cod is 0, set as unclassified
07-05 17:15:35.553 17080 17097 D bt_btif_config: btif_get_device_type: Device [75:25:c7:19:6b:6b] type 2
07-05 17:15:35.557 17080 17097 E BluetoothServiceJni: bool android::set_wake_alarm_callout(uint64_t, bool, alarm_cb, void*) setWakeAlarm failed:ret= 0 
07-05 17:15:35.558 17080 17097 D BluetoothRemoteDevices: Remote Address is:75:25:C7:19:6B:6B
07-05 17:15:35.560 17080 17097 D BluetoothRemoteDevices: Remote class is:7936
07-05 17:15:35.560 17080 17097 D BluetoothRemoteDevices: deviceFoundCallback: Remote Address is:75:25:C7:19:6B:6B
07-05 17:15:36.470 17080 17110 D HeadsetStateMachine: Disconnected process message: 10, size: 0
07-05 17:15:37.049 17080 17096 E BluetoothServiceJni: bool android::set_wake_alarm_callout(uint64_t, bool, alarm_cb, void*) setWakeAlarm failed:ret= 0 
07-05 17:15:37.124 17080 17105 W bt_btm  : btm_process_inq_results: BDA: e4-46-da-59-da-5d
07-05 17:15:37.124 17080 17105 W bt_btm  : btm_process_inq_results: Dev class: 5a-02-0c
07-05 17:15:37.124 17080 17097 D bt_btif_config: btif_get_device_type: Device [e4:46:da:59:da:5d] type 1
07-05 17:15:37.134 17080 17097 D BluetoothRemoteDevices: Remote Address is:E4:46:DA:59:DA:5D
07-05 17:15:37.136 17080 17097 D BluetoothRemoteDevices: Remote Device name is: SpiderMan
07-05 17:15:37.138 17080 17097 D BluetoothRemoteDevices: Remote class is:5898764
07-05 17:15:37.139 17080 17097 D BluetoothRemoteDevices: deviceFoundCallback: Remote Address is:E4:46:DA:59:DA:5D
07-05 17:15:37.487 17080 17110 D HeadsetStateMachine: Disconnected process message: 10, size: 0
07-05 17:15:38.501 17080 17110 D HeadsetStateMachine: Disconnected process message: 10, size: 0
07-05 17:15:39.502 17080 17110 D HeadsetStateMachine: Disconnected process message: 10, size: 0
07-05 17:15:40.514 17080 17110 D HeadsetStateMachine: Disconnected process message: 10, size: 0
07-05 17:15:41.205 17080 17105 E bt_l2cap: L2CAP - rcvd ACL for unknown handle:3804 ls:0 cid:49807 opcode:21 cur count:0
07-05 17:15:41.206 17080 17105 E bt_l2cap: L2CAP - rcvd ACL for unknown handle:3804 ls:0 cid:144 opcode:21 cur count:0
07-05 17:15:41.206 17080 17105 E bt_l2cap: L2CAP - rcvd ACL for unknown handle:3804 ls:0 cid:145 opcode:21 cur count:0
07-05 17:15:41.214 17080 17105 E bt_l2cap: L2CAP - rcvd ACL for unknown handle:3804 ls:0 cid:146 opcode:21 cur count:0
07-05 17:15:41.535 17080 17110 D HeadsetStateMachine: Disconnected process message: 10, size: 0
07-05 17:15:41.893 17080 17105 E bt_l2cap: L2CAP - rcvd ACL for unknown handle:3804 ls:0 cid:1683 opcode:21 cur count:0
07-05 17:15:41.894 17080 17105 E bt_l2cap: L2CAP - rcvd ACL for unknown handle:3804 ls:0 cid:148 opcode:21 cur count:0
07-05 17:15:41.894 17080 17105 E bt_l2cap: L2CAP - rcvd ACL for unknown handle:3804 ls:0 cid:149 opcode:21 cur count:0
07-05 17:15:41.894 17080 17105 E bt_l2cap: L2CAP - rcvd ACL for unknown handle:3804 ls:0 cid:150 opcode:21 cur count:0
07-05 17:15:42.225 17080 17126 D BluetoothUtils: callingUid =1001000
07-05 17:15:42.226 17080 17126 E BluetoothUtils: foregroundUser =0
07-05 17:15:42.226 17080 17126 E BluetoothUtils: callingUser =10
07-05 17:15:42.236 17080 17092 D BluetoothUtils: callingUid =1001000
07-05 17:15:42.244 17080 17092 E BluetoothUtils: foregroundUser =0
07-05 17:15:42.245 17080 17092 E BluetoothUtils: callingUser =10
07-05 17:15:42.251 17080 17122 D BluetoothUtils: callingUid =1001000
07-05 17:15:42.263 17080 17122 E BluetoothUtils: foregroundUser =0
07-05 17:15:42.263 17080 17122 E BluetoothUtils: callingUser =10
07-05 17:15:42.269 17080 17122 D A2dpService: getA2DPService(): returning com.android.bluetooth.a2dp.A2dpService@6fe145d
07-05 17:15:42.269 17080 17122 I A2dpService: audio isMusicActive is false
07-05 17:15:42.270 17080 17122 I BluetoothAdapterService: setScanMode: prev mode: 23 new mode: 21
07-05 17:15:42.273 17080 17097 D BluetoothAdapterProperties: Discoverable Timeout:120
07-05 17:15:42.274 17080 17097 D BluetoothAdapterProperties: Scan Mode:21
07-05 17:15:42.275 17080 17105 E bt_l2cap: L2CAP - rcvd ACL for unknown handle:3804 ls:0 cid:663 opcode:21 cur count:0
07-05 17:15:42.275 17080 17105 E bt_l2cap: L2CAP - rcvd ACL for unknown handle:3804 ls:0 cid:408 opcode:21 cur count:0
07-05 17:15:42.275 17080 17105 E bt_l2cap: L2CAP - rcvd ACL for unknown handle:3804 ls:0 cid:153 opcode:21 cur count:0
07-05 17:15:42.296 17080 17105 E bt_l2cap: L2CAP - rcvd ACL for unknown handle:3804 ls:0 cid:154 opcode:21 cur count:0
07-05 17:15:42.296 17080 17105 E bt_l2cap: L2CAP - rcvd ACL for unknown handle:3804 ls:0 cid:155 opcode:21 cur count:0
07-05 17:15:42.303 17080 17105 E bt_btif : bte_scan_filt_param_cfg_evt, 23
07-05 17:15:42.536 17080 17110 D HeadsetStateMachine: Disconnected process message: 10, size: 0
07-05 17:15:42.605 17080 17105 W bt_btm  : btm_acl_role_changed: BDA: 1c-5f-ff-36-e7-23
07-05 17:15:42.605 17080 17105 W bt_btm  : btm_acl_role_changed: New role: 0
07-05 17:15:42.605 17080 17105 E bt_l2cap: L2CAP - rcvd ACL for unknown handle:3804 ls:0 cid:668 opcode:21 cur count:0
07-05 17:15:42.605 17080 17105 E bt_l2cap: L2CAP - rcvd ACL for unknown handle:3804 ls:0 cid:157 opcode:21 cur count:0
07-05 17:15:42.605 17080 17105 E bt_l2cap: L2CAP - rcvd ACL for unknown handle:3804 ls:0 cid:158 opcode:21 cur count:0
07-05 17:15:42.605 17080 17105 E bt_l2cap: L2CAP - rcvd ACL for unknown handle:3804 ls:0 cid:159 opcode:21 cur count:0
07-05 17:15:42.609 17080 17105 W bt_btm  : btm_acl_created hci_handle=2 link_role=1  transport=1
07-05 17:15:42.614 17080 17105 W bt_btm  : btm_acl_created hci_handle=2 link_role=0  transport=1
07-05 17:15:42.614 17080 17105 W bt_btif : bta_dm_acl_change info: 0x10
07-05 17:15:42.614 17080 17105 W bt_l2cap: L2CA_SetDesireRole() new:x0, disallow_switch:0
07-05 17:15:42.615 17080 17097 D bt_btif_dm: remote version info [1c:5f:ff:36:e7:23]: 0, 0, 0
07-05 17:15:42.617 17080 17097 E BluetoothRemoteDevices: state12newState0
07-05 17:15:42.618 17080 17097 D BluetoothRemoteDevices: aclStateChangeCallback: State:Connected to Device:1C:5F:FF:36:E7:23
07-05 17:15:42.640 17080 17105 E bt_l2cap: L2CAP - rcvd ACL for unknown handle:3804 ls:0 cid:160 opcode:21 cur count:0
07-05 17:15:42.640 17080 17105 W bt_btm  : btm_read_remote_version_complete: BDA: 1c-5f-ff-36-e7-23
07-05 17:15:42.640 17080 17105 W bt_btm  : btm_read_remote_version_complete lmp_version 8 manufacturer 29 lmp_subversion 2003
07-05 17:15:42.654 17080 17105 E BluetoothServiceJni: bool android::set_wake_alarm_callout(uint64_t, bool, alarm_cb, void*) setWakeAlarm failed:ret= 0 
07-05 17:15:42.693 17080 17105 W bt_l2cap: L2CAP - st: CLOSED evt: 10
07-05 17:15:42.694 17080 17105 W bt_l2cap: L2CAP - st: TERM_W4_SEC_COMP evt: 7
07-05 17:15:42.694 17080 17105 W bt_l2cap: L2CA_ErtmConnectRsp()  CID: 0x0042  Result: 0  Status: 0  BDA: 1c5fff36e723 p_ertm_info:0x00000000
07-05 17:15:42.694 17080 17105 W bt_l2cap: L2CAP - st: W4_L2CA_CON_RSP evt: 22
07-05 17:15:42.694 17080 17105 W bt_l2cap: L2CAP - st: CONFIG evt: 24
07-05 17:15:42.700 17080 17105 W bt_l2cap: L2CAP - st: CONFIG evt: 14
07-05 17:15:42.700 17080 17105 W bt_l2cap: L2CAP - st: CONFIG evt: 25
07-05 17:15:42.700 17080 17105 W bt_l2cap: L2CAP-Upper layer Config_Rsp,Local CID: 0x0042,Remote CID: 0x0044,PSM:1,our MTU present:1,our MTU:672
07-05 17:15:42.702 17080 17105 W bt_l2cap: L2CAP - st: CONFIG evt: 15
07-05 17:15:42.702 17080 17105 W bt_l2cap: L2CAP-peer_Config_Rsp,Local CID: 0x0042,Remote CID: 0x0044,PSM: 1,peer MTU present: 0,peer MTU: 672
07-05 17:15:42.713 17080 17105 W bt_l2cap: L2CA_DisconnectRsp()  CID: 0x0042
07-05 17:15:42.713 17080 17105 W bt_l2cap: L2CAP - st: W4_L2CA_DISC_RSP evt: 28
07-05 17:15:42.776 17080 17105 E bt_l2cap: L2CAP - rcvd ACL for unknown handle:3804 ls:0 cid:161 opcode:21 cur count:0
07-05 17:15:42.779 17080 17105 W bt_l2cap: L2CAP - st: CLOSED evt: 10
07-05 17:15:42.779 17080 17105 W bt_l2cap: L2CAP - st: TERM_W4_SEC_COMP evt: 7
07-05 17:15:42.779 17080 17105 W bt_l2cap: L2CA_ErtmConnectRsp()  CID: 0x0043  Result: 0  Status: 0  BDA: 1c5fff36e723 p_ertm_info:0xe9020f40
07-05 17:15:42.779 17080 17105 W bt_l2cap: L2CAP - st: W4_L2CA_CON_RSP evt: 22
07-05 17:15:42.779 17080 17105 W bt_l2cap: L2CAP - st: CONFIG evt: 24
07-05 17:15:42.786 17080 17105 W bt_l2cap: L2CAP - st: CONFIG evt: 14
07-05 17:15:42.786 17080 17105 W bt_l2cap: L2CAP - st: CONFIG evt: 25
07-05 17:15:42.786 17080 17105 W bt_l2cap: L2CAP-Upper layer Config_Rsp,Local CID: 0x0043,Remote CID: 0x0045,PSM:4099,our MTU present:1,our MTU:8087
07-05 17:15:42.786 17080 17105 W bt_l2cap: L2CAP - st: CONFIG evt: 15
07-05 17:15:42.786 17080 17105 W bt_l2cap: L2CAP-peer_Config_Rsp,Local CID: 0x0043,Remote CID: 0x0045,PSM: 4099,peer MTU present: 0,peer MTU: 8087
07-05 17:15:42.787 17080 17105 W bt_l2cap: L2CAP - L2CA_Register() called for PSM: 0x1003
07-05 17:15:42.787 17080 17105 W bt_l2cap: L2CA_SetDesireRole() new:x0, disallow_switch:0
07-05 17:15:42.787 17080 17105 W bt_btif : new conn_srvc id:26, app_id:1
07-05 17:15:42.787 17080 17105 W bt_btif : new conn_srvc id:26, app_id:1 count:1
07-05 17:15:42.787 17080 17105 W bt_btif : bta_dm_pm_ssr conn_srvc id:26, app_id:1
07-05 17:15:42.787 17080 17105 W bt_btif : bta_dm_pm_ssr: 2, lat:1200
07-05 17:15:42.787 17080 17136 D BluetoothOppL2capListener: Accepted connection from 1C:5F:FF:36:E7:23
07-05 17:15:42.787 17080 17136 V BluetoothOppL2capListener: Accepting connection...
07-05 17:15:42.788 17080 17080 D BtOppService: Get incoming connection
07-05 17:15:42.788 17080 17080 I BtOppService: Start Obex Server
07-05 17:15:42.788 17080 17080 D BtOppObexServer: Create ServerSession with transport com.android.bluetooth.BluetoothObexTransport@aa673fe
07-05 17:15:42.788 17080 17080 D BtOppService: Get ServerSession com.android.bluetooth.opp.BluetoothOppObexServerSession@4aaf75f for incoming connectioncom.android.bluetooth.BluetoothObexTransport@aa673fe
07-05 17:15:42.953 17080 20192 D BtOppObexServer: onConnect
07-05 17:15:42.953 17080 20192 V BluetoothOpp: Dumping HeaderSet javax.obex.HeaderSet@6a475ac
07-05 17:15:42.953 17080 20192 V BluetoothOpp: COUNT : 1
07-05 17:15:42.953 17080 17105 E BluetoothServiceJni: bool android::set_wake_alarm_callout(uint64_t, bool, alarm_cb, void*) setWakeAlarm failed:ret= 0 
07-05 17:15:42.954 17080 20192 V BluetoothOpp: NAME : null
07-05 17:15:42.954 17080 20192 V BluetoothOpp: TYPE : null
07-05 17:15:42.954 17080 20192 V BluetoothOpp: LENGTH : null
07-05 17:15:42.954 17080 20192 V BluetoothOpp: TIME_ISO_8601 : null
07-05 17:15:42.954 17080 20192 V BluetoothOpp: TIME_4_BYTE : null
07-05 17:15:42.954 17080 20192 V BluetoothOpp: DESCRIPTION : null
07-05 17:15:42.954 17080 20192 V BluetoothOpp: TARGET : null
07-05 17:15:42.954 17080 20192 V BluetoothOpp: HTTP : null
07-05 17:15:42.954 17080 20192 V BluetoothOpp: WHO : null
07-05 17:15:42.954 17080 20192 V BluetoothOpp: OBJECT_CLASS : null
07-05 17:15:42.954 17080 20192 V BluetoothOpp: APPLICATION_PARAMETER : null
07-05 17:15:42.954 17080 20192 V BtOppObexServer: onConnect(): uuid =null
07-05 17:15:42.956 17080 17105 E BluetoothServiceJni: bool android::set_wake_alarm_callout(uint64_t, bool, alarm_cb, void*) setWakeAlarm failed:ret= 0 
07-05 17:15:42.958 17080 17105 E BluetoothServiceJni: bool android::set_wake_alarm_callout(uint64_t, bool, alarm_cb, void*) setWakeAlarm failed:ret= 0 
07-05 17:15:42.960 17080 17105 E BluetoothServiceJni: bool android::set_wake_alarm_callout(uint64_t, bool, alarm_cb, void*) setWakeAlarm failed:ret= 0 
07-05 17:15:43.022 17080 17105 E BluetoothServiceJni: bool android::set_wake_alarm_callout(uint64_t, bool, alarm_cb, void*) setWakeAlarm failed:ret= 0 
07-05 17:15:43.043 17080 17105 E BluetoothServiceJni: bool android::set_wake_alarm_callout(uint64_t, bool, alarm_cb, void*) setWakeAlarm failed:ret= 0 
07-05 17:15:43.047 17080 17105 E BluetoothServiceJni: bool android::set_wake_alarm_callout(uint64_t, bool, alarm_cb, void*) setWakeAlarm failed:ret= 0 
07-05 17:15:43.050 17080 20192 D BtOppObexServer: onPut javax.obex.ServerOperation@ee8b275
07-05 17:15:43.050 17080 20192 V BluetoothOpp: Dumping HeaderSet javax.obex.HeaderSet@af1d20a
07-05 17:15:43.051 17080 20192 V BluetoothOpp: COUNT : null
07-05 17:15:43.051 17080 20192 V BluetoothOpp: NAME : Screenshot_2018-07-05-11-49-38.png
07-05 17:15:43.051 17080 20192 V BluetoothOpp: TYPE : image/png
07-05 17:15:43.051 17080 20192 V BluetoothOpp: LENGTH : 47689
07-05 17:15:43.051 17080 20192 V BluetoothOpp: TIME_ISO_8601 : null
07-05 17:15:43.051 17080 20192 V BluetoothOpp: TIME_4_BYTE : null
07-05 17:15:43.051 17080 20192 V BluetoothOpp: DESCRIPTION : null
07-05 17:15:43.051 17080 20192 V BluetoothOpp: TARGET : null
07-05 17:15:43.051 17080 20192 V BluetoothOpp: HTTP : null
07-05 17:15:43.051 17080 20192 V BluetoothOpp: WHO : null
07-05 17:15:43.051 17080 20192 V BluetoothOpp: OBJECT_CLASS : null
07-05 17:15:43.051 17080 20192 V BluetoothOpp: APPLICATION_PARAMETER : null
07-05 17:15:43.051 17080 20192 V BtOppObexServer: Mimetype guessed from extension png is image/png
07-05 17:15:43.055 17080 17080 V BtOppService: onStartCommand
07-05 17:15:43.055 17080 17080 V BtOppService: startListener
07-05 17:15:43.056 17080 17080 V BtOppService: Starting a new thread
07-05 17:15:43.058 17080 20193 V BtOppService: pendingUpdate is true keepUpdateThread is false sListenStarted is true
07-05 17:15:43.060 17080 20193 V BluetoothOppProvider: starting query, database is not null; projection is null; selection is null; selectionArgs is null; sort is _id.
07-05 17:15:43.079 17080 17080 V BtOppService: onStartCommand
07-05 17:15:43.079 17080 17080 V BtOppService: startListener
07-05 17:15:43.081 17080 17080 V BtOppService: ContentObserver received notification
07-05 17:15:43.081 17080 20193 V BluetoothOppProvider: created cursor android.database.sqlite.SQLiteCursor@4b1aa7b on behalf of 
07-05 17:15:43.083 17080 20192 D BtOppObexServer: acquire full WakeLock
07-05 17:15:43.089 17080 20192 V BtOppObexServer: insert contentUri: content://com.android.bluetooth.opp/btopp/8
07-05 17:15:43.090 17080 20192 V BtOppObexServer: mLocalShareInfoId = 8
07-05 17:15:43.090 17080 20192 V BtOppObexServer: acquire partial WakeLock
07-05 17:15:43.091 17080 17080 D BluetoothOppReceiver: Action :android.btopp.intent.action.INCOMING_FILE_NOTIFICATION
07-05 17:15:43.091 17080 17080 D BluetoothUtils: callingUid =1002
07-05 17:15:43.092 17080 17080 E BluetoothUtils: foregroundUser =0
07-05 17:15:43.092 17080 17080 E BluetoothUtils: callingUser =0
07-05 17:15:43.092 17080 17080 V BluetoothOppReceiver: android.btopp.intent.action.INCOMING_FILE_NOTIFICATION Intent received for active user
07-05 17:15:43.092 17080 17080 V BluetoothOppReceiver: Receiver INCOMING_FILE_NOTIFICATION
07-05 17:15:43.094 17080 20193 W BtOppService: updateShare() called for ID 7 with null URI
07-05 17:15:43.096 17080 20193 E BtOppService: insertShare found null URI at cursor!
07-05 17:15:43.096 17080 20193 V BtOppService: Service adding new entry
07-05 17:15:43.096 17080 20193 V BtOppService: ID      : 8
07-05 17:15:43.096 17080 20193 V BtOppService: URI     : null
07-05 17:15:43.096 17080 20193 V BtOppService: HINT    : Screenshot_2018-07-05-11-49-38.png
07-05 17:15:43.096 17080 20193 V BtOppService: FILENAME: null
07-05 17:15:43.096 17080 20193 V BtOppService: MIMETYPE: image/png
07-05 17:15:43.097 17080 20193 V BtOppService: DIRECTION: 1
07-05 17:15:43.097 17080 20193 V BtOppService: DESTINAT: 1C:5F:FF:36:E7:23
07-05 17:15:43.097 17080 20193 V BtOppService: VISIBILI: 0
07-05 17:15:43.097 17080 20193 V BtOppService: CONFIRM : 0
07-05 17:15:43.097 17080 20193 V BtOppService: STATUS  : 190
07-05 17:15:43.097 17080 20193 V BtOppService: TOTAL   : 47689
07-05 17:15:43.097 17080 20193 V BtOppService: CURRENT : 0
07-05 17:15:43.097 17080 20193 V BtOppService: TIMESTAMP : 1530782142954
07-05 17:15:43.097 17080 20193 V BtOppService: SCANNED : false
07-05 17:15:43.098 17080 20193 V BtOppBatch: New Batch created for info 8
07-05 17:15:43.098 17080 20193 V BtOppService: Service create new Batch 2 for INBOUND info 8
07-05 17:15:43.098 17080 20193 V BtOppService: Service start server transfer new Batch 2 for info 8
07-05 17:15:43.099 17080 20193 V BtOppTransfer: Create handler thread for batch 2
07-05 17:15:43.102 17080 20193 V BtOppTransfer: Start session for info 8 for batch 2
07-05 17:15:43.102 17080 20193 V BtOppTransfer: Transfer has Server sessioncom.android.bluetooth.opp.BluetoothOppObexServerSession@4aaf75f
07-05 17:15:43.102 17080 20193 D BtOppObexServer: Start!
07-05 17:15:43.102 17080 20193 V BtOppTransfer: processCurrentShare8
07-05 17:15:43.102 17080 20193 D BtOppObexServer: addShare for id 8
07-05 17:15:43.102 17080 20193 D BtOppObexServer: processShareInfo() 8
07-05 17:15:43.103 17080 20193 V BluetoothOppProvider: starting query, database is not null; projection[0] is hint; projection[1] is total_bytes; projection[2] is mimetype; selection is null; selectionArgs is null; sort is null.
07-05 17:15:43.106 17080 20193 V BluetoothOppProvider: created cursor android.database.sqlite.SQLiteCursor@fe304d6 on behalf of 
07-05 17:15:43.123 17080 20193 D BluetoothOpp: current user  1
07-05 17:15:43.123 17080 20193 D BluetoothOpp: current user  10, root /storage/emulated/10
07-05 17:15:43.125 17080 20193 V BluetoothOpp: getting filename from hint
07-05 17:15:43.125 17080 20193 I BluetoothOpp:  File Name Screenshot_2018-07-05-11-49-38
07-05 17:15:43.130 17080 20193 D BluetoothOpp: check canonical path  /storage/emulated/10/bluetooth, filename /storage/emulated/10/bluetooth/Screenshot_2018-07-05-11-49-38-1.png
07-05 17:15:43.130 17080 20193 V BluetoothOpp: Generated received filename /storage/emulated/10/bluetooth/Screenshot_2018-07-05-11-49-38-1.png
07-05 17:15:43.134 17080 20193 V BluetoothOpp: New display name Screenshot_2018-07-05-11-49-38-1.png
07-05 17:15:43.154 17080 17080 V BtOppService: ContentObserver received notification
07-05 17:15:43.155 17080 20193 V BtOppObexServer: Generate BluetoothOppReceiveFileInfo:
07-05 17:15:43.155 17080 20193 V BtOppObexServer: filename  :/storage/emulated/10/bluetooth/Screenshot_2018-07-05-11-49-38-1.png
07-05 17:15:43.155 17080 20193 V BtOppObexServer: length    :47689
07-05 17:15:43.155 17080 20193 V BtOppObexServer: status    :0
07-05 17:15:43.157 17080 20193 V BtOppTransfer: Registered mBluetoothReceiver
07-05 17:15:43.157 17080 20193 V BtOppService: Array update: inserting 8 @ 7
07-05 17:15:43.157 17080 20193 V BluetoothOppNotification: send message
07-05 17:15:43.158 17080 17080 V BluetoothOppNotification: new notify threadi!
07-05 17:15:43.158 17080 17080 V BluetoothOppNotification: send delay message
07-05 17:15:43.159 17080 20193 V BtOppService: pendingUpdate is true keepUpdateThread is true sListenStarted is true
07-05 17:15:43.160 17080 20195 V BluetoothOppProvider: starting query, database is not null; projection is null; selection is (status == '192') AND (visibility IS NULL OR visibility == '0') AND (confirm == '1' OR confirm == '2' OR confirm == '5'); selectionArgs is null; sort is _id.
07-05 17:15:43.160 17080 20193 V BluetoothOppProvider: starting query, database is not null; projection is null; selection is null; selectionArgs is null; sort is _id.
07-05 17:15:43.163 17080 20195 V BluetoothOppProvider: created cursor android.database.sqlite.SQLiteCursor@44dce44 on behalf of 
07-05 17:15:43.164 17080 20193 V BluetoothOppProvider: created cursor android.database.sqlite.SQLiteCursor@691bb2d on behalf of 
07-05 17:15:43.164 17080 20195 V BluetoothOppNotification: mUpdateCompleteNotification = true
07-05 17:15:43.166 17080 20195 V BluetoothOppNotification: ongoing transfer notification was removed
07-05 17:15:43.166 17080 20195 V BluetoothOppNotification: updateCompletedNotification, btTurningOff: false
07-05 17:15:43.167 17080 20195 V BluetoothOppProvider: starting query, database is not null; projection is null; selection is status >= '200' AND (visibility IS NULL OR visibility == '0') AND (confirm != '5') AND (direction == 0); selectionArgs is null; sort is timestamp DESC.
07-05 17:15:43.169 17080 20195 V BluetoothOppProvider: created cursor android.database.sqlite.SQLiteCursor@4e29862 on behalf of 
07-05 17:15:43.170 17080 20195 V BluetoothOppNotification: outbound: succ-0  fail-0
07-05 17:15:43.171 17080 20193 W BtOppService: updateShare() called for ID 7 with null URI
07-05 17:15:43.172 17080 20193 W BtOppService: updateShare() called for ID 8 with null URI
07-05 17:15:43.173 17080 20195 V BluetoothOppNotification: outbound notification was removed.
07-05 17:15:43.173 17080 20195 V BluetoothOppProvider: starting query, database is not null; projection is null; selection is status >= '200' AND (visibility IS NULL OR visibility == '0') AND (confirm != '5') AND (direction == 1); selectionArgs is null; sort is timestamp DESC.
07-05 17:15:43.174 17080 20193 V BtOppService: pendingUpdate is false keepUpdateThread is true sListenStarted is true
07-05 17:15:43.174 17080 20193 V BtOppService: ***returning from updatethread***
07-05 17:15:43.176 17080 20195 V BluetoothOppProvider: created cursor android.database.sqlite.SQLiteCursor@cb4edf3 on behalf of 
07-05 17:15:43.177 17080 20195 V BluetoothOppNotification: inbound: succ-0  fail-0
07-05 17:15:43.180 17080 20195 V BluetoothOppNotification: inbound notification was removed.
07-05 17:15:43.181 17080 20195 V BluetoothOppProvider: starting query, database is not null; projection is null; selection is confirm == '0' AND (visibility IS NULL OR visibility == '0'); selectionArgs is null; sort is _id.
07-05 17:15:43.184 17080 20195 V BluetoothOppProvider: created cursor android.database.sqlite.SQLiteCursor@67b8ab0 on behalf of 
07-05 17:15:43.246 17080 17096 E BluetoothServiceJni: bool android::set_wake_alarm_callout(uint64_t, bool, alarm_cb, void*) setWakeAlarm failed:ret= 0 
07-05 17:15:43.258 17080 17080 V BluetoothOppNotification: new notify threadi!
07-05 17:15:43.259 17080 17080 V BluetoothOppNotification: send delay message
07-05 17:15:43.261 17080 20206 V BluetoothOppProvider: starting query, database is not null; projection is null; selection is (status == '192') AND (visibility IS NULL OR visibility == '0') AND (confirm == '1' OR confirm == '2' OR confirm == '5'); selectionArgs is null; sort is _id.
07-05 17:15:43.263 17080 20206 V BluetoothOppProvider: created cursor android.database.sqlite.SQLiteCursor@afbdd29 on behalf of 
07-05 17:15:43.265 17080 20206 V BluetoothOppNotification: mUpdateCompleteNotification = true
07-05 17:15:43.267 17080 20206 V BluetoothOppNotification: ongoing transfer notification was removed
07-05 17:15:43.267 17080 20206 V BluetoothOppNotification: updateCompletedNotification, btTurningOff: false
07-05 17:15:43.268 17080 20206 V BluetoothOppProvider: starting query, database is not null; projection is null; selection is status >= '200' AND (visibility IS NULL OR visibility == '0') AND (confirm != '5') AND (direction == 0); selectionArgs is null; sort is timestamp DESC.
07-05 17:15:43.270 17080 20206 V BluetoothOppProvider: created cursor android.database.sqlite.SQLiteCursor@155d8ae on behalf of 
07-05 17:15:43.271 17080 20206 V BluetoothOppNotification: outbound: succ-0  fail-0
07-05 17:15:43.274 17080 20206 V BluetoothOppNotification: outbound notification was removed.
07-05 17:15:43.274 17080 20206 V BluetoothOppProvider: starting query, database is not null; projection is null; selection is status >= '200' AND (visibility IS NULL OR visibility == '0') AND (confirm != '5') AND (direction == 1); selectionArgs is null; sort is timestamp DESC.
07-05 17:15:43.276 17080 20206 V BluetoothOppProvider: created cursor android.database.sqlite.SQLiteCursor@e26764f on behalf of 
07-05 17:15:43.278 17080 20206 V BluetoothOppNotification: inbound: succ-0  fail-0
07-05 17:15:43.281 17080 20206 V BluetoothOppNotification: inbound notification was removed.
07-05 17:15:43.282 17080 20206 V BluetoothOppProvider: starting query, database is not null; projection is null; selection is confirm == '0' AND (visibility IS NULL OR visibility == '0'); selectionArgs is null; sort is _id.
07-05 17:15:43.284 17080 20206 V BluetoothOppProvider: created cursor android.database.sqlite.SQLiteCursor@e86a1dc on behalf of 
07-05 17:15:43.549 17080 17110 D HeadsetStateMachine: Disconnected process message: 10, size: 0
07-05 17:15:43.953 17080 17096 E BluetoothServiceJni: bool android::set_wake_alarm_callout(uint64_t, bool, alarm_cb, void*) setWakeAlarm failed:ret= 0 
07-05 17:15:44.094 17080 20192 V BtOppObexServer: MSG_CONNECT_TIMEOUT sent
07-05 17:15:44.559 17080 17110 D HeadsetStateMachine: Disconnected process message: 10, size: 0
07-05 17:15:45.563 17080 17110 D HeadsetStateMachine: Disconnected process message: 10, size: 0
07-05 17:15:45.616 17080 17096 E BluetoothServiceJni: bool android::set_wake_alarm_callout(uint64_t, bool, alarm_cb, void*) setWakeAlarm failed:ret= 0 
07-05 17:15:46.571 17080 17110 D HeadsetStateMachine: Disconnected process message: 10, size: 0
07-05 17:15:47.581 17080 17110 D HeadsetStateMachine: Disconnected process message: 10, size: 0
07-05 17:15:47.963 17080 17105 D bt_btm_pm: btm_pm_snd_md_req switching from ACTIVE to SNIFF.
07-05 17:15:47.972 17080 17105 D bt_btm_pm: btm_pm_proc_mode_change switched from ACTIVE to SNIFF.
07-05 17:15:47.979 17080 17105 E bt_l2cap: L2CAP - rcvd ACL for unknown handle:3804 ls:0 cid:6050 opcode:21 cur count:0
07-05 17:15:48.599 17080 17110 D HeadsetStateMachine: Disconnected process message: 10, size: 0
07-05 17:15:49.614 17080 17110 D HeadsetStateMachine: Disconnected process message: 10, size: 0
07-05 17:15:50.623 17080 17110 D HeadsetStateMachine: Disconnected process message: 10, size: 0
07-05 17:15:51.627 17080 17110 D HeadsetStateMachine: Disconnected process message: 10, size: 0
07-05 17:15:52.640 17080 17110 D HeadsetStateMachine: Disconnected process message: 10, size: 0
07-05 17:15:53.659 17080 17110 D HeadsetStateMachine: Disconnected process message: 10, size: 0
07-05 17:15:54.112 17080 17080 D HeadsetPhoneState: sendDeviceStateChanged. mService=1 mSignal=3 mRoam=0 mBatteryCharge=4
07-05 17:15:54.112 17080 17110 D HeadsetStateMachine: Disconnected process message: 11, size: 0
07-05 17:15:54.666 17080 17110 D HeadsetStateMachine: Disconnected process message: 10, size: 0
07-05 17:15:55.685 17080 17110 D HeadsetStateMachine: Disconnected process message: 10, size: 0
07-05 17:15:57.703 17080 17110 D HeadsetStateMachine: Disconnected process message: 10, size: 0
07-05 17:15:58.706 17080 17110 D HeadsetStateMachine: Disconnected process message: 10, size: 0
07-05 17:15:59.717 17080 17110 D HeadsetStateMachine: Disconnected process message: 10, size: 0
07-05 17:16:00.724 17080 17110 D HeadsetStateMachine: Disconnected process message: 10, size: 0
07-05 17:16:01.744 17080 17110 D HeadsetStateMachine: Disconnected process message: 10, size: 0
07-05 17:16:02.749 17080 17110 D HeadsetStateMachine: Disconnected process message: 10, size: 0
07-05 17:16:03.759 17080 17110 D HeadsetStateMachine: Disconnected process message: 10, size: 0
07-05 17:16:04.356 17080 17080 D HeadsetPhoneState: sendDeviceStateChanged. mService=1 mSignal=1 mRoam=0 mBatteryCharge=4
07-05 17:16:04.356 17080 17110 D HeadsetStateMachine: Disconnected process message: 11, size: 0
07-05 17:16:04.610 17080 17080 D HeadsetPhoneState: sendDeviceStateChanged. mService=1 mSignal=3 mRoam=0 mBatteryCharge=4
07-05 17:16:04.611 17080 17110 D HeadsetStateMachine: Disconnected process message: 11, size: 0
07-05 17:16:04.677 17080 17080 D HeadsetPhoneState: sendDeviceStateChanged. mService=1 mSignal=3 mRoam=0 mBatteryCharge=4
07-05 17:16:04.677 17080 17110 D HeadsetStateMachine: Disconnected process message: 11, size: 0
07-05 17:16:04.767 17080 17110 D HeadsetStateMachine: Disconnected process message: 10, size: 0
07-05 17:16:06.781 17080 17110 D HeadsetStateMachine: Disconnected process message: 10, size: 0
07-05 17:16:07.038 17080 17080 D HeadsetPhoneState: sendDeviceStateChanged. mService=1 mSignal=3 mRoam=0 mBatteryCharge=4
07-05 17:16:07.038 17080 17110 D HeadsetStateMachine: Disconnected process message: 11, size: 0
07-05 17:16:07.797 17080 17110 D HeadsetStateMachine: Disconnected process message: 10, size: 0
07-05 17:16:08.805 17080 17110 D HeadsetStateMachine: Disconnected process message: 10, size: 0
07-05 17:16:09.817 17080 17110 D HeadsetStateMachine: Disconnected process message: 10, size: 0
07-05 17:16:10.826 17080 17110 D HeadsetStateMachine: Disconnected process message: 10, size: 0
07-05 17:16:13.854 17080 17110 D HeadsetStateMachine: Disconnected process message: 10, size: 0
07-05 17:16:14.868 17080 17110 D HeadsetStateMachine: Disconnected process message: 10, size: 0
07-05 17:16:15.876 17080 17110 D HeadsetStateMachine: Disconnected process message: 10, size: 0
07-05 17:16:16.886 17080 17110 D HeadsetStateMachine: Disconnected process message: 10, size: 0
07-05 17:16:17.900 17080 17110 D HeadsetStateMachine: Disconnected process message: 10, size: 0
07-05 17:16:19.918 17080 17110 D HeadsetStateMachine: Disconnected process message: 10, size: 0
07-05 17:16:20.924 17080 17110 D HeadsetStateMachine: Disconnected process message: 10, size: 0
07-05 17:16:21.939 17080 17110 D HeadsetStateMachine: Disconnected process message: 10, size: 0
07-05 17:16:22.946 17080 17110 D HeadsetStateMachine: Disconnected process message: 10, size: 0
07-05 17:16:23.958 17080 17110 D HeadsetStateMachine: Disconnected process message: 10, size: 0
07-05 17:16:24.964 17080 17110 D HeadsetStateMachine: Disconnected process message: 10, size: 0
07-05 17:16:25.978 17080 17110 D HeadsetStateMachine: Disconnected process message: 10, size: 0
07-05 17:16:27.997 17080 17110 D HeadsetStateMachine: Disconnected process message: 10, size: 0
07-05 17:16:29.014 17080 17110 D HeadsetStateMachine: Disconnected process message: 10, size: 0
07-05 17:16:30.019 17080 17110 D HeadsetStateMachine: Disconnected process message: 10, size: 0
07-05 17:16:32.041 17080 17110 D HeadsetStateMachine: Disconnected process message: 10, size: 0
07-05 17:16:33.359 17080 17105 D bt_btm_pm: btm_pm_snd_md_req switching from SNIFF to ACTIVE.
07-05 17:16:33.367 17080 17105 W bt_l2cap: L2CA_DisconnectRsp()  CID: 0x0043
07-05 17:16:33.367 17080 17105 W bt_l2cap: L2CAP - st: W4_L2CA_DISC_RSP evt: 28
07-05 17:16:33.383 17080 17105 W bt_l2cap: L2CA_SetDesireRole() new:x0, disallow_switch:0
07-05 17:16:33.383 17080 17105 W bt_l2cap: L2CA_DisconnectReq()  CID: 0x0043
07-05 17:16:33.383 17080 17105 W bt_l2cap: L2CAP - no CCB for L2CA_disc_req, CID: 67
07-05 17:16:33.384 17080 17105 E bt_btif : SOCK_LIST: free(id = 4) - NO app_fd!
07-05 17:16:33.384 17080 17105 D bt_btm_pm: btm_pm_proc_mode_change switched from SNIFF to ACTIVE.
07-05 17:16:34.059 17080 17110 D HeadsetStateMachine: Disconnected process message: 10, size: 0
07-05 17:16:34.194 17080 20194 V BtOppTransfer: receive MSG_CONNECT_TIMEOUT for batch 2
07-05 17:16:34.241 17080 17080 V BtOppService: ContentObserver received notification
07-05 17:16:34.242 17080 17080 V BtOppService: Starting a new thread
07-05 17:16:34.244 17080 20347 V BtOppService: pendingUpdate is true keepUpdateThread is false sListenStarted is true
07-05 17:16:34.245 17080 20347 V BluetoothOppProvider: starting query, database is not null; projection is null; selection is null; selectionArgs is null; sort is _id.
07-05 17:16:34.247 17080 20347 V BluetoothOppProvider: created cursor android.database.sqlite.SQLiteCursor@baad1ba on behalf of 
07-05 17:16:34.255 17080 20347 W BtOppService: updateShare() called for ID 7 with null URI
07-05 17:16:34.256 17080 20347 W BtOppService: updateShare() called for ID 8 with null URI
07-05 17:16:34.256 17080 20347 V BtOppService: Service handle info 8 confirmation updated
07-05 17:16:34.256 17080 20347 V BtOppTransfer: confirmStatusChanged to unblock mSessioncom.android.bluetooth.opp.BluetoothOppObexServerSession@4aaf75f
07-05 17:16:34.257 17080 20347 V BluetoothOppNotification: send message
07-05 17:16:34.257 17080 17080 V BluetoothOppNotification: new notify threadi!
07-05 17:16:34.258 17080 20347 V BtOppService: pendingUpdate is false keepUpdateThread is true sListenStarted is true
07-05 17:16:34.259 17080 20347 V BtOppService: ***returning from updatethread***
07-05 17:16:34.259 17080 20192 D BtOppObexServer: Server unblocked 
07-05 17:16:34.259 17080 20192 V BtOppObexServer: after confirm: userAccepted=4
07-05 17:16:34.259 17080 20192 I BtOppObexServer: Rejected incoming request
07-05 17:16:34.259 17080 17080 V BluetoothOppNotification: send delay message
07-05 17:16:34.261 17080 20349 V BluetoothOppProvider: starting query, database is not null; projection is null; selection is (status == '192') AND (visibility IS NULL OR visibility == '0') AND (confirm == '1' OR confirm == '2' OR confirm == '5'); selectionArgs is null; sort is _id.
07-05 17:16:34.264 17080 20349 V BluetoothOppProvider: created cursor android.database.sqlite.SQLiteCursor@37e286b on behalf of 
07-05 17:16:34.277 17080 20349 V BluetoothOppNotification: mUpdateCompleteNotification = true
07-05 17:16:34.278 17080 17080 V BtOppService: ContentObserver received notification
07-05 17:16:34.279 17080 17080 V BtOppService: Starting a new thread
07-05 17:16:34.281 17080 20350 V BtOppService: pendingUpdate is true keepUpdateThread is false sListenStarted is true
07-05 17:16:34.281 17080 20349 V BluetoothOppNotification: ongoing transfer notification was removed
07-05 17:16:34.281 17080 20349 V BluetoothOppNotification: updateCompletedNotification, btTurningOff: false
07-05 17:16:34.282 17080 20194 V BtOppTransfer: receive MSG_SHARE_INTERRUPTED for batch 2
07-05 17:16:34.281 17080 20349 V BluetoothOppProvider: starting query, database is not null; projection is null; selection is status >= '200' AND (visibility IS NULL OR visibility == '0') AND (confirm != '5') AND (direction == 0); selectionArgs is null; sort is timestamp DESC.
07-05 17:16:34.282 17080 20192 D Obex ServerSession: Exception occured - ignoring
07-05 17:16:34.282 17080 20192 D Obex ServerSession: java.io.IOException: Broken pipe
07-05 17:16:34.282 17080 20192 D Obex ServerSession: 	at android.net.LocalSocketImpl.writeba_native(Native Method)
07-05 17:16:34.282 17080 20192 D Obex ServerSession: 	at android.net.LocalSocketImpl.access$600(LocalSocketImpl.java:33)
07-05 17:16:34.282 17080 20192 D Obex ServerSession: 	at android.net.LocalSocketImpl$SocketOutputStream.write(LocalSocketImpl.java:135)
07-05 17:16:34.282 17080 20192 D Obex ServerSession: 	at android.bluetooth.BluetoothSocket.write(BluetoothSocket.java:588)
07-05 17:16:34.282 17080 20192 D Obex ServerSession: 	at android.bluetooth.BluetoothOutputStream.write(BluetoothOutputStream.java:85)
07-05 17:16:34.282 17080 20192 D Obex ServerSession: 	at java.io.OutputStream.write(OutputStream.java:82)
07-05 17:16:34.282 17080 20192 D Obex ServerSession: 	at javax.obex.ServerSession.sendResponse(ServerSession.java:290)
07-05 17:16:34.282 17080 20192 D Obex ServerSession: 	at javax.obex.ServerSession.handlePutRequest(ServerSession.java:228)
07-05 17:16:34.282 17080 20192 D Obex ServerSession: 	at javax.obex.ServerSession.run(ServerSession.java:116)
07-05 17:16:34.282 17080 20192 D Obex ServerSession: 	at java.lang.Thread.run(Thread.java:818)
07-05 17:16:34.282 17080 20192 V BtOppObexServer: release WakeLock
07-05 17:16:34.284 17080 20349 V BluetoothOppProvider: created cursor android.database.sqlite.SQLiteCursor@ac9ffc8 on behalf of 
07-05 17:16:34.284 17080 17080 D BluetoothOppReceiver: Action :android.btopp.intent.action.TRANSFER_COMPLETE
