07-05 17:17:15.598 17080 17080 D BluetoothUtils: callingUid =1002
07-05 17:17:15.599 17080 17080 E BluetoothUtils: foregroundUser =0
07-05 17:17:15.599 17080 17080 E BluetoothUtils: callingUser =0
07-05 17:17:15.599 17080 17080 V BluetoothOppReceiver: android.btopp.intent.action.TRANSFER_COMPLETE Intent received for active user
07-05 17:17:15.599 17080 17080 V BluetoothOppReceiver: Receiver Transfer Complete Intent for content://com.android.bluetooth.opp/btopp/9
07-05 17:17:15.600 17080 17080 V BluetoothOppProvider: starting query, database is not null; projection is null; selection is null; selectionArgs is null; sort is null.
07-05 17:17:15.601 17080 17105 E BluetoothServiceJni: bool android::set_wake_alarm_callout(uint64_t, bool, alarm_cb, void*) setWakeAlarm failed:ret= 0 
07-05 17:17:15.602 17080 17080 V BluetoothOppProvider: created cursor android.database.sqlite.SQLiteCursor@bed9993 on behalf of 
07-05 17:17:15.604 17080 20434 W BtOppService: updateShare() called for ID 7 with null URI
07-05 17:17:15.605 17080 20434 W BtOppService: updateShare() called for ID 8 with null URI
07-05 17:17:15.606 17080 20434 W BtOppService: updateShare() called for ID 9 with null URI
07-05 17:17:15.606 17080 20434 D BtOppService: Scanning file /storage/emulated/10/bluetooth/Screenshot_2018-07-05-11-49-38-1.png
07-05 17:17:15.606 17080 20434 V BtOppService: Connecting to MediaScannerConnection 
07-05 17:17:15.607 17080 17080 V BluetoothOppUtility: Get data from db:/storage/emulated/10/bluetooth/Screenshot_2018-07-05-11-49-38-1.pngimage/png1C:5F:FF:36:E7:23
07-05 17:17:15.609 17080 17080 V BluetoothOppReceiver: Toast msg == /storage/emulated/10/bluetooth/Screenshot_2018-07-05-11-49-38-1.png
07-05 17:17:15.613 17080 20434 V BluetoothOppNotification: send message
07-05 17:17:15.615 17080 20434 V BtOppService: pendingUpdate is true keepUpdateThread is true sListenStarted is true
07-05 17:17:15.616 17080 17080 V BluetoothOppNotification: new notify threadi!
07-05 17:17:15.616 17080 17080 V BluetoothOppNotification: send delay message
07-05 17:17:15.617 17080 17080 V BtOppService: MediaScannerConnection onMediaScannerConnected
07-05 17:17:15.617 17080 20434 V BluetoothOppProvider: starting query, database is not null; projection is null; selection is null; selectionArgs is null; sort is _id.
07-05 17:17:15.619 17080 20435 V BluetoothOppProvider: starting query, database is not null; projection is null; selection is (status == '192') AND (visibility IS NULL OR visibility == '0') AND (confirm == '1' OR confirm == '2' OR confirm == '5'); selectionArgs is null; sort is _id.
07-05 17:17:15.621 17080 20434 V BluetoothOppProvider: created cursor android.database.sqlite.SQLiteCursor@bb881c9 on behalf of 
07-05 17:17:15.622 17080 20435 V BluetoothOppProvider: created cursor android.database.sqlite.SQLiteCursor@f90b0ce on behalf of 
07-05 17:17:15.624 17080 20435 V BluetoothOppNotification: mUpdateCompleteNotification = true
07-05 17:17:15.630 17080 20435 V BluetoothOppNotification: ongoing transfer notification was removed
07-05 17:17:15.630 17080 20435 V BluetoothOppNotification: updateCompletedNotification, btTurningOff: false
07-05 17:17:15.631 17080 20435 V BluetoothOppProvider: starting query, database is not null; projection is null; selection is status >= '200' AND (visibility IS NULL OR visibility == '0') AND (confirm != '5') AND (direction == 0); selectionArgs is null; sort is timestamp DESC.
07-05 17:17:15.633 17080 20434 W BtOppService: updateShare() called for ID 7 with null URI
07-05 17:17:15.634 17080 20435 V BluetoothOppProvider: created cursor android.database.sqlite.SQLiteCursor@3ce3bef on behalf of 
07-05 17:17:15.635 17080 20434 W BtOppService: updateShare() called for ID 8 with null URI
07-05 17:17:15.635 17080 20435 V BluetoothOppNotification: outbound: succ-0  fail-0
07-05 17:17:15.636 17080 20395 D BtOppObexServer: onDisconnect
07-05 17:17:15.638 17080 20434 W BtOppService: updateShare() called for ID 9 with null URI
07-05 17:17:15.639 17080 17105 E BluetoothServiceJni: bool android::set_wake_alarm_callout(uint64_t, bool, alarm_cb, void*) setWakeAlarm failed:ret= 0 
07-05 17:17:15.639 17080 20434 D BtOppService: Scanning file /storage/emulated/10/bluetooth/Screenshot_2018-07-05-11-49-38-1.png
07-05 17:17:15.641 17080 20435 V BluetoothOppNotification: outbound notification was removed.
07-05 17:17:15.641 17080 20435 V BluetoothOppProvider: starting query, database is not null; projection is null; selection is status >= '200' AND (visibility IS NULL OR visibility == '0') AND (confirm != '5') AND (direction == 1); selectionArgs is null; sort is timestamp DESC.
07-05 17:17:15.642 17080 17105 E BluetoothServiceJni: bool android::set_wake_alarm_callout(uint64_t, bool, alarm_cb, void*) setWakeAlarm failed:ret= 0 
07-05 17:17:15.644 17080 20435 V BluetoothOppProvider: created cursor android.database.sqlite.SQLiteCursor@eec86fc on behalf of 
07-05 17:17:15.646 17080 17105 E BluetoothServiceJni: bool android::set_wake_alarm_callout(uint64_t, bool, alarm_cb, void*) setWakeAlarm failed:ret= 0 
07-05 17:17:15.647 17080 20434 V BtOppService: pendingUpdate is false keepUpdateThread is true sListenStarted is true
07-05 17:17:15.647 17080 20434 V BtOppService: ***returning from updatethread***
07-05 17:17:15.648 17080 20435 V BluetoothOppNotification: inbound: succ-1  fail-1
07-05 17:17:15.655 17080 20435 V BluetoothOppProvider: starting query, database is not null; projection is null; selection is confirm == '0' AND (visibility IS NULL OR visibility == '0'); selectionArgs is null; sort is _id.
07-05 17:17:15.656 17080 20435 V BluetoothOppProvider: created cursor android.database.sqlite.SQLiteCursor@ebe7185 on behalf of 
07-05 17:17:15.680 17080 17105 W bt_l2cap: L2CA_DisconnectRsp()  CID: 0x0045
07-05 17:17:15.680 17080 17105 W bt_l2cap: L2CAP - st: W4_L2CA_DISC_RSP evt: 28
07-05 17:17:15.680 17080 17105 W bt_l2cap: L2CA_SetDesireRole() new:x0, disallow_switch:0
07-05 17:17:15.686 17080 17126 V BtOppService: MediaScannerConnection onScanCompleted
07-05 17:17:15.686 17080 17126 V BtOppService: MediaScannerConnection path is /storage/emulated/10/bluetooth/Screenshot_2018-07-05-11-49-38-1.png
07-05 17:17:15.686 17080 17126 V BtOppService: MediaScannerConnection Uri is content://media/external/images/media/349
07-05 17:17:15.686 17080 17126 V BtOppService: MediaScannerConnection disconnect
07-05 17:17:15.687 17080 17080 V BtOppService: Update mInfo.id 9 for data uri= content://media/external/images/media/349
07-05 17:17:15.688 17080 17105 W bt_l2cap: L2CA_DisconnectReq()  CID: 0x0045
07-05 17:17:15.688 17080 17105 W bt_l2cap: L2CAP - no CCB for L2CA_disc_req, CID: 69
07-05 17:17:15.688 17080 17105 E bt_btif : SOCK_LIST: free(id = 5) - NO app_fd!
07-05 17:17:15.688 17080 20395 V Obex ServerSession: Read request returned -1, exiting from loop
07-05 17:17:15.688 17080 20395 V BtOppObexServer: release WakeLock
07-05 17:17:15.694 17080 20397 V BtOppTransfer: Un Registered mBluetoothReceiver
07-05 17:17:15.694 17080 20397 V BtOppTransfer: receive MSG_SESSION_COMPLETE for batch 3
07-05 17:17:15.730 17080 17080 V BluetoothOppNotification: new notify threadi!
07-05 17:17:15.731 17080 17080 V BluetoothOppNotification: send delay message
07-05 17:17:15.731 17080 17080 V BtOppService: ContentObserver received notification
07-05 17:17:15.732 17080 17080 V BtOppService: Starting a new thread
07-05 17:17:15.732 17080 20436 V BluetoothOppProvider: starting query, database is not null; projection is null; selection is (status == '192') AND (visibility IS NULL OR visibility == '0') AND (confirm == '1' OR confirm == '2' OR confirm == '5'); selectionArgs is null; sort is _id.
07-05 17:17:15.732 17080 17080 V BtOppService: ContentObserver received notification
07-05 17:17:15.733 17080 20437 V BtOppService: pendingUpdate is true keepUpdateThread is false sListenStarted is true
07-05 17:17:15.734 17080 20436 V BluetoothOppProvider: created cursor android.database.sqlite.SQLiteCursor@f8b0bda on behalf of 
07-05 17:17:15.734 17080 20437 V BluetoothOppProvider: starting query, database is not null; projection is null; selection is null; selectionArgs is null; sort is _id.
07-05 17:17:15.735 17080 20436 V BluetoothOppNotification: mUpdateCompleteNotification = true
07-05 17:17:15.737 17080 20437 V BluetoothOppProvider: created cursor android.database.sqlite.SQLiteCursor@6ca80b on behalf of 
07-05 17:17:15.738 17080 20436 V BluetoothOppNotification: ongoing transfer notification was removed
07-05 17:17:15.738 17080 20436 V BluetoothOppNotification: updateCompletedNotification, btTurningOff: false
07-05 17:17:15.738 17080 20436 V BluetoothOppProvider: starting query, database is not null; projection is null; selection is status >= '200' AND (visibility IS NULL OR visibility == '0') AND (confirm != '5') AND (direction == 0); selectionArgs is null; sort is timestamp DESC.
07-05 17:17:15.740 17080 20436 V BluetoothOppProvider: created cursor android.database.sqlite.SQLiteCursor@cf916e8 on behalf of 
07-05 17:17:15.741 17080 20436 V BluetoothOppNotification: outbound: succ-0  fail-0
07-05 17:17:15.744 17080 20436 V BluetoothOppNotification: outbound notification was removed.
07-05 17:17:15.744 17080 20436 V BluetoothOppProvider: starting query, database is not null; projection is null; selection is status >= '200' AND (visibility IS NULL OR visibility == '0') AND (confirm != '5') AND (direction == 1); selectionArgs is null; sort is timestamp DESC.
07-05 17:17:15.745 17080 20437 W BtOppService: updateShare() called for ID 7 with null URI
07-05 17:17:15.746 17080 20437 W BtOppService: updateShare() called for ID 8 with null URI
07-05 17:17:15.747 17080 20436 V BluetoothOppProvider: created cursor android.database.sqlite.SQLiteCursor@a79a101 on behalf of 
07-05 17:17:15.747 17080 20437 W BtOppService: updateShare() called for ID 9 with null URI
07-05 17:17:15.748 17080 20437 V BtOppService: Batch 3 is finished
07-05 17:17:15.748 17080 20437 V BtOppService:  Stopping Inbound Transfer 
07-05 17:17:15.748 17080 20437 V BtOppTransfer: stop
07-05 17:17:15.748 17080 20437 V BtOppTransfer: Stop mSession
07-05 17:17:15.748 17080 20437 D BtOppObexServer: Stop!
07-05 17:17:15.748 17080 20437 V BtOppService: Remove batch 3
07-05 17:17:15.749 17080 20436 V BluetoothOppNotification: inbound: succ-1  fail-1
07-05 17:17:15.750 17080 20437 V BtOppService: pendingUpdate is false keepUpdateThread is true sListenStarted is true
07-05 17:17:15.750 17080 20437 V BtOppService: ***returning from updatethread***
07-05 17:17:15.757 17080 20436 V BluetoothOppProvider: starting query, database is not null; projection is null; selection is confirm == '0' AND (visibility IS NULL OR visibility == '0'); selectionArgs is null; sort is _id.
07-05 17:17:15.759 17080 20436 V BluetoothOppProvider: created cursor android.database.sqlite.SQLiteCursor@c9e0ba6 on behalf of 
07-05 17:17:15.831 17080 17080 V BluetoothOppNotification: new notify threadi!
07-05 17:17:15.832 17080 17080 V BluetoothOppNotification: send delay message
07-05 17:17:15.833 17080 20438 V BluetoothOppProvider: starting query, database is not null; projection is null; selection is (status == '192') AND (visibility IS NULL OR visibility == '0') AND (confirm == '1' OR confirm == '2' OR confirm == '5'); selectionArgs is null; sort is _id.
07-05 17:17:15.835 17080 20438 V BluetoothOppProvider: created cursor android.database.sqlite.SQLiteCursor@f3bb9e7 on behalf of 
07-05 17:17:15.836 17080 20438 V BluetoothOppNotification: mUpdateCompleteNotification = true
07-05 17:17:15.838 17080 20438 V BluetoothOppNotification: ongoing transfer notification was removed
07-05 17:17:15.838 17080 20438 V BluetoothOppNotification: updateCompletedNotification, btTurningOff: false
07-05 17:17:15.838 17080 20438 V BluetoothOppProvider: starting query, database is not null; projection is null; selection is status >= '200' AND (visibility IS NULL OR visibility == '0') AND (confirm != '5') AND (direction == 0); selectionArgs is null; sort is timestamp DESC.
07-05 17:17:15.840 17080 20438 V BluetoothOppProvider: created cursor android.database.sqlite.SQLiteCursor@ebcb994 on behalf of 
07-05 17:17:15.842 17080 20438 V BluetoothOppNotification: outbound: succ-0  fail-0
07-05 17:17:15.844 17080 20438 V BluetoothOppNotification: outbound notification was removed.
07-05 17:17:15.845 17080 20438 V BluetoothOppProvider: starting query, database is not null; projection is null; selection is status >= '200' AND (visibility IS NULL OR visibility == '0') AND (confirm != '5') AND (direction == 1); selectionArgs is null; sort is timestamp DESC.
07-05 17:17:15.847 17080 20438 V BluetoothOppProvider: created cursor android.database.sqlite.SQLiteCursor@35e4c3d on behalf of 
07-05 17:17:15.848 17080 20438 V BluetoothOppNotification: inbound: succ-1  fail-1
07-05 17:17:15.855 17080 20438 V BluetoothOppProvider: starting query, database is not null; projection is null; selection is confirm == '0' AND (visibility IS NULL OR visibility == '0'); selectionArgs is null; sort is _id.
07-05 17:17:15.857 17080 20438 V BluetoothOppProvider: created cursor android.database.sqlite.SQLiteCursor@e8f3c32 on behalf of 
07-05 17:17:16.486 17080 17110 D HeadsetStateMachine: Disconnected process message: 10, size: 0
07-05 17:17:17.494 17080 17110 D HeadsetStateMachine: Disconnected process message: 10, size: 0
07-05 17:17:18.502 17080 17110 D HeadsetStateMachine: Disconnected process message: 10, size: 0
07-05 17:17:19.516 17080 17110 D HeadsetStateMachine: Disconnected process message: 10, size: 0
07-05 17:17:19.722 17080 17105 I bt_btm_sec: btm_sec_disconnected clearing pending flag handle:3 reason:22
07-05 17:17:19.722 17080 17105 E bt_l2cap: L2CAP - rcvd ACL for unknown handle:3804 ls:0 cid:6574 opcode:21 cur count:0
07-05 17:17:19.723 17080 17105 W bt_l2cap: L2CA_SetDesireRole() new:x0, disallow_switch:0
07-05 17:17:19.723 17080 17105 E bt_l2cap: L2CAP - rcvd ACL for unknown handle:3804 ls:0 cid:175 opcode:21 cur count:0
07-05 17:17:19.723 17080 17105 E bt_l2cap: L2CAP - rcvd ACL for unknown handle:3804 ls:0 cid:176 opcode:21 cur count:0
07-05 17:17:19.723 17080 17105 E bt_l2cap: L2CAP - rcvd ACL for unknown handle:3804 ls:0 cid:177 opcode:21 cur count:0
07-05 17:17:19.724 17080 17097 E BluetoothRemoteDevices: state12newState1
07-05 17:17:19.724 17080 17097 D BluetoothRemoteDevices: aclStateChangeCallback: sending ACL disconnected intent
07-05 17:17:19.725 17080 17097 D BluetoothRemoteDevices: aclStateChangeCallback: State:DisConnected to Device:1C:5F:FF:36:E7:23
07-05 17:17:19.727 17080 17080 D BluetoothMapService: onReceive
07-05 17:17:19.727 17080 17080 D BluetoothMapService: onReceive: android.bluetooth.device.action.ACL_DISCONNECTED
07-05 17:17:19.732 17080 17080 V BluetoothPbapService: action: android.bluetooth.device.action.ACL_DISCONNECTED
07-05 17:17:19.738 17080 17080 V BluetoothFtpService: Ftp Service onStartCommand
07-05 17:17:19.738 17080 17080 V BluetoothFtpService: PARSE INTENT action: android.bluetooth.device.action.ACL_DISCONNECTED
07-05 17:17:19.744 17080 17080 D BluetoothDunService: parseIntent: action: android.bluetooth.device.action.ACL_DISCONNECTED
07-05 17:17:21.543 17080 17110 D HeadsetStateMachine: Disconnected process message: 10, size: 0
07-05 17:17:22.555 17080 17110 D HeadsetStateMachine: Disconnected process message: 10, size: 0
07-05 17:17:23.562 17080 17110 D HeadsetStateMachine: Disconnected process message: 10, size: 0
07-05 17:17:25.574 17080 17110 D HeadsetStateMachine: Disconnected process message: 10, size: 0
07-05 17:17:26.227 17080 17080 D BluetoothOppReceiver: Action :android.btopp.intent.action.OPEN_INBOUND
07-05 17:17:26.227 17080 17080 D BluetoothUtils: callingUid =1002
07-05 17:17:26.234 17080 17080 E BluetoothUtils: foregroundUser =0
07-05 17:17:26.234 17080 17080 E BluetoothUtils: callingUser =0
07-05 17:17:26.234 17080 17080 V BluetoothOppReceiver: android.btopp.intent.action.OPEN_INBOUND Intent received for active user
07-05 17:17:26.234 17080 17080 V BluetoothOppReceiver: Received ACTION_OPEN_INBOUND_TRANSFER.
07-05 17:17:26.269 17080 17080 E ActivityThread: Activity created===-1
07-05 17:17:26.288 17080 17080 V BoostFramework: BoostFramework() : mPerf = com.qualcomm.qti.Performance@9dda72c
07-05 17:17:26.288 17080 17080 V BoostFramework: BoostFramework() : mPerf = com.qualcomm.qti.Performance@457c5f5
07-05 17:17:26.293 17080 17080 V BluetoothOppProvider: starting query, database is not null; projection[0] is _id; projection[1] is hint; projection[2] is status; projection[3] is total_bytes; projection[4] is _data; projection[5] is timestamp; projection[6] is visibility; projection[7] is destination; projection[8] is direction; selection is status >= '200' AND (direction == 1) AND (visibility IS NULL OR visibility == '0'); selectionArgs is null; sort is timestamp DESC.
07-05 17:17:26.295 17080 17080 V BluetoothOppProvider: created cursor android.database.sqlite.SQLiteCursor@8ab15e2 on behalf of 
07-05 17:17:26.577 17080 17110 D HeadsetStateMachine: Disconnected process message: 10, size: 0
07-05 17:17:27.587 17080 17110 D HeadsetStateMachine: Disconnected process message: 10, size: 0
07-05 17:17:28.617 17080 17110 D HeadsetStateMachine: Disconnected process message: 10, size: 0
07-05 17:17:29.621 17080 17110 D HeadsetStateMachine: Disconnected process message: 10, size: 0
07-05 17:17:30.583 17080 17080 V BluetoothOppTransferHistory: onItemClick: ContextMenu = false
07-05 17:17:30.583 17080 17080 V BluetoothOppProvider: starting query, database is not null; projection is null; selection is null; selectionArgs is null; sort is null.
07-05 17:17:30.588 17080 17080 V BluetoothOppProvider: created cursor android.database.sqlite.SQLiteCursor@69aad1d on behalf of 
07-05 17:17:30.614 17080 17080 V BluetoothOppUtility: Get data from db:/storage/emulated/10/bluetooth/Screenshot_2018-07-05-11-49-38-1.pngimage/png1C:5F:FF:36:E7:23
07-05 17:17:30.650 17080 17080 D AndroidRuntime: Shutting down VM
07-05 17:17:30.651 17080 17080 E AndroidRuntime: FATAL EXCEPTION: main
07-05 17:17:30.651 17080 17080 E AndroidRuntime: Process: com.android.bluetooth, PID: 17080
07-05 17:17:30.651 17080 17080 E AndroidRuntime: java.lang.IllegalArgumentException: Failed to find configured root that contains /storage/emulated/10/bluetooth/Screenshot_2018-07-05-11-49-38-1.png
07-05 17:17:30.651 17080 17080 E AndroidRuntime: 	at android.support.v4.content.FileProvider$SimplePathStrategy.getUriForFile(FileProvider.java:678)
07-05 17:17:30.651 17080 17080 E AndroidRuntime: 	at android.support.v4.content.FileProvider.getUriForFile(FileProvider.java:377)
07-05 17:17:30.651 17080 17080 E AndroidRuntime: 	at com.android.bluetooth.opp.BluetoothOppUtility.openReceivedFile(BluetoothOppUtility.java:216)
07-05 17:17:30.651 17080 17080 E AndroidRuntime: 	at com.android.bluetooth.opp.BluetoothOppTransferHistory.openCompleteTransfer(BluetoothOppTransferHistory.java:299)
07-05 17:17:30.651 17080 17080 E AndroidRuntime: 	at com.android.bluetooth.opp.BluetoothOppTransferHistory.onItemClick(BluetoothOppTransferHistory.java:277)
07-05 17:17:30.651 17080 17080 E AndroidRuntime: 	at android.widget.AdapterView.performItemClick(AdapterView.java:310)
07-05 17:17:30.651 17080 17080 E AndroidRuntime: 	at android.widget.AbsListView.performItemClick(AbsListView.java:1145)
07-05 17:17:30.651 17080 17080 E AndroidRuntime: 	at android.widget.AbsListView$PerformClick.run(AbsListView.java:3066)
07-05 17:17:30.651 17080 17080 E AndroidRuntime: 	at android.widget.AbsListView$3.run(AbsListView.java:3903)
07-05 17:17:30.651 17080 17080 E AndroidRuntime: 	at android.os.Handler.handleCallback(Handler.java:739)
07-05 17:17:30.651 17080 17080 E AndroidRuntime: 	at android.os.Handler.dispatchMessage(Handler.java:95)
07-05 17:17:30.651 17080 17080 E AndroidRuntime: 	at android.os.Looper.loop(Looper.java:148)
07-05 17:17:30.651 17080 17080 E AndroidRuntime: 	at android.app.ActivityThread.main(ActivityThread.java:5478)
07-05 17:17:30.651 17080 17080 E AndroidRuntime: 	at java.lang.reflect.Method.invoke(Native Method)
07-05 17:17:30.651 17080 17080 E AndroidRuntime: 	at com.android.internal.os.ZygoteInit$MethodAndArgsCaller.run(ZygoteInit.java:726)
07-05 17:17:30.651 17080 17080 E AndroidRuntime: 	at com.android.internal.os.ZygoteInit.main(ZygoteInit.java:616)
07-05 17:17:30.693 17080 17080 I Process : Sending signal. PID: 17080 SIG: 9
07-05 17:17:30.891  1200  4361 I ActivityManager: Process com.android.bluetooth (pid 17080) has died
07-05 17:17:30.892  1200  4361 D ActivityManager: cleanUpApplicationRecord -- 17080
07-05 17:17:31.065  1200  3613 W InputMethodManagerService: Got RemoteException sending setActive(false) notification to pid 17080 uid 1002
