07-05 17:16:34.284 17080 20350 V BluetoothOppProvider: starting query, database is not null; projection is null; selection is null; selectionArgs is null; sort is _id.
07-05 17:16:34.284 17080 17080 D BluetoothUtils: callingUid =1002
07-05 17:16:34.285 17080 17080 E BluetoothUtils: foregroundUser =0
07-05 17:16:34.285 17080 17080 E BluetoothUtils: callingUser =0
07-05 17:16:34.285 17080 17080 V BluetoothOppReceiver: android.btopp.intent.action.TRANSFER_COMPLETE Intent received for active user
07-05 17:16:34.286 17080 17080 V BluetoothOppReceiver: Receiver Transfer Complete Intent for content://com.android.bluetooth.opp/btopp/8
07-05 17:16:34.286 17080 20349 V BluetoothOppNotification: outbound: succ-0  fail-0
07-05 17:16:34.286 17080 20194 V BtOppTransfer: Un Registered mBluetoothReceiver
07-05 17:16:34.286 17080 20194 V BtOppTransfer: receive MSG_SESSION_COMPLETE for batch 2
07-05 17:16:34.286 17080 17080 V BluetoothOppProvider: starting query, database is not null; projection is null; selection is null; selectionArgs is null; sort is null.
07-05 17:16:34.288 17080 20350 V BluetoothOppProvider: created cursor android.database.sqlite.SQLiteCursor@a10861 on behalf of 
07-05 17:16:34.289 17080 17080 V BluetoothOppProvider: created cursor android.database.sqlite.SQLiteCursor@1244f86 on behalf of 
07-05 17:16:34.290 17080 20349 V BluetoothOppNotification: outbound notification was removed.
07-05 17:16:34.290 17080 20349 V BluetoothOppProvider: starting query, database is not null; projection is null; selection is status >= '200' AND (visibility IS NULL OR visibility == '0') AND (confirm != '5') AND (direction == 1); selectionArgs is null; sort is timestamp DESC.
07-05 17:16:34.309 17080 20349 V BluetoothOppProvider: created cursor android.database.sqlite.SQLiteCursor@454e047 on behalf of 
07-05 17:16:34.310 17080 17080 V BluetoothOppUtility: Get data from db:Screenshot_2018-07-05-11-49-38-1.pngimage/png1C:5F:FF:36:E7:23
07-05 17:16:34.310 17080 20349 V BluetoothOppNotification: inbound: succ-0  fail-1
07-05 17:16:34.312 17080 17080 V BluetoothOppReceiver: Toast msg == 
07-05 17:16:34.316 17080 17080 V BtOppService: ContentObserver received notification
07-05 17:16:34.322 17080 20350 W BtOppService: updateShare() called for ID 7 with null URI
07-05 17:16:34.323 17080 20350 W BtOppService: updateShare() called for ID 8 with null URI
07-05 17:16:34.324 17080 20350 V BtOppService: Batch 2 is finished
07-05 17:16:34.324 17080 20350 V BtOppService:  Stopping Inbound Transfer 
07-05 17:16:34.324 17080 20350 V BtOppTransfer: stop
07-05 17:16:34.324 17080 20350 V BtOppTransfer: Stop mSession
07-05 17:16:34.324 17080 20350 D BtOppObexServer: Stop!
07-05 17:16:34.324 17080 20350 V BtOppService: Remove batch 2
07-05 17:16:34.327 17080 20350 V BtOppService: pendingUpdate is true keepUpdateThread is true sListenStarted is true
07-05 17:16:34.327 17080 20349 V BluetoothOppProvider: starting query, database is not null; projection is null; selection is confirm == '0' AND (visibility IS NULL OR visibility == '0'); selectionArgs is null; sort is _id.
07-05 17:16:34.329 17080 20350 V BluetoothOppProvider: starting query, database is not null; projection is null; selection is null; selectionArgs is null; sort is _id.
07-05 17:16:34.334 17080 20349 V BluetoothOppProvider: created cursor android.database.sqlite.SQLiteCursor@2635074 on behalf of 
07-05 17:16:34.339 17080 20350 V BluetoothOppProvider: created cursor android.database.sqlite.SQLiteCursor@484c99d on behalf of 
07-05 17:16:34.347 17080 20350 W BtOppService: updateShare() called for ID 7 with null URI
07-05 17:16:34.348 17080 20350 W BtOppService: updateShare() called for ID 8 with null URI
07-05 17:16:34.353 17080 20350 V BtOppService: pendingUpdate is false keepUpdateThread is true sListenStarted is true
07-05 17:16:34.353 17080 20350 V BtOppService: ***returning from updatethread***
07-05 17:16:34.373 17080 17080 V BluetoothOppNotification: new notify threadi!
07-05 17:16:34.373 17080 17080 V BluetoothOppNotification: send delay message
07-05 17:16:34.375 17080 20351 V BluetoothOppProvider: starting query, database is not null; projection is null; selection is (status == '192') AND (visibility IS NULL OR visibility == '0') AND (confirm == '1' OR confirm == '2' OR confirm == '5'); selectionArgs is null; sort is _id.
07-05 17:16:34.376 17080 20351 V BluetoothOppProvider: created cursor android.database.sqlite.SQLiteCursor@e65de12 on behalf of 
07-05 17:16:34.377 17080 20351 V BluetoothOppNotification: mUpdateCompleteNotification = true
07-05 17:16:34.380 17080 20351 V BluetoothOppNotification: ongoing transfer notification was removed
07-05 17:16:34.380 17080 20351 V BluetoothOppNotification: updateCompletedNotification, btTurningOff: false
07-05 17:16:34.380 17080 20351 V BluetoothOppProvider: starting query, database is not null; projection is null; selection is status >= '200' AND (visibility IS NULL OR visibility == '0') AND (confirm != '5') AND (direction == 0); selectionArgs is null; sort is timestamp DESC.
07-05 17:16:34.383 17080 20351 V BluetoothOppProvider: created cursor android.database.sqlite.SQLiteCursor@ef539e3 on behalf of 
07-05 17:16:34.384 17080 20351 V BluetoothOppNotification: outbound: succ-0  fail-0
07-05 17:16:34.387 17080 20351 V BluetoothOppNotification: outbound notification was removed.
07-05 17:16:34.388 17080 20351 V BluetoothOppProvider: starting query, database is not null; projection is null; selection is status >= '200' AND (visibility IS NULL OR visibility == '0') AND (confirm != '5') AND (direction == 1); selectionArgs is null; sort is timestamp DESC.
07-05 17:16:34.390 17080 20351 V BluetoothOppProvider: created cursor android.database.sqlite.SQLiteCursor@e9effe0 on behalf of 
07-05 17:16:34.391 17080 20351 V BluetoothOppNotification: inbound: succ-0  fail-1
07-05 17:16:34.402 17080 20351 V BluetoothOppProvider: starting query, database is not null; projection is null; selection is confirm == '0' AND (visibility IS NULL OR visibility == '0'); selectionArgs is null; sort is _id.
07-05 17:16:34.407 17080 20351 V BluetoothOppProvider: created cursor android.database.sqlite.SQLiteCursor@2e96299 on behalf of 
07-05 17:16:36.072 17080 17110 D HeadsetStateMachine: Disconnected process message: 10, size: 0
07-05 17:16:37.086 17080 17110 D HeadsetStateMachine: Disconnected process message: 10, size: 0
07-05 17:16:37.420 17080 17105 I bt_btm_sec: btm_sec_disconnected clearing pending flag handle:2 reason:22
07-05 17:16:37.420 17080 17105 E bt_l2cap: L2CAP - rcvd ACL for unknown handle:3804 ls:0 cid:8099 opcode:21 cur count:0
07-05 17:16:37.420 17080 17105 W bt_l2cap: L2CA_SetDesireRole() new:x0, disallow_switch:0
07-05 17:16:37.420 17080 17105 E bt_l2cap: L2CAP - rcvd ACL for unknown handle:3804 ls:0 cid:164 opcode:21 cur count:0
07-05 17:16:37.420 17080 17105 E bt_l2cap: L2CAP - rcvd ACL for unknown handle:3804 ls:0 cid:165 opcode:21 cur count:0
07-05 17:16:37.420 17080 17105 E bt_l2cap: L2CAP - rcvd ACL for unknown handle:3804 ls:0 cid:166 opcode:21 cur count:0
07-05 17:16:37.422 17080 17097 E BluetoothRemoteDevices: state12newState1
07-05 17:16:37.423 17080 17097 D BluetoothRemoteDevices: aclStateChangeCallback: sending ACL disconnected intent
07-05 17:16:37.423 17080 17097 D BluetoothRemoteDevices: aclStateChangeCallback: State:DisConnected to Device:1C:5F:FF:36:E7:23
07-05 17:16:37.427 17080 17080 D BluetoothMapService: onReceive
07-05 17:16:37.427 17080 17080 D BluetoothMapService: onReceive: android.bluetooth.device.action.ACL_DISCONNECTED
07-05 17:16:37.430 17080 17080 V BluetoothPbapService: action: android.bluetooth.device.action.ACL_DISCONNECTED
07-05 17:16:37.436 17080 17080 V BluetoothFtpService: Ftp Service onStartCommand
07-05 17:16:37.436 17080 17080 V BluetoothFtpService: PARSE INTENT action: android.bluetooth.device.action.ACL_DISCONNECTED
07-05 17:16:37.441 17080 17080 D BluetoothDunService: parseIntent: action: android.bluetooth.device.action.ACL_DISCONNECTED
07-05 17:16:38.099 17080 17110 D HeadsetStateMachine: Disconnected process message: 10, size: 0
07-05 17:16:39.105 17080 17110 D HeadsetStateMachine: Disconnected process message: 10, size: 0
07-05 17:16:40.111 17080 17110 D HeadsetStateMachine: Disconnected process message: 10, size: 0
07-05 17:16:41.129 17080 17110 D HeadsetStateMachine: Disconnected process message: 10, size: 0
07-05 17:16:42.140 17080 17110 D HeadsetStateMachine: Disconnected process message: 10, size: 0
07-05 17:16:45.167 17080 17110 D HeadsetStateMachine: Disconnected process message: 10, size: 0
07-05 17:16:46.180 17080 17110 D HeadsetStateMachine: Disconnected process message: 10, size: 0
07-05 17:16:47.194 17080 17110 D HeadsetStateMachine: Disconnected process message: 10, size: 0
07-05 17:16:49.216 17080 17110 D HeadsetStateMachine: Disconnected process message: 10, size: 0
07-05 17:16:50.215 17080 17110 D HeadsetStateMachine: Disconnected process message: 10, size: 0
07-05 17:16:51.222 17080 17110 D HeadsetStateMachine: Disconnected process message: 10, size: 0
07-05 17:16:52.232 17080 17110 D HeadsetStateMachine: Disconnected process message: 10, size: 0
07-05 17:16:53.244 17080 17110 D HeadsetStateMachine: Disconnected process message: 10, size: 0
07-05 17:16:54.258 17080 17110 D HeadsetStateMachine: Disconnected process message: 10, size: 0
07-05 17:16:55.032 17080 17080 D BluetoothOppReceiver: Action :android.btopp.intent.action.OPEN_INBOUND
07-05 17:16:55.032 17080 17080 D BluetoothUtils: callingUid =1002
07-05 17:16:55.038 17080 17080 E BluetoothUtils: foregroundUser =0
07-05 17:16:55.038 17080 17080 E BluetoothUtils: callingUser =0
07-05 17:16:55.038 17080 17080 V BluetoothOppReceiver: android.btopp.intent.action.OPEN_INBOUND Intent received for active user
07-05 17:16:55.038 17080 17080 V BluetoothOppReceiver: Received ACTION_OPEN_INBOUND_TRANSFER.
07-05 17:16:55.092 17080 17080 E ActivityThread: Activity created===-1
07-05 17:16:55.104 17080 17080 V BoostFramework: BoostFramework() : mPerf = com.qualcomm.qti.Performance@e1e025b
07-05 17:16:55.105 17080 17080 V BoostFramework: BoostFramework() : mPerf = com.qualcomm.qti.Performance@4e0eaf8
07-05 17:16:55.110 17080 17080 V BluetoothOppProvider: starting query, database is not null; projection[0] is _id; projection[1] is hint; projection[2] is status; projection[3] is total_bytes; projection[4] is _data; projection[5] is timestamp; projection[6] is visibility; projection[7] is destination; projection[8] is direction; selection is status >= '200' AND (direction == 1) AND (visibility IS NULL OR visibility == '0'); selectionArgs is null; sort is timestamp DESC.
07-05 17:16:55.122 17080 17080 V BluetoothOppProvider: created cursor android.database.sqlite.SQLiteCursor@750540d on behalf of 
07-05 17:16:55.273 17080 17110 D HeadsetStateMachine: Disconnected process message: 10, size: 0
07-05 17:16:56.280 17080 17110 D HeadsetStateMachine: Disconnected process message: 10, size: 0
07-05 17:16:56.942 17080 17080 I art     : Starting a blocking GC Explicit
07-05 17:16:56.968 17080 17080 I art     : Explicit concurrent mark sweep GC freed 66735(3MB) AllocSpace objects, 1(40KB) LOS objects, 49% free, 8MB/16MB, paused 224us total 24.175ms
07-05 17:16:56.975 17080 17080 I art     : Starting a blocking GC Explicit
07-05 17:16:56.990 17080 17080 I art     : Explicit concurrent mark sweep GC freed 5390(323KB) AllocSpace objects, 3(64KB) LOS objects, 50% free, 7MB/15MB, paused 211us total 14.549ms
07-05 17:16:56.990 17080 17080 I art     : Starting a blocking GC Explicit
07-05 17:16:56.999 17080 17080 I art     : Explicit concurrent mark sweep GC freed 1(32B) AllocSpace objects, 0(0B) LOS objects, 50% free, 7MB/15MB, paused 422us total 8.810ms
07-05 17:16:57.287 17080 17110 D HeadsetStateMachine: Disconnected process message: 10, size: 0
07-05 17:16:58.118 17080 17080 D HeadsetPhoneState: sendDeviceStateChanged. mService=1 mSignal=4 mRoam=0 mBatteryCharge=4
07-05 17:16:58.118 17080 17110 D HeadsetStateMachine: Disconnected process message: 11, size: 0
07-05 17:16:58.299 17080 17110 D HeadsetStateMachine: Disconnected process message: 10, size: 0
07-05 17:17:00.322 17080 17110 D HeadsetStateMachine: Disconnected process message: 10, size: 0
07-05 17:17:01.331 17080 17110 D HeadsetStateMachine: Disconnected process message: 10, size: 0
07-05 17:17:02.347 17080 17110 D HeadsetStateMachine: Disconnected process message: 10, size: 0
07-05 17:17:03.354 17080 17110 D HeadsetStateMachine: Disconnected process message: 10, size: 0
07-05 17:17:04.363 17080 17110 D HeadsetStateMachine: Disconnected process message: 10, size: 0
07-05 17:17:05.373 17080 17110 D HeadsetStateMachine: Disconnected process message: 10, size: 0
07-05 17:17:07.393 17080 17110 D HeadsetStateMachine: Disconnected process message: 10, size: 0
07-05 17:17:08.965 17080 17105 W bt_btm  : btm_acl_role_changed: BDA: 1c-5f-ff-36-e7-23
07-05 17:17:08.965 17080 17105 W bt_btm  : btm_acl_role_changed: New role: 0
07-05 17:17:08.966 17080 17105 E bt_l2cap: L2CAP - rcvd ACL for unknown handle:3804 ls:0 cid:935 opcode:21 cur count:0
07-05 17:17:08.966 17080 17105 E bt_l2cap: L2CAP - rcvd ACL for unknown handle:3804 ls:0 cid:168 opcode:21 cur count:0
07-05 17:17:08.967 17080 17105 E bt_l2cap: L2CAP - rcvd ACL for unknown handle:3804 ls:0 cid:169 opcode:21 cur count:0
07-05 17:17:08.967 17080 17105 E bt_l2cap: L2CAP - rcvd ACL for unknown handle:3804 ls:0 cid:170 opcode:21 cur count:0
07-05 17:17:08.969 17080 17105 W bt_btm  : btm_acl_created hci_handle=3 link_role=1  transport=1
07-05 17:17:08.979 17080 17105 W bt_btm  : btm_acl_created hci_handle=3 link_role=0  transport=1
07-05 17:17:08.979 17080 17105 W bt_btif : bta_dm_acl_change info: 0x10
07-05 17:17:08.980 17080 17105 W bt_l2cap: L2CA_SetDesireRole() new:x0, disallow_switch:0
07-05 17:17:08.980 17080 17097 D bt_btif_dm: remote version info [1c:5f:ff:36:e7:23]: 0, 0, 0
07-05 17:17:08.985 17080 17097 E BluetoothRemoteDevices: state12newState0
07-05 17:17:08.985 17080 17097 D BluetoothRemoteDevices: aclStateChangeCallback: State:Connected to Device:1C:5F:FF:36:E7:23
07-05 17:17:09.009 17080 17105 E bt_l2cap: L2CAP - rcvd ACL for unknown handle:3804 ls:0 cid:171 opcode:21 cur count:0
07-05 17:17:09.009 17080 17105 W bt_btm  : btm_read_remote_version_complete: BDA: 1c-5f-ff-36-e7-23
07-05 17:17:09.009 17080 17105 W bt_btm  : btm_read_remote_version_complete lmp_version 8 manufacturer 29 lmp_subversion 2003
07-05 17:17:09.021 17080 17105 E BluetoothServiceJni: bool android::set_wake_alarm_callout(uint64_t, bool, alarm_cb, void*) setWakeAlarm failed:ret= 0 
07-05 17:17:09.028 17080 17105 W bt_l2cap: L2CAP - st: CLOSED evt: 10
07-05 17:17:09.028 17080 17105 W bt_l2cap: L2CAP - st: TERM_W4_SEC_COMP evt: 7
07-05 17:17:09.028 17080 17105 W bt_l2cap: L2CA_ErtmConnectRsp()  CID: 0x0044  Result: 0  Status: 0  BDA: 1c5fff36e723 p_ertm_info:0x00000000
07-05 17:17:09.028 17080 17105 W bt_l2cap: L2CAP - st: W4_L2CA_CON_RSP evt: 22
07-05 17:17:09.028 17080 17105 W bt_l2cap: L2CAP - st: CONFIG evt: 24
07-05 17:17:09.034 17080 17105 W bt_l2cap: L2CAP - st: CONFIG evt: 14
07-05 17:17:09.034 17080 17105 W bt_l2cap: L2CAP - st: CONFIG evt: 25
07-05 17:17:09.034 17080 17105 W bt_l2cap: L2CAP-Upper layer Config_Rsp,Local CID: 0x0044,Remote CID: 0x0046,PSM:1,our MTU present:1,our MTU:672
07-05 17:17:09.034 17080 17105 W bt_l2cap: L2CAP - st: CONFIG evt: 15
07-05 17:17:09.034 17080 17105 W bt_l2cap: L2CAP-peer_Config_Rsp,Local CID: 0x0044,Remote CID: 0x0046,PSM: 1,peer MTU present: 0,peer MTU: 672
07-05 17:17:09.046 17080 17105 W bt_l2cap: L2CA_DisconnectRsp()  CID: 0x0044
07-05 17:17:09.046 17080 17105 W bt_l2cap: L2CAP - st: W4_L2CA_DISC_RSP evt: 28
07-05 17:17:09.138 17080 17105 E bt_l2cap: L2CAP - rcvd ACL for unknown handle:3804 ls:0 cid:172 opcode:21 cur count:0
07-05 17:17:09.139 17080 17105 W bt_l2cap: L2CAP - st: CLOSED evt: 10
07-05 17:17:09.139 17080 17105 W bt_l2cap: L2CAP - st: TERM_W4_SEC_COMP evt: 7
07-05 17:17:09.139 17080 17105 W bt_l2cap: L2CA_ErtmConnectRsp()  CID: 0x0045  Result: 0  Status: 0  BDA: 1c5fff36e723 p_ertm_info:0xe9020e30
07-05 17:17:09.139 17080 17105 W bt_l2cap: L2CAP - st: W4_L2CA_CON_RSP evt: 22
07-05 17:17:09.139 17080 17105 W bt_l2cap: L2CAP - st: CONFIG evt: 24
07-05 17:17:09.147 17080 17105 W bt_l2cap: L2CAP - st: CONFIG evt: 14
07-05 17:17:09.147 17080 17105 W bt_l2cap: L2CAP - st: CONFIG evt: 25
07-05 17:17:09.147 17080 17105 W bt_l2cap: L2CAP-Upper layer Config_Rsp,Local CID: 0x0045,Remote CID: 0x0047,PSM:4099,our MTU present:1,our MTU:8087
07-05 17:17:09.150 17080 17105 W bt_l2cap: L2CAP - st: CONFIG evt: 15
07-05 17:17:09.150 17080 17105 W bt_l2cap: L2CAP-peer_Config_Rsp,Local CID: 0x0045,Remote CID: 0x0047,PSM: 4099,peer MTU present: 0,peer MTU: 8087
07-05 17:17:09.151 17080 17105 W bt_l2cap: L2CAP - L2CA_Register() called for PSM: 0x1003
07-05 17:17:09.151 17080 17105 W bt_l2cap: L2CA_SetDesireRole() new:x0, disallow_switch:0
07-05 17:17:09.151 17080 17105 W bt_btif : new conn_srvc id:26, app_id:1
07-05 17:17:09.151 17080 17105 W bt_btif : new conn_srvc id:26, app_id:1 count:1
07-05 17:17:09.151 17080 17105 W bt_btif : bta_dm_pm_ssr conn_srvc id:26, app_id:1
07-05 17:17:09.152 17080 17105 W bt_btif : bta_dm_pm_ssr: 2, lat:1200
07-05 17:17:09.153 17080 17136 D BluetoothOppL2capListener: Accepted connection from 1C:5F:FF:36:E7:23
07-05 17:17:09.153 17080 17136 V BluetoothOppL2capListener: Accepting connection...
07-05 17:17:09.153 17080 17080 D BtOppService: Get incoming connection
07-05 17:17:09.153 17080 17080 I BtOppService: Start Obex Server
07-05 17:17:09.153 17080 17080 D BtOppObexServer: Create ServerSession with transport com.android.bluetooth.BluetoothObexTransport@9e10228
07-05 17:17:09.155 17080 17080 D BtOppService: Get ServerSession com.android.bluetooth.opp.BluetoothOppObexServerSession@6664b41 for incoming connectioncom.android.bluetooth.BluetoothObexTransport@9e10228
07-05 17:17:09.320 17080 20395 D BtOppObexServer: onConnect
07-05 17:17:09.320 17080 20395 V BluetoothOpp: Dumping HeaderSet javax.obex.HeaderSet@9c208e6
07-05 17:17:09.320 17080 20395 V BluetoothOpp: COUNT : 1
07-05 17:17:09.320 17080 20395 V BluetoothOpp: NAME : null
07-05 17:17:09.320 17080 20395 V BluetoothOpp: TYPE : null
07-05 17:17:09.320 17080 20395 V BluetoothOpp: LENGTH : null
07-05 17:17:09.320 17080 20395 V BluetoothOpp: TIME_ISO_8601 : null
07-05 17:17:09.320 17080 20395 V BluetoothOpp: TIME_4_BYTE : null
07-05 17:17:09.320 17080 20395 V BluetoothOpp: DESCRIPTION : null
07-05 17:17:09.320 17080 20395 V BluetoothOpp: TARGET : null
07-05 17:17:09.320 17080 20395 V BluetoothOpp: HTTP : null
07-05 17:17:09.320 17080 20395 V BluetoothOpp: WHO : null
07-05 17:17:09.320 17080 20395 V BluetoothOpp: OBJECT_CLASS : null
07-05 17:17:09.320 17080 20395 V BluetoothOpp: APPLICATION_PARAMETER : null
07-05 17:17:09.320 17080 20395 V BtOppObexServer: onConnect(): uuid =null
07-05 17:17:09.322 17080 17105 E BluetoothServiceJni: bool android::set_wake_alarm_callout(uint64_t, bool, alarm_cb, void*) setWakeAlarm failed:ret= 0 
07-05 17:17:09.325 17080 17105 E BluetoothServiceJni: bool android::set_wake_alarm_callout(uint64_t, bool, alarm_cb, void*) setWakeAlarm failed:ret= 0 
07-05 17:17:09.327 17080 17105 E BluetoothServiceJni: bool android::set_wake_alarm_callout(uint64_t, bool, alarm_cb, void*) setWakeAlarm failed:ret= 0 
07-05 17:17:09.331 17080 17105 E BluetoothServiceJni: bool android::set_wake_alarm_callout(uint64_t, bool, alarm_cb, void*) setWakeAlarm failed:ret= 0 
07-05 17:17:09.395 17080 17105 E BluetoothServiceJni: bool android::set_wake_alarm_callout(uint64_t, bool, alarm_cb, void*) setWakeAlarm failed:ret= 0 
07-05 17:17:09.414 17080 17110 D HeadsetStateMachine: Disconnected process message: 10, size: 0
07-05 17:17:09.414 17080 17105 E BluetoothServiceJni: bool android::set_wake_alarm_callout(uint64_t, bool, alarm_cb, void*) setWakeAlarm failed:ret= 0 
07-05 17:17:09.417 17080 17105 E BluetoothServiceJni: bool android::set_wake_alarm_callout(uint64_t, bool, alarm_cb, void*) setWakeAlarm failed:ret= 0 
07-05 17:17:09.422 17080 20395 D BtOppObexServer: onPut javax.obex.ServerOperation@e380e27
07-05 17:17:09.422 17080 20395 V BluetoothOpp: Dumping HeaderSet javax.obex.HeaderSet@b5818d4
07-05 17:17:09.422 17080 20395 V BluetoothOpp: COUNT : null
07-05 17:17:09.422 17080 20395 V BluetoothOpp: NAME : Screenshot_2018-07-05-11-49-38.png
07-05 17:17:09.422 17080 20395 V BluetoothOpp: TYPE : image/png
07-05 17:17:09.422 17080 20395 V BluetoothOpp: LENGTH : 47689
07-05 17:17:09.422 17080 20395 V BluetoothOpp: TIME_ISO_8601 : null
07-05 17:17:09.422 17080 20395 V BluetoothOpp: TIME_4_BYTE : null
07-05 17:17:09.422 17080 20395 V BluetoothOpp: DESCRIPTION : null
07-05 17:17:09.423 17080 20395 V BluetoothOpp: TARGET : null
07-05 17:17:09.423 17080 20395 V BluetoothOpp: HTTP : null
07-05 17:17:09.423 17080 20395 V BluetoothOpp: WHO : null
07-05 17:17:09.423 17080 20395 V BluetoothOpp: OBJECT_CLASS : null
07-05 17:17:09.423 17080 20395 V BluetoothOpp: APPLICATION_PARAMETER : null
07-05 17:17:09.423 17080 20395 V BtOppObexServer: Mimetype guessed from extension png is image/png
07-05 17:17:09.426 17080 17080 V BtOppService: onStartCommand
07-05 17:17:09.426 17080 17080 V BtOppService: startListener
07-05 17:17:09.427 17080 17080 V BtOppService: Starting a new thread
07-05 17:17:09.428 17080 20396 V BtOppService: pendingUpdate is true keepUpdateThread is false sListenStarted is true
07-05 17:17:09.429 17080 20396 V BluetoothOppProvider: starting query, database is not null; projection is null; selection is null; selectionArgs is null; sort is _id.
07-05 17:17:09.449 17080 17080 V BtOppService: onStartCommand
07-05 17:17:09.449 17080 17080 V BtOppService: startListener
07-05 17:17:09.450 17080 20396 V BluetoothOppProvider: created cursor android.database.sqlite.SQLiteCursor@40b5a7d on behalf of 
07-05 17:17:09.451 17080 20395 D BtOppObexServer: acquire full WakeLock
07-05 17:17:09.452 17080 17080 V BtOppService: ContentObserver received notification
07-05 17:17:09.455 17080 20395 V BtOppObexServer: insert contentUri: content://com.android.bluetooth.opp/btopp/9
07-05 17:17:09.455 17080 20395 V BtOppObexServer: mLocalShareInfoId = 9
07-05 17:17:09.455 17080 20395 V BtOppObexServer: acquire partial WakeLock
07-05 17:17:09.456 17080 17080 D BluetoothOppReceiver: Action :android.btopp.intent.action.INCOMING_FILE_NOTIFICATION
07-05 17:17:09.456 17080 17080 D BluetoothUtils: callingUid =1002
07-05 17:17:09.457 17080 17080 E BluetoothUtils: foregroundUser =0
07-05 17:17:09.457 17080 17080 E BluetoothUtils: callingUser =0
07-05 17:17:09.457 17080 17080 V BluetoothOppReceiver: android.btopp.intent.action.INCOMING_FILE_NOTIFICATION Intent received for active user
07-05 17:17:09.457 17080 17080 V BluetoothOppReceiver: Receiver INCOMING_FILE_NOTIFICATION
07-05 17:17:09.460 17080 20396 W BtOppService: updateShare() called for ID 7 with null URI
07-05 17:17:09.462 17080 20396 W BtOppService: updateShare() called for ID 8 with null URI
07-05 17:17:09.464 17080 20396 E BtOppService: insertShare found null URI at cursor!
07-05 17:17:09.465 17080 20396 V BtOppService: Service adding new entry
07-05 17:17:09.465 17080 20396 V BtOppService: ID      : 9
07-05 17:17:09.465 17080 20396 V BtOppService: URI     : null
07-05 17:17:09.465 17080 20396 V BtOppService: HINT    : Screenshot_2018-07-05-11-49-38.png
07-05 17:17:09.465 17080 20396 V BtOppService: FILENAME: null
07-05 17:17:09.465 17080 20396 V BtOppService: MIMETYPE: image/png
07-05 17:17:09.465 17080 20396 V BtOppService: DIRECTION: 1
07-05 17:17:09.465 17080 20396 V BtOppService: DESTINAT: 1C:5F:FF:36:E7:23
07-05 17:17:09.465 17080 20396 V BtOppService: VISIBILI: 0
07-05 17:17:09.465 17080 20396 V BtOppService: CONFIRM : 0
07-05 17:17:09.465 17080 20396 V BtOppService: STATUS  : 190
07-05 17:17:09.465 17080 20396 V BtOppService: TOTAL   : 47689
07-05 17:17:09.465 17080 20396 V BtOppService: CURRENT : 0
07-05 17:17:09.465 17080 20396 V BtOppService: TIMESTAMP : 1530782229321
07-05 17:17:09.465 17080 20396 V BtOppService: SCANNED : false
07-05 17:17:09.465 17080 20396 V BtOppBatch: New Batch created for info 9
07-05 17:17:09.465 17080 20396 V BtOppService: Service create new Batch 3 for INBOUND info 9
07-05 17:17:09.465 17080 20396 V BtOppService: Service start server transfer new Batch 3 for info 9
07-05 17:17:09.466 17080 20396 V BtOppTransfer: Create handler thread for batch 3
07-05 17:17:09.468 17080 20396 V BtOppTransfer: Start session for info 9 for batch 3
07-05 17:17:09.468 17080 20396 V BtOppTransfer: Transfer has Server sessioncom.android.bluetooth.opp.BluetoothOppObexServerSession@6664b41
07-05 17:17:09.468 17080 20396 D BtOppObexServer: Start!
07-05 17:17:09.468 17080 20396 V BtOppTransfer: processCurrentShare9
07-05 17:17:09.468 17080 20396 D BtOppObexServer: addShare for id 9
07-05 17:17:09.468 17080 20396 D BtOppObexServer: processShareInfo() 9
07-05 17:17:09.469 17080 20396 V BluetoothOppProvider: starting query, database is not null; projection[0] is hint; projection[1] is total_bytes; projection[2] is mimetype; selection is null; selectionArgs is null; sort is null.
07-05 17:17:09.472 17080 20396 V BluetoothOppProvider: created cursor android.database.sqlite.SQLiteCursor@1f82179 on behalf of 
07-05 17:17:09.484 17080 20396 D BluetoothOpp: current user  1
07-05 17:17:09.484 17080 20396 D BluetoothOpp: current user  10, root /storage/emulated/10
07-05 17:17:09.485 17080 20396 V BluetoothOpp: getting filename from hint
07-05 17:17:09.486 17080 20396 I BluetoothOpp:  File Name Screenshot_2018-07-05-11-49-38
07-05 17:17:09.488 17080 20396 D BluetoothOpp: check canonical path  /storage/emulated/10/bluetooth, filename /storage/emulated/10/bluetooth/Screenshot_2018-07-05-11-49-38-1.png
07-05 17:17:09.488 17080 20396 V BluetoothOpp: Generated received filename /storage/emulated/10/bluetooth/Screenshot_2018-07-05-11-49-38-1.png
07-05 17:17:09.491 17080 20396 V BluetoothOpp: New display name Screenshot_2018-07-05-11-49-38-1.png
07-05 17:17:09.512 17080 20396 V BtOppObexServer: Generate BluetoothOppReceiveFileInfo:
07-05 17:17:09.512 17080 20396 V BtOppObexServer: filename  :/storage/emulated/10/bluetooth/Screenshot_2018-07-05-11-49-38-1.png
07-05 17:17:09.513 17080 20396 V BtOppObexServer: length    :47689
07-05 17:17:09.513 17080 20396 V BtOppObexServer: status    :0
07-05 17:17:09.515 17080 20396 V BtOppTransfer: Registered mBluetoothReceiver
07-05 17:17:09.515 17080 20396 V BtOppService: Array update: inserting 9 @ 8
07-05 17:17:09.515 17080 20396 V BluetoothOppNotification: send message
07-05 17:17:09.516 17080 17080 V BtOppService: ContentObserver received notification
07-05 17:17:09.516 17080 17080 V BluetoothOppNotification: new notify threadi!
07-05 17:17:09.517 17080 20396 V BtOppService: pendingUpdate is true keepUpdateThread is true sListenStarted is true
07-05 17:17:09.517 17080 17080 V BluetoothOppNotification: send delay message
07-05 17:17:09.519 17080 20396 V BluetoothOppProvider: starting query, database is not null; projection is null; selection is null; selectionArgs is null; sort is _id.
07-05 17:17:09.519 17080 20398 V BluetoothOppProvider: starting query, database is not null; projection is null; selection is (status == '192') AND (visibility IS NULL OR visibility == '0') AND (confirm == '1' OR confirm == '2' OR confirm == '5'); selectionArgs is null; sort is _id.
07-05 17:17:09.521 17080 20396 V BluetoothOppProvider: created cursor android.database.sqlite.SQLiteCursor@7569b1f on behalf of 
07-05 17:17:09.521 17080 20398 V BluetoothOppProvider: created cursor android.database.sqlite.SQLiteCursor@c1dae6c on behalf of 
07-05 17:17:09.523 17080 20398 V BluetoothOppNotification: mUpdateCompleteNotification = true
07-05 17:17:09.526 17080 20398 V BluetoothOppNotification: ongoing transfer notification was removed
07-05 17:17:09.526 17080 20398 V BluetoothOppNotification: updateCompletedNotification, btTurningOff: false
07-05 17:17:09.526 17080 20398 V BluetoothOppProvider: starting query, database is not null; projection is null; selection is status >= '200' AND (visibility IS NULL OR visibility == '0') AND (confirm != '5') AND (direction == 0); selectionArgs is null; sort is timestamp DESC.
07-05 17:17:09.529 17080 20398 V BluetoothOppProvider: created cursor android.database.sqlite.SQLiteCursor@7505c35 on behalf of 
07-05 17:17:09.530 17080 20398 V BluetoothOppNotification: outbound: succ-0  fail-0
07-05 17:17:09.531 17080 20396 W BtOppService: updateShare() called for ID 7 with null URI
07-05 17:17:09.532 17080 20396 W BtOppService: updateShare() called for ID 8 with null URI
07-05 17:17:09.532 17080 20398 V BluetoothOppNotification: outbound notification was removed.
07-05 17:17:09.533 17080 20396 W BtOppService: updateShare() called for ID 9 with null URI
07-05 17:17:09.533 17080 20398 V BluetoothOppProvider: starting query, database is not null; projection is null; selection is status >= '200' AND (visibility IS NULL OR visibility == '0') AND (confirm != '5') AND (direction == 1); selectionArgs is null; sort is timestamp DESC.
07-05 17:17:09.535 17080 20398 V BluetoothOppProvider: created cursor android.database.sqlite.SQLiteCursor@f4d98ca on behalf of 
07-05 17:17:09.535 17080 20396 V BtOppService: pendingUpdate is false keepUpdateThread is true sListenStarted is true
07-05 17:17:09.535 17080 20396 V BtOppService: ***returning from updatethread***
07-05 17:17:09.537 17080 20398 V BluetoothOppNotification: inbound: succ-0  fail-1
07-05 17:17:09.546 17080 20398 V BluetoothOppProvider: starting query, database is not null; projection is null; selection is confirm == '0' AND (visibility IS NULL OR visibility == '0'); selectionArgs is null; sort is _id.
07-05 17:17:09.548 17080 20398 V BluetoothOppProvider: created cursor android.database.sqlite.SQLiteCursor@ed3ca3b on behalf of 
07-05 17:17:09.617 17080 17080 V BluetoothOppNotification: new notify threadi!
07-05 17:17:09.617 17080 17096 E BluetoothServiceJni: bool android::set_wake_alarm_callout(uint64_t, bool, alarm_cb, void*) setWakeAlarm failed:ret= 0 
07-05 17:17:09.617 17080 17080 V BluetoothOppNotification: send delay message
07-05 17:17:09.621 17080 20407 V BluetoothOppProvider: starting query, database is not null; projection is null; selection is (status == '192') AND (visibility IS NULL OR visibility == '0') AND (confirm == '1' OR confirm == '2' OR confirm == '5'); selectionArgs is null; sort is _id.
07-05 17:17:09.623 17080 20407 V BluetoothOppProvider: created cursor android.database.sqlite.SQLiteCursor@c6d4558 on behalf of 
07-05 17:17:09.625 17080 20407 V BluetoothOppNotification: mUpdateCompleteNotification = true
07-05 17:17:09.626 17080 20407 V BluetoothOppNotification: ongoing transfer notification was removed
07-05 17:17:09.627 17080 20407 V BluetoothOppNotification: updateCompletedNotification, btTurningOff: false
07-05 17:17:09.627 17080 20407 V BluetoothOppProvider: starting query, database is not null; projection is null; selection is status >= '200' AND (visibility IS NULL OR visibility == '0') AND (confirm != '5') AND (direction == 0); selectionArgs is null; sort is timestamp DESC.
07-05 17:17:09.629 17080 20407 V BluetoothOppProvider: created cursor android.database.sqlite.SQLiteCursor@fb786b1 on behalf of 
07-05 17:17:09.630 17080 20407 V BluetoothOppNotification: outbound: succ-0  fail-0
07-05 17:17:09.633 17080 20407 V BluetoothOppNotification: outbound notification was removed.
07-05 17:17:09.633 17080 20407 V BluetoothOppProvider: starting query, database is not null; projection is null; selection is status >= '200' AND (visibility IS NULL OR visibility == '0') AND (confirm != '5') AND (direction == 1); selectionArgs is null; sort is timestamp DESC.
07-05 17:17:09.636 17080 20407 V BluetoothOppProvider: created cursor android.database.sqlite.SQLiteCursor@a147796 on behalf of 
07-05 17:17:09.638 17080 20407 V BluetoothOppNotification: inbound: succ-0  fail-1
07-05 17:17:09.653 17080 20407 V BluetoothOppProvider: starting query, database is not null; projection is null; selection is confirm == '0' AND (visibility IS NULL OR visibility == '0'); selectionArgs is null; sort is _id.
07-05 17:17:09.658 17080 20407 V BluetoothOppProvider: created cursor android.database.sqlite.SQLiteCursor@b2acf17 on behalf of 
07-05 17:17:10.320 17080 17096 E BluetoothServiceJni: bool android::set_wake_alarm_callout(uint64_t, bool, alarm_cb, void*) setWakeAlarm failed:ret= 0 
07-05 17:17:10.458 17080 20395 V BtOppObexServer: MSG_CONNECT_TIMEOUT sent
07-05 17:17:11.431 17080 17110 D HeadsetStateMachine: Disconnected process message: 10, size: 0
07-05 17:17:11.982 17080 17096 E BluetoothServiceJni: bool android::set_wake_alarm_callout(uint64_t, bool, alarm_cb, void*) setWakeAlarm failed:ret= 0 
07-05 17:17:13.460 17080 17110 D HeadsetStateMachine: Disconnected process message: 10, size: 0
07-05 17:17:13.525 17080 17080 D BluetoothOppReceiver: Action :android.btopp.intent.action.CONFIRM
07-05 17:17:13.525 17080 17080 D BluetoothUtils: callingUid =1002
07-05 17:17:13.526 17080 17080 E BluetoothUtils: foregroundUser =0
07-05 17:17:13.526 17080 17080 E BluetoothUtils: callingUser =0
07-05 17:17:13.526 17080 17080 V BluetoothOppReceiver: android.btopp.intent.action.CONFIRM Intent received for active user
07-05 17:17:13.526 17080 17080 V BluetoothOppReceiver: Receiver ACTION_INCOMING_FILE_CONFIRM
07-05 17:17:13.550 17080 17080 V BluetoothOppReceiver: notMgr.cancel called
07-05 17:17:13.558 17080 17080 E ActivityThread: Activity created===-1
07-05 17:17:13.566 17080 17080 D BluetoothIncomingFileConfirmActivity: onCreate(): action = null
07-05 17:17:13.567 17080 17080 V BluetoothOppProvider: starting query, database is not null; projection is null; selection is null; selectionArgs is null; sort is null.
07-05 17:17:13.570 17080 17080 V BluetoothOppProvider: created cursor android.database.sqlite.SQLiteCursor@38cdced on behalf of 
07-05 17:17:13.572 17080 17080 V BluetoothOppUtility: Get data from db:Screenshot_2018-07-05-11-49-38-1.pngimage/png1C:5F:FF:36:E7:23
07-05 17:17:13.574 17080 17080 V BoostFramework: BoostFramework() : mPerf = com.qualcomm.qti.Performance@d8345b3
07-05 17:17:13.574 17080 17080 V BoostFramework: BoostFramework() : mPerf = com.qualcomm.qti.Performance@b936770
07-05 17:17:13.578 17080 17080 V BoostFramework: BoostFramework() : mPerf = com.qualcomm.qti.Performance@c467e21
07-05 17:17:13.578 17080 17080 V BoostFramework: BoostFramework() : mPerf = com.qualcomm.qti.Performance@2f7f246
07-05 17:17:13.581 17080 17080 V BluetoothIncomingFileConfirmActivity: mTimeout: false
07-05 17:17:13.581 17080 17080 V BluetoothIncomingFileConfirmActivity: BluetoothIncomingFileConfirmActivity: Got uri:content://com.android.bluetooth.opp/btopp/9
07-05 17:17:14.322 17080 17105 D bt_btm_pm: btm_pm_proc_mode_change switched from ACTIVE to SNIFF.
07-05 17:17:14.322 17080 17105 E bt_l2cap: L2CAP - rcvd ACL for unknown handle:3804 ls:0 cid:5549 opcode:21 cur count:0
07-05 17:17:14.448 17080 17110 D HeadsetStateMachine: Disconnected process message: 10, size: 0
07-05 17:17:15.044 17080 17080 V BtOppService: ContentObserver received notification
07-05 17:17:15.045 17080 17080 V BtOppService: Starting a new thread
07-05 17:17:15.046 17080 20424 V BtOppService: pendingUpdate is true keepUpdateThread is false sListenStarted is true
07-05 17:17:15.047 17080 20424 V BluetoothOppProvider: starting query, database is not null; projection is null; selection is null; selectionArgs is null; sort is _id.
07-05 17:17:15.049 17080 20424 V BluetoothOppProvider: created cursor android.database.sqlite.SQLiteCursor@b8fd059 on behalf of 
07-05 17:17:15.054 17080 20424 W BtOppService: updateShare() called for ID 7 with null URI
07-05 17:17:15.055 17080 20424 W BtOppService: updateShare() called for ID 8 with null URI
07-05 17:17:15.056 17080 20424 W BtOppService: updateShare() called for ID 9 with null URI
07-05 17:17:15.056 17080 20424 V BtOppService: Service handle info 9 confirmation updated
07-05 17:17:15.057 17080 20424 V BtOppTransfer: confirmStatusChanged to unblock mSessioncom.android.bluetooth.opp.BluetoothOppObexServerSession@6664b41
07-05 17:17:15.058 17080 20424 V BluetoothOppNotification: send message
07-05 17:17:15.059 17080 20395 D BtOppObexServer: Server unblocked 
07-05 17:17:15.059 17080 20395 V BtOppObexServer: after confirm: userAccepted=1
07-05 17:17:15.062 17080 20424 V BtOppService: pendingUpdate is false keepUpdateThread is true sListenStarted is true
07-05 17:17:15.063 17080 20424 V BtOppService: ***returning from updatethread***
07-05 17:17:15.095 17080 17105 D bt_btm_pm: btm_pm_snd_md_req switching from SNIFF to ACTIVE.
07-05 17:17:15.096 17080 17080 V BluetoothOppNotification: new notify threadi!
07-05 17:17:15.097 17080 17080 V BluetoothOppNotification: send delay message
07-05 17:17:15.097 17080 17080 V BtOppService: ContentObserver received notification
07-05 17:17:15.098 17080 17080 V BtOppService: Starting a new thread
07-05 17:17:15.099 17080 20427 V BluetoothOppProvider: starting query, database is not null; projection is null; selection is (status == '192') AND (visibility IS NULL OR visibility == '0') AND (confirm == '1' OR confirm == '2' OR confirm == '5'); selectionArgs is null; sort is _id.
07-05 17:17:15.101 17080 17105 E BluetoothServiceJni: bool android::set_wake_alarm_callout(uint64_t, bool, alarm_cb, void*) setWakeAlarm failed:ret= 0 
07-05 17:17:15.102 17080 20428 V BtOppService: pendingUpdate is true keepUpdateThread is false sListenStarted is true
07-05 17:17:15.103 17080 20428 V BluetoothOppProvider: starting query, database is not null; projection is null; selection is null; selectionArgs is null; sort is _id.
07-05 17:17:15.104 17080 17105 E BluetoothServiceJni: bool android::set_wake_alarm_callout(uint64_t, bool, alarm_cb, void*) setWakeAlarm failed:ret= 0 
07-05 17:17:15.104 17080 20427 V BluetoothOppProvider: created cursor android.database.sqlite.SQLiteCursor@b8d041e on behalf of 
07-05 17:17:15.105 17080 20427 V BluetoothOppNotification: mUpdateCompleteNotification = false
07-05 17:17:15.105 17080 20427 V BluetoothOppNotification: ID=9; batchID=1530782229321; totoalCurrent0; totalTotal=47689
07-05 17:17:15.105 17080 20428 V BluetoothOppProvider: created cursor android.database.sqlite.SQLiteCursor@f8014ff on behalf of 
07-05 17:17:15.107 17080 20427 V BluetoothOppNotification: mCurrentBytes: 0 mTotalBytes: 47689 (0 %)
07-05 17:17:15.108 17080 18277 D OpenGLRenderer: endAllStagingAnimators on 0xd40c7b00 (RippleDrawable) with handle 0xd454edf0
07-05 17:17:15.115 17080 20428 W BtOppService: updateShare() called for ID 7 with null URI
07-05 17:17:15.115 17080 20427 V BluetoothOppNotification: updateCompletedNotification, btTurningOff: false
07-05 17:17:15.118 17080 20427 V BluetoothOppProvider: starting query, database is not null; projection is null; selection is status >= '200' AND (visibility IS NULL OR visibility == '0') AND (confirm != '5') AND (direction == 0); selectionArgs is null; sort is timestamp DESC.
07-05 17:17:15.120 17080 20428 W BtOppService: updateShare() called for ID 8 with null URI
07-05 17:17:15.120 17080 20427 V BluetoothOppProvider: created cursor android.database.sqlite.SQLiteCursor@3641915 on behalf of 
07-05 17:17:15.121 17080 20427 V BluetoothOppNotification: outbound: succ-0  fail-0
07-05 17:17:15.123 17080 20428 W BtOppService: updateShare() called for ID 9 with null URI
07-05 17:17:15.124 17080 20428 V BtOppService: pendingUpdate is false keepUpdateThread is true sListenStarted is true
07-05 17:17:15.124 17080 20428 V BtOppService: ***returning from updatethread***
07-05 17:17:15.125 17080 20427 V BluetoothOppNotification: outbound notification was removed.
07-05 17:17:15.125 17080 20427 V BluetoothOppProvider: starting query, database is not null; projection is null; selection is status >= '200' AND (visibility IS NULL OR visibility == '0') AND (confirm != '5') AND (direction == 1); selectionArgs is null; sort is timestamp DESC.
07-05 17:17:15.128 17080 20427 V BluetoothOppProvider: created cursor android.database.sqlite.SQLiteCursor@c81442a on behalf of 
07-05 17:17:15.128 17080 17080 V BtOppService: ContentObserver received notification
07-05 17:17:15.129 17080 17080 V BtOppService: Starting a new thread
07-05 17:17:15.130 17080 20427 V BluetoothOppNotification: inbound: succ-0  fail-1
07-05 17:17:15.130 17080 20429 V BtOppService: pendingUpdate is true keepUpdateThread is false sListenStarted is true
07-05 17:17:15.131 17080 20429 V BluetoothOppProvider: starting query, database is not null; projection is null; selection is null; selectionArgs is null; sort is _id.
07-05 17:17:15.132 17080 20429 V BluetoothOppProvider: created cursor android.database.sqlite.SQLiteCursor@84b021b on behalf of 
07-05 17:17:15.136 17080 20427 V BluetoothOppProvider: starting query, database is not null; projection is null; selection is confirm == '0' AND (visibility IS NULL OR visibility == '0'); selectionArgs is null; sort is _id.
07-05 17:17:15.136 17080 20429 W BtOppService: updateShare() called for ID 7 with null URI
07-05 17:17:15.137 17080 20429 W BtOppService: updateShare() called for ID 8 with null URI
07-05 17:17:15.138 17080 20427 V BluetoothOppProvider: created cursor android.database.sqlite.SQLiteCursor@e764fb8 on behalf of 
07-05 17:17:15.138 17080 20429 W BtOppService: updateShare() called for ID 9 with null URI
07-05 17:17:15.138 17080 20429 V BluetoothOppNotification: update too frequent, put in queue
07-05 17:17:15.139 17080 20429 V BtOppService: pendingUpdate is false keepUpdateThread is true sListenStarted is true
07-05 17:17:15.139 17080 20429 V BtOppService: ***returning from updatethread***
07-05 17:17:15.197 17080 17080 V BluetoothOppNotification: new notify threadi!
07-05 17:17:15.198 17080 17080 V BluetoothOppNotification: send delay message
07-05 17:17:15.199 17080 20430 V BluetoothOppProvider: starting query, database is not null; projection is null; selection is (status == '192') AND (visibility IS NULL OR visibility == '0') AND (confirm == '1' OR confirm == '2' OR confirm == '5'); selectionArgs is null; sort is _id.
07-05 17:17:15.200 17080 20430 V BluetoothOppProvider: created cursor android.database.sqlite.SQLiteCursor@4fa3191 on behalf of 
07-05 17:17:15.200 17080 20430 V BluetoothOppNotification: mUpdateCompleteNotification = false
07-05 17:17:15.200 17080 20430 V BluetoothOppNotification: ID=9; batchID=1530782229321; totoalCurrent0; totalTotal=47689
07-05 17:17:15.201 17080 20430 V BluetoothOppNotification: mCurrentBytes: 0 mTotalBytes: 47689 (0 %)
07-05 17:17:15.204 17080 20430 V BluetoothOppNotification: No need to update complete notification
07-05 17:17:15.204 17080 20430 V BluetoothOppProvider: starting query, database is not null; projection is null; selection is confirm == '0' AND (visibility IS NULL OR visibility == '0'); selectionArgs is null; sort is _id.
07-05 17:17:15.205 17080 20430 V BluetoothOppProvider: created cursor android.database.sqlite.SQLiteCursor@c778f6 on behalf of 
07-05 17:17:15.356 17080 17105 D bt_btm_pm: btm_pm_proc_mode_change switched from UNKNOWN to ACTIVE.
07-05 17:17:15.400 17080 17105 E BluetoothServiceJni: bool android::set_wake_alarm_callout(uint64_t, bool, alarm_cb, void*) setWakeAlarm failed:ret= 0 
07-05 17:17:15.420 17080 17105 E BluetoothServiceJni: bool android::set_wake_alarm_callout(uint64_t, bool, alarm_cb, void*) setWakeAlarm failed:ret= 0 
07-05 17:17:15.424 17080 17105 E BluetoothServiceJni: bool android::set_wake_alarm_callout(uint64_t, bool, alarm_cb, void*) setWakeAlarm failed:ret= 0 
07-05 17:17:15.428 17080 20395 V BtOppObexServer: Receive file position = 8076 readLength 8076 bytes took 333 ms
07-05 17:17:15.428 17080 20395 V BtOppObexServer: Worker for Updation : Created
07-05 17:17:15.428 17080 20431 V BtOppObexServer: Is ContentResolverUpdateThread Interrupted :false
07-05 17:17:15.439 17080 17080 V BtOppService: ContentObserver received notification
07-05 17:17:15.439 17080 17080 V BtOppService: Starting a new thread
07-05 17:17:15.440 17080 20432 V BtOppService: pendingUpdate is true keepUpdateThread is false sListenStarted is true
07-05 17:17:15.441 17080 20432 V BluetoothOppProvider: starting query, database is not null; projection is null; selection is null; selectionArgs is null; sort is _id.
07-05 17:17:15.442 17080 20432 V BluetoothOppProvider: created cursor android.database.sqlite.SQLiteCursor@da4f7 on behalf of 
07-05 17:17:15.443 17080 17105 E BluetoothServiceJni: bool android::set_wake_alarm_callout(uint64_t, bool, alarm_cb, void*) setWakeAlarm failed:ret= 0 
07-05 17:17:15.446 17080 20432 W BtOppService: updateShare() called for ID 7 with null URI
07-05 17:17:15.446 17080 20432 W BtOppService: updateShare() called for ID 8 with null URI
07-05 17:17:15.447 17080 20432 W BtOppService: updateShare() called for ID 9 with null URI
07-05 17:17:15.447 17080 20432 V BluetoothOppNotification: send message
07-05 17:17:15.447 17080 17080 V BluetoothOppNotification: new notify threadi!
07-05 17:17:15.447 17080 20432 V BtOppService: pendingUpdate is false keepUpdateThread is true sListenStarted is true
07-05 17:17:15.447 17080 17080 V BluetoothOppNotification: send delay message
07-05 17:17:15.447 17080 20432 V BtOppService: ***returning from updatethread***
07-05 17:17:15.447 17080 17105 E BluetoothServiceJni: bool android::set_wake_alarm_callout(uint64_t, bool, alarm_cb, void*) setWakeAlarm failed:ret= 0 
07-05 17:17:15.448 17080 20433 V BluetoothOppProvider: starting query, database is not null; projection is null; selection is (status == '192') AND (visibility IS NULL OR visibility == '0') AND (confirm == '1' OR confirm == '2' OR confirm == '5'); selectionArgs is null; sort is _id.
07-05 17:17:15.449 17080 20433 V BluetoothOppProvider: created cursor android.database.sqlite.SQLiteCursor@c1caf64 on behalf of 
07-05 17:17:15.450 17080 20433 V BluetoothOppNotification: mUpdateCompleteNotification = false
07-05 17:17:15.450 17080 20433 V BluetoothOppNotification: ID=9; batchID=1530782229321; totoalCurrent8076; totalTotal=47689
07-05 17:17:15.451 17080 20433 V BluetoothOppNotification: mCurrentBytes: 8076 mTotalBytes: 47689 (16 %)
07-05 17:17:15.453 17080 20433 V BluetoothOppNotification: No need to update complete notification
07-05 17:17:15.453 17080 20433 V BluetoothOppProvider: starting query, database is not null; projection is null; selection is confirm == '0' AND (visibility IS NULL OR visibility == '0'); selectionArgs is null; sort is _id.
07-05 17:17:15.454 17080 20433 V BluetoothOppProvider: created cursor android.database.sqlite.SQLiteCursor@ff55cd on behalf of 
07-05 17:17:15.457 17080 20395 V BtOppObexServer: Receive file position = 16152 readLength 8076 bytes took 29 ms
07-05 17:17:15.461 17080 17110 D HeadsetStateMachine: Disconnected process message: 10, size: 0
07-05 17:17:15.466 17080 17105 E BluetoothServiceJni: bool android::set_wake_alarm_callout(uint64_t, bool, alarm_cb, void*) setWakeAlarm failed:ret= 0 
07-05 17:17:15.469 17080 17105 E BluetoothServiceJni: bool android::set_wake_alarm_callout(uint64_t, bool, alarm_cb, void*) setWakeAlarm failed:ret= 0 
07-05 17:17:15.489 17080 20395 V BtOppObexServer: Receive file position = 24228 readLength 8076 bytes took 31 ms
07-05 17:17:15.489 17080 17105 E BluetoothServiceJni: bool android::set_wake_alarm_callout(uint64_t, bool, alarm_cb, void*) setWakeAlarm failed:ret= 0 
07-05 17:17:15.493 17080 17105 E BluetoothServiceJni: bool android::set_wake_alarm_callout(uint64_t, bool, alarm_cb, void*) setWakeAlarm failed:ret= 0 
07-05 17:17:15.515 17080 17105 E BluetoothServiceJni: bool android::set_wake_alarm_callout(uint64_t, bool, alarm_cb, void*) setWakeAlarm failed:ret= 0 
07-05 17:17:15.519 17080 17105 E BluetoothServiceJni: bool android::set_wake_alarm_callout(uint64_t, bool, alarm_cb, void*) setWakeAlarm failed:ret= 0 
07-05 17:17:15.522 17080 20395 V BtOppObexServer: Receive file position = 32304 readLength 8076 bytes took 33 ms
07-05 17:17:15.538 17080 17105 E BluetoothServiceJni: bool android::set_wake_alarm_callout(uint64_t, bool, alarm_cb, void*) setWakeAlarm failed:ret= 0 
07-05 17:17:15.541 17080 17105 E BluetoothServiceJni: bool android::set_wake_alarm_callout(uint64_t, bool, alarm_cb, void*) setWakeAlarm failed:ret= 0 
07-05 17:17:15.553 17080 20395 V BtOppObexServer: Receive file position = 40380 readLength 8076 bytes took 31 ms
07-05 17:17:15.554 17080 20395 V BtOppObexServer: Receive file position = 47689 readLength 7309 bytes took 1 ms
07-05 17:17:15.554 17080 20395 V BtOppObexServer: Worker for Updation : Destroying
07-05 17:17:15.555 17080 20431 V BtOppObexServer: Server ContentResolverUpdateThread was interrupted (1), exiting
07-05 17:17:15.570 17080 17080 V BtOppService: ContentObserver received notification
07-05 17:17:15.570 17080 20395 D BtOppObexServer: Receiving file completed for /storage/emulated/10/bluetooth/Screenshot_2018-07-05-11-49-38-1.png length 47689 Bytes. Approx. throughput is 803.18317 Kbps
07-05 17:17:15.570 17080 17080 V BtOppService: Starting a new thread
07-05 17:17:15.572 17080 20434 V BtOppService: pendingUpdate is true keepUpdateThread is false sListenStarted is true
07-05 17:17:15.574 17080 20434 V BluetoothOppProvider: starting query, database is not null; projection is null; selection is null; selectionArgs is null; sort is _id.
07-05 17:17:15.595 17080 20434 V BluetoothOppProvider: created cursor android.database.sqlite.SQLiteCursor@26a2e82 on behalf of 
07-05 17:17:15.595 17080 17080 V BtOppService: ContentObserver received notification
07-05 17:17:15.596 17080 20397 V BtOppTransfer: receive MSG_SHARE_COMPLETE for info 9
07-05 17:17:15.598 17080 17105 E BluetoothServiceJni: bool android::set_wake_alarm_callout(uint64_t, bool, alarm_cb, void*) setWakeAlarm failed:ret= 0 
07-05 17:17:15.598 17080 17080 D BluetoothOppReceiver: Action :android.btopp.intent.action.TRANSFER_COMPLETE
