05-28 16:18:27.609 16977 16977 E AndroidRuntime: 	at android.os.Parcel.readException(Parcel.java:1620)
05-28 16:18:27.609 16977 16977 E AndroidRuntime: 	at android.os.Parcel.readException(Parcel.java:1573)
05-28 16:18:27.609 16977 16977 E AndroidRuntime: 	at android.net.IConnectivityManager$Stub$Proxy.isNetworkSupported(IConnectivityManager.java:1226)
05-28 16:18:27.609 16977 16977 E AndroidRuntime: 	at android.net.ConnectivityManager.isNetworkSupported(ConnectivityManager.java:2049)
05-28 16:18:27.609 16977 16977 E AndroidRuntime: 	at com.android.internal.telephony.RIL.<init>(RIL.java:683)
05-28 16:18:27.609 16977 16977 E AndroidRuntime: 	at com.android.internal.telephony.PhoneFactory.makeDefaultPhone(PhoneFactory.java:154)
05-28 16:18:27.609 16977 16977 E AndroidRuntime: 	at com.android.internal.telephony.PhoneFactory.makeDefaultPhones(PhoneFactory.java:88)
05-28 16:18:27.609 16977 16977 E AndroidRuntime: 	at com.android.internal.telephony.TelephonyPluginBase.makeDefaultPhones(TelephonyPluginBase.java:46)
05-28 16:18:27.609 16977 16977 E AndroidRuntime: 	at com.qti.internal.telephony.QtiTelephonyPlugin.makeDefaultPhones(QtiTelephonyPlugin.java:44)
05-28 16:18:27.609 16977 16977 E AndroidRuntime: 	at com.android.internal.telephony.TelephonyPluginDelegate.makeDefaultPhones(TelephonyPluginDelegate.java:105)
05-28 16:18:27.609 16977 16977 E AndroidRuntime: 	at com.android.phone.PhoneGlobals.onCreate(PhoneGlobals.java:353)
05-28 16:18:27.609 16977 16977 E AndroidRuntime: 	at com.android.phone.PhoneApp.onCreate(PhoneApp.java:56)
05-28 16:18:27.609 16977 16977 E AndroidRuntime: 	at android.app.Instrumentation.callApplicationOnCreate(Instrumentation.java:1014)
05-28 16:18:27.609 16977 16977 E AndroidRuntime: 	at android.app.ActivityThread.handleBindApplication(ActivityThread.java:4768)
05-28 16:18:27.609 16977 16977 E AndroidRuntime: 	... 8 more
05-28 16:18:27.612  1360  4989 W ActivityManager: Process com.android.phone has crashed too many times: killing!
05-28 16:18:27.612 16977 16977 I Process : Sending signal. PID: 16977 SIG: 9
05-28 16:18:27.668  1360  4327 I ActivityManager: Process com.android.phone (pid 16977) has died
05-28 16:18:27.668  1360  4327 D ActivityManager: cleanUpApplicationRecord -- 16977
05-28 16:18:27.669  1360  4327 W ActivityManager: Scheduling restart of crashed service com.android.phone/.TelephonyDebugService in 0ms
05-28 16:18:27.669  1360  4327 W ActivityManager: Re-adding persistent process ProcessRecord{6527987 16977:com.android.phone/1001}
05-28 16:18:27.670  1360  4327 W PackageManager: permission error:1001,android.permission.WRITE_MEDIA_STORAGE
05-28 16:18:27.670  1360  4327 W PackageManager: permission error:1001,android.permission.READ_EXTERNAL_STORAGE
05-28 16:18:27.698  1360  4327 D ActivityManager: am_proc_start:0,17000,1001,com.android.phone,restart,com.android.phone
05-28 16:18:27.699  1360  4327 I ActivityManager: Start proc 17000:com.android.phone/1001 for restart com.android.phone
05-28 16:18:27.766 17000 17000 W System  : ClassLoader referenced unknown path: /system/priv-app/TeleService/lib/arm64
05-28 16:18:27.783 17000 17000 W System  : ClassLoader referenced unknown path: /system/priv-app/TelephonyProvider/lib/arm64
05-28 16:18:27.827 17000 17000 D TelephonyProvider: dbh.onOpen: ok, queried table=siminfo
05-28 16:18:27.827 17000 17000 D TelephonyProvider: dbh.onOpen: ok, queried table=carriers
05-28 16:18:27.847 17000 17000 W System  : ClassLoader referenced unknown path: /system/app/AutoRegistration/lib/arm64
05-28 16:18:27.868 17000 17000 W System  : ClassLoader referenced unknown path: /system/app/PhoneFeatures/lib/arm64
05-28 16:18:27.878 17000 17000 W System.err: java.io.FileNotFoundException: userstore/sn: open failed: ENOENT (No such file or directory)
05-28 16:18:27.878 17000 17000 W System.err: 	at libcore.io.IoBridge.open(IoBridge.java:452)
05-28 16:18:27.878 17000 17000 W System.err: 	at java.io.FileInputStream.<init>(FileInputStream.java:76)
05-28 16:18:27.878 17000 17000 W System.err: 	at java.io.FileReader.<init>(FileReader.java:42)
05-28 16:18:27.878 17000 17000 W System.err: 	at com.android.phone.PhoneApp.readSN(PhoneApp.java:67)
05-28 16:18:27.878 17000 17000 W System.err: 	at com.android.phone.PhoneApp.onCreate(PhoneApp.java:48)
05-28 16:18:27.878 17000 17000 W System.err: 	at android.app.Instrumentation.callApplicationOnCreate(Instrumentation.java:1014)
05-28 16:18:27.878 17000 17000 W System.err: 	at android.app.ActivityThread.handleBindApplication(ActivityThread.java:4768)
05-28 16:18:27.878 17000 17000 W System.err: 	at android.app.ActivityThread.access$1600(ActivityThread.java:155)
05-28 16:18:27.879 17000 17000 W System.err: 	at android.app.ActivityThread$H.handleMessage(ActivityThread.java:1410)
05-28 16:18:27.879 17000 17000 W System.err: 	at android.os.Handler.dispatchMessage(Handler.java:102)
05-28 16:18:27.879 17000 17000 W System.err: 	at android.os.Looper.loop(Looper.java:148)
05-28 16:18:27.879 17000 17000 W System.err: 	at android.app.ActivityThread.main(ActivityThread.java:5478)
05-28 16:18:27.879 17000 17000 W System.err: 	at java.lang.reflect.Method.invoke(Native Method)
05-28 16:18:27.879 17000 17000 W System.err: 	at com.android.internal.os.ZygoteInit$MethodAndArgsCaller.run(ZygoteInit.java:726)
05-28 16:18:27.879 17000 17000 W System.err: 	at com.android.internal.os.ZygoteInit.main(ZygoteInit.java:616)
05-28 16:18:27.879 17000 17000 W System.err: Caused by: android.system.ErrnoException: open failed: ENOENT (No such file or directory)
05-28 16:18:27.879 17000 17000 W System.err: 	at libcore.io.Posix.open(Native Method)
05-28 16:18:27.879 17000 17000 W System.err: 	at libcore.io.BlockGuardOs.open(BlockGuardOs.java:186)
05-28 16:18:27.879 17000 17000 W System.err: 	at libcore.io.IoBridge.open(IoBridge.java:438)
05-28 16:18:27.879 17000 17000 W System.err: 	... 14 more
05-28 16:18:27.913  1360  4327 W PackageManager: permission error:1001,android.permission.ACCESS_NETWORK_STATE
05-28 16:18:27.914 17000 17000 D AndroidRuntime: Shutting down VM
05-28 16:18:27.916 17000 17000 E AndroidRuntime: FATAL EXCEPTION: main
05-28 16:18:27.916 17000 17000 E AndroidRuntime: Process: com.android.phone, PID: 17000
05-28 16:18:27.916 17000 17000 E AndroidRuntime: java.lang.RuntimeException: Unable to create application com.android.phone.PhoneApp: java.lang.SecurityException: ConnectivityService: Neither user 1001 nor current process has android.permission.ACCESS_NETWORK_STATE.
05-28 16:18:27.916 17000 17000 E AndroidRuntime: 	at android.app.ActivityThread.handleBindApplication(ActivityThread.java:4771)
05-28 16:18:27.916 17000 17000 E AndroidRuntime: 	at android.app.ActivityThread.access$1600(ActivityThread.java:155)
05-28 16:18:27.916 17000 17000 E AndroidRuntime: 	at android.app.ActivityThread$H.handleMessage(ActivityThread.java:1410)
05-28 16:18:27.916 17000 17000 E AndroidRuntime: 	at android.os.Handler.dispatchMessage(Handler.java:102)
05-28 16:18:27.916 17000 17000 E AndroidRuntime: 	at android.os.Looper.loop(Looper.java:148)
05-28 16:18:27.916 17000 17000 E AndroidRuntime: 	at android.app.ActivityThread.main(ActivityThread.java:5478)
05-28 16:18:27.916 17000 17000 E AndroidRuntime: 	at java.lang.reflect.Method.invoke(Native Method)
05-28 16:18:27.916 17000 17000 E AndroidRuntime: 	at com.android.internal.os.ZygoteInit$MethodAndArgsCaller.run(ZygoteInit.java:726)
05-28 16:18:27.916 17000 17000 E AndroidRuntime: 	at com.android.internal.os.ZygoteInit.main(ZygoteInit.java:616)
05-28 16:18:27.916 17000 17000 E AndroidRuntime: Caused by: java.lang.SecurityException: ConnectivityService: Neither user 1001 nor current process has android.permission.ACCESS_NETWORK_STATE.
05-28 16:18:27.916 17000 17000 E AndroidRuntime: 	at android.os.Parcel.readException(Parcel.java:1620)
05-28 16:18:27.916 17000 17000 E AndroidRuntime: 	at android.os.Parcel.readException(Parcel.java:1573)
05-28 16:18:27.916 17000 17000 E AndroidRuntime: 	at android.net.IConnectivityManager$Stub$Proxy.isNetworkSupported(IConnectivityManager.java:1226)
05-28 16:18:27.916 17000 17000 E AndroidRuntime: 	at android.net.ConnectivityManager.isNetworkSupported(ConnectivityManager.java:2049)
05-28 16:18:27.916 17000 17000 E AndroidRuntime: 	at com.android.internal.telephony.RIL.<init>(RIL.java:683)
05-28 16:18:27.916 17000 17000 E AndroidRuntime: 	at com.android.internal.telephony.PhoneFactory.makeDefaultPhone(PhoneFactory.java:154)
05-28 16:18:27.916 17000 17000 E AndroidRuntime: 	at com.android.internal.telephony.PhoneFactory.makeDefaultPhones(PhoneFactory.java:88)
05-28 16:18:27.916 17000 17000 E AndroidRuntime: 	at com.android.internal.telephony.TelephonyPluginBase.makeDefaultPhones(TelephonyPluginBase.java:46)
05-28 16:18:27.916 17000 17000 E AndroidRuntime: 	at com.qti.internal.telephony.QtiTelephonyPlugin.makeDefaultPhones(QtiTelephonyPlugin.java:44)
05-28 16:18:27.916 17000 17000 E AndroidRuntime: 	at com.android.internal.telephony.TelephonyPluginDelegate.makeDefaultPhones(TelephonyPluginDelegate.java:105)
05-28 16:18:27.916 17000 17000 E AndroidRuntime: 	at com.android.phone.PhoneGlobals.onCreate(PhoneGlobals.java:353)
05-28 16:18:27.916 17000 17000 E AndroidRuntime: 	at com.android.phone.PhoneApp.onCreate(PhoneApp.java:56)
05-28 16:18:27.916 17000 17000 E AndroidRuntime: 	at android.app.Instrumentation.callApplicationOnCreate(Instrumentation.java:1014)
05-28 16:18:27.916 17000 17000 E AndroidRuntime: 	at android.app.ActivityThread.handleBindApplication(ActivityThread.java:4768)
05-28 16:18:27.916 17000 17000 E AndroidRuntime: 	... 8 more
05-28 16:18:27.918  1360  1379 W ActivityManager: Process com.android.phone has crashed too many times: killing!
05-28 16:18:27.920 17000 17000 I Process : Sending signal. PID: 17000 SIG: 9
05-28 16:18:27.973  1360  4944 I ActivityManager: Process com.android.phone (pid 17000) has died
05-28 16:18:27.973  1360  4944 D ActivityManager: cleanUpApplicationRecord -- 17000
05-28 16:18:27.975  1360  4944 W ActivityManager: Scheduling restart of crashed service com.android.phone/.TelephonyDebugService in 0ms
05-28 16:18:27.976  1360  4944 W ActivityManager: Re-adding persistent process ProcessRecord{6527987 17000:com.android.phone/1001}
05-28 16:18:27.977  1360  4944 W PackageManager: permission error:1001,android.permission.WRITE_MEDIA_STORAGE
05-28 16:18:27.978  1360  4944 W PackageManager: permission error:1001,android.permission.READ_EXTERNAL_STORAGE
05-28 16:18:28.015  1360  4944 D ActivityManager: am_proc_start:0,17019,1001,com.android.phone,restart,com.android.phone
05-28 16:18:28.016  1360  4944 I ActivityManager: Start proc 17019:com.android.phone/1001 for restart com.android.phone
05-28 16:18:28.027  1360  1360 D BatteryService: isScreenOn=truechargingEnable=true,level=64,status=2,mBatteryLevelLow=false,mIsStatusChangedfalse
05-28 16:18:28.027  1360  1360 D BatteryService: mPlugType=2
05-28 16:18:28.027  1360  1360 D BatteryService: not charge not low64
05-28 16:18:28.028  4885  4885 D HighTemperatureReceiver: Receive action: android.intent.action.BATTERY_CHANGED
05-28 16:18:28.029  4373  4373 D PowerUI : updateBatteryStopChargingNotification(), mTemperature=322 mBatteryPlugged=true mBatteryStopChargingNotification=
05-28 16:18:28.033  8930  8930 D HighTemperatureReceiver: Receive action: android.intent.action.BATTERY_CHANGED
05-28 16:18:28.049  5001  5001 D WeatherService: Failed to load weather profile
05-28 16:18:28.100 17019 17019 W System  : ClassLoader referenced unknown path: /system/priv-app/TeleService/lib/arm64
05-28 16:18:28.117 17019 17019 W System  : ClassLoader referenced unknown path: /system/priv-app/TelephonyProvider/lib/arm64
05-28 16:18:28.134   662  2631 D audio_hw_primary: out_set_parameters: enter: usecase(1: low-latency-playback) kvpairs: routing=2
05-28 16:18:28.134   662  2631 D audio_hw_extn: audio_extn_set_anc_parameters: anc_enabled:0
05-28 16:18:28.145   662  2631 D audio_hw_primary: start_output_stream: enter: stream(0xf28f7000)usecase(1: low-latency-playback) devices(0x2)
05-28 16:18:28.145   662  2631 D audio_hw_primary: select_devices: out_snd_device(2: speaker) in_snd_device(0: )
05-28 16:18:28.145   662  2631 I msm8916_platform: platform_check_and_set_codec_backend_cfg: Usecase bitwidth 16, samplerate 48000, backend_idx 0
05-28 16:18:28.145   662  2631 I msm8916_platform: platform_check_codec_backend_cfg Codec selected backend: 0 current bit width: 16 and sample rate: 48000
05-28 16:18:28.145   662  2631 D msm8916_platform: platform_check_codec_backend_cfg: resetting sample_rate back to default, backend_idx: 0
05-28 16:18:28.146  9708  9708 D stock   : setRefreshStockAlarm
05-28 16:18:28.146   662  2631 I msm8916_platform: platform_check_codec_backend_cfg Codec selected backend: 0 updated bit width: 16 and sample rate: 48000
05-28 16:18:28.147   662  2631 D hardware_info: hw_info_append_hw_type : device_name = speaker
05-28 16:18:28.147   662  2631 D audio_hw_primary: enable_snd_device: snd_device(2: speaker)
05-28 16:18:28.147   662  2631 I soundtrigger: audio_extn_sound_trigger_update_device_status: device 0x2 of type 0 for Event 1, with Raise=0
05-28 16:18:28.148  9708  9708 E ActivityThread: Failed to find provider info for com.dazhihui.android.app
05-28 16:18:28.148  9708  9708 E NewsWidgetService: refreshTimeCursor = null
05-28 16:18:28.148  9708  9708 D stock   : refreshTime = 0
05-28 16:18:28.150  1360  1378 W PackageManager: permission error:10014,android.permission.READ_FRAME_BUFFER
05-28 16:18:28.151   497  1420 W ServiceManager: Permission failure: android.permission.READ_FRAME_BUFFER from uid=10014 pid=4373
05-28 16:18:28.151   497  1420 D PermissionCache: checking android.permission.READ_FRAME_BUFFER for uid=10014 => denied (6484 us)
05-28 16:18:28.151   497  1420 E SurfaceFlinger: Permission Denial: can't read framebuffer pid=4373, uid=10014
05-28 16:18:28.157  4373  4373 W System.err: java.lang.NullPointerException: Attempt to invoke virtual method 'int android.graphics.Bitmap.getWidth()' on a null object reference
05-28 16:18:28.168  4373  4373 W System.err: 	at com.android.systemui.statusbar.phone.PanelView.getBlurImage(PanelView.java:226)
05-28 16:18:28.168  4373  4373 W System.err: 	at com.android.systemui.statusbar.phone.PanelView.schedulePeek(PanelView.java:180)
05-28 16:18:28.168  4373  4373 W System.err: 	at com.android.systemui.statusbar.phone.NotificationPanelView.schedulePeek(NotificationPanelView.java:2826)
05-28 16:18:28.168  4373  4373 W System.err: 	at com.android.systemui.statusbar.phone.PanelView.onTouchEvent(PanelView.java:379)
05-28 16:18:28.168  4373  4373 W System.err: 	at com.android.systemui.statusbar.phone.NotificationPanelView.onTouchEvent(NotificationPanelView.java:920)
05-28 16:18:28.168  4373  4373 W System.err: 	at com.android.systemui.statusbar.phone.PanelBar.onTouchEvent(PanelBar.java:144)
05-28 16:18:28.168  4373  4373 W System.err: 	at com.android.systemui.statusbar.phone.PhoneStatusBarView.onTouchEvent(PhoneStatusBarView.java:159)
05-28 16:18:28.168  4373  4373 W System.err: 	at android.view.View.dispatchTouchEvent(View.java:9312)
05-28 16:18:28.168  4373  4373 W System.err: 	at android.view.ViewGroup.dispatchTransformedTouchEvent(ViewGroup.java:2548)
05-28 16:18:28.168  4373  4373 W System.err: 	at android.view.ViewGroup.dispatchTouchEvent(ViewGroup.java:2241)
05-28 16:18:28.168  4373  4373 W System.err: 	at android.view.ViewGroup.dispatchTransformedTouchEvent(ViewGroup.java:2554)
05-28 16:18:28.168  4373  4373 W System.err: 	at android.view.ViewGroup.dispatchTouchEvent(ViewGroup.java:2198)
05-28 16:18:28.168  4373  4373 W System.err: 	at com.android.systemui.statusbar.phone.StatusBarWindowView.dispatchTouchEvent(StatusBarWindowView.java:209)
05-28 16:18:28.168  4373  4373 W System.err: 	at android.view.View.dispatchPointerEvent(View.java:9532)
05-28 16:18:28.168  4373  4373 W System.err: 	at android.view.ViewRootImpl$ViewPostImeInputStage.processPointerEvent(ViewRootImpl.java:4233)
05-28 16:18:28.168  4373  4373 W System.err: 	at android.view.ViewRootImpl$ViewPostImeInputStage.onProcess(ViewRootImpl.java:4099)
05-28 16:18:28.168  4373  4373 W System.err: 	at android.view.ViewRootImpl$InputStage.deliver(ViewRootImpl.java:3645)
05-28 16:18:28.168  4373  4373 W System.err: 	at android.view.ViewRootImpl$InputStage.onDeliverToNext(ViewRootImpl.java:3698)
05-28 16:18:28.168  4373  4373 W System.err: 	at android.view.ViewRootImpl$InputStage.forward(ViewRootImpl.java:3664)
05-28 16:18:28.168  4373  4373 W System.err: 	at android.view.ViewRootImpl$AsyncInputStage.forward(ViewRootImpl.java:3790)
05-28 16:18:28.168  4373  4373 W System.err: 	at android.view.ViewRootImpl$InputStage.apply(ViewRootImpl.java:3672)
05-28 16:18:28.168  4373  4373 W System.err: 	at android.view.ViewRootImpl$AsyncInputStage.apply(ViewRootImpl.java:3847)
05-28 16:18:28.168  4373  4373 W System.err: 	at android.view.ViewRootImpl$InputStage.deliver(ViewRootImpl.java:3645)
05-28 16:18:28.169  4373  4373 W System.err: 	at android.view.ViewRootImpl$InputStage.onDeliverToNext(ViewRootImpl.java:3698)
05-28 16:18:28.169  4373  4373 W System.err: 	at android.view.ViewRootImpl$InputStage.forward(ViewRootImpl.java:3664)
05-28 16:18:28.169  4373  4373 W System.err: 	at android.view.ViewRootImpl$InputStage.apply(ViewRootImpl.java:3672)
05-28 16:18:28.169  4373  4373 W System.err: 	at android.view.ViewRootImpl$InputStage.deliver(ViewRootImpl.java:3645)
05-28 16:18:28.169  4373  4373 W System.err: 	at android.view.ViewRootImpl.deliverInputEvent(ViewRootImpl.java:5925)
05-28 16:18:28.169  4373  4373 W System.err: 	at android.view.ViewRootImpl.doProcessInputEvents(ViewRootImpl.java:5899)
05-28 16:18:28.169  4373  4373 W System.err: 	at android.view.ViewRootImpl.enqueueInputEvent(ViewRootImpl.java:5860)
05-28 16:18:28.169  4373  4373 W System.err: 	at android.view.ViewRootImpl$WindowInputEventReceiver.onInputEvent(ViewRootImpl.java:6028)
05-28 16:18:28.169  4373  4373 W System.err: 	at android.view.InputEventReceiver.dispatchInputEvent(InputEventReceiver.java:185)
05-28 16:18:28.169  4373  4373 W System.err: 	at android.os.MessageQueue.nativePollOnce(Native Method)
05-28 16:18:28.169  4373  4373 W System.err: 	at android.os.MessageQueue.next(MessageQueue.java:323)
05-28 16:18:28.169  4373  4373 W System.err: 	at android.os.Looper.loop(Looper.java:135)
05-28 16:18:28.169  4373  4373 W System.err: 	at android.app.ActivityThread.main(ActivityThread.java:5478)
05-28 16:18:28.169  4373  4373 W System.err: 	at java.lang.reflect.Method.invoke(Native Method)
05-28 16:18:28.169  4373  4373 W System.err: 	at com.android.internal.os.ZygoteInit$MethodAndArgsCaller.run(ZygoteInit.java:726)
05-28 16:18:28.169  4373  4373 W System.err: 	at com.android.internal.os.ZygoteInit.main(ZygoteInit.java:616)
05-28 16:18:28.171   662  2631 I audio_hw_primary: select_devices Selected apptype: 69937
05-28 16:18:28.171   662  2631 D soundtrigger: audio_extn_sound_trigger_update_stream_status: uc_id 1 of type 0 for Event 3, with Raise=0
05-28 16:18:28.171   662  2631 I audio_hw_utils: audio_extn_utils_send_app_type_cfg app_type 69937, acdb_dev_id 14, sample_rate 48000
05-28 16:18:28.171   662  2631 D ACDB-LOADER: ACDB -> send_audio_cal, acdb_id = 14, path =  0
05-28 16:18:28.171   662  2631 D ACDB-LOADER: ACDB -> send_asm_topology
05-28 16:18:28.171   662  2631 D ACDB-LOADER: ACDB -> ACDB_CMD_GET_AUDPROC_STREAM_TOPOLOGY_ID
05-28 16:18:28.171   662  2631 D ACDB-LOADER: ACDB -> send_adm_topology
05-28 16:18:28.171   662  2631 D ACDB-LOADER: ACDB -> ACDB_CMD_GET_AUDPROC_COMMON_TOPOLOGY_ID
05-28 16:18:28.171   662  2631 D ACDB-LOADER: ACDB -> send_audtable
05-28 16:18:28.171   662  2631 D ACDB-LOADER: ACDB -> ACDB_CMD_GET_AUDPROC_COMMON_TABLE_SIZE
05-28 16:18:28.172   662  2631 D ACDB-LOADER: ACDB -> ACDB_CMD_GET_AUDPROC_COMMON_TABLE
05-28 16:18:28.172   662  2631 D ACDB-LOADER: ACDB -> AUDIO_SET_AUDPROC_CAL
05-28 16:18:28.172   662  2631 D ACDB-LOADER: ACDB -> send_audvoltable
05-28 16:18:28.172   662  2631 D ACDB-LOADER: ACDB -> ACDB_CMD_GET_AUDPROC_GAIN_DEP_STEP_TABLE
05-28 16:18:28.172   662  2631 D ACDB-LOADER: ACDB -> AUDIO_SET_AUDPROC_VOL_CAL
05-28 16:18:28.172   662  2631 D ACDB-LOADER: ACDB -> send_audstrmtable
05-28 16:18:28.172   662  2631 D ACDB-LOADER: ACDB -> ACDB_CMD_GET_AUDPROC_STREAM_TABLE_V2
05-28 16:18:28.172   662  2631 D ACDB-LOADER: ACDB -> audstrm_cal->cal_type.cal_data.cal_size = 32
05-28 16:18:28.172   662  2631 D ACDB-LOADER: ACDB -> send_afe_topology
05-28 16:18:28.172   662  2631 D ACDB-LOADER: ACDB -> ACDB_CMD_GET_AFE_TOPOLOGY_ID
05-28 16:18:28.172   662  2631 D ACDB-LOADER: ACDB -> GET_AFE_TOPOLOGY_ID for adcd_id 14, Topology Id 1025e
05-28 16:18:28.172   662  2631 D ACDB-LOADER: ACDB -> send_afe_cal
05-28 16:18:28.172   662  2631 D ACDB-LOADER: ACDB -> ACDB_CMD_GET_AFE_COMMON_TABLE
05-28 16:18:28.172   662  2631 D ACDB-LOADER: ACDB -> AUDIO_SET_AFE_CAL
05-28 16:18:28.172   662  2631 D ACDB-LOADER: ACDB -> send_hw_delay : acdb_id = 14 path = 0
05-28 16:18:28.172   662  2631 D ACDB-LOADER: ACDB -> ACDB_AVSYNC_INFO: ACDB_CMD_GET_DEVICE_PROPERTY
05-28 16:18:28.172   662  2631 D audio_hw_primary: enable_audio_route: apply mixer and update path: low-latency-playback
05-28 16:18:28.174   662  2631 D audio_hw_primary: select_devices: done
05-28 16:18:28.177 17019 17019 D TelephonyProvider: dbh.onOpen: ok, queried table=siminfo
05-28 16:18:28.178 17019 17019 D TelephonyProvider: dbh.onOpen: ok, queried table=carriers
05-28 16:18:28.181   662  2631 D msm8916_platform: platform_set_channel_map mixer_ctl_name:Playback Channel Map12
05-28 16:18:28.181   662  2631 D msm8916_platform: platform_set_channel_map: set mapping(1 2 0 0 0 0 0 0) for channel:2
05-28 16:18:28.203 17019 17019 W System  : ClassLoader referenced unknown path: /system/app/AutoRegistration/lib/arm64
05-28 16:18:28.216  4373  4373 D PhoneStatusBar: disable: < expand icons alerts SYSTEM_INFO* back home recent clock search quick_settings >
05-28 16:18:28.219  1360  5010 W PackageManager: permission error:10014,android.permission.STATUS_BAR
05-28 16:18:28.220  1360  1396 W ContextImpl: Calling a method in the system process without a qualified user: android.app.ContextImpl.sendBroadcast:767 com.android.server.policy.PhoneWindowManager.navigtionbarUpdate:6360 com.android.server.policy.PhoneWindowManager.access$1000:151 com.android.server.policy.PhoneWindowManager$PolicyHandler.handleMessage:717 android.os.Handler.dispatchMessage:102 
05-28 16:18:28.228  1360  1396 W ContextImpl: Calling a method in the system process without a qualified user: android.app.ContextImpl.sendBroadcast:767 com.android.server.policy.PhoneWindowManager.navigtionbarUpdate:6360 com.android.server.policy.PhoneWindowManager.access$1000:151 com.android.server.policy.PhoneWindowManager$PolicyHandler.handleMessage:717 android.os.Handler.dispatchMessage:102 
05-28 16:18:28.230 17019 17019 W System  : ClassLoader referenced unknown path: /system/app/PhoneFeatures/lib/arm64
05-28 16:18:28.241 17019 17019 W System.err: java.io.FileNotFoundException: userstore/sn: open failed: ENOENT (No such file or directory)
05-28 16:18:28.241 17019 17019 W System.err: 	at libcore.io.IoBridge.open(IoBridge.java:452)
05-28 16:18:28.242 17019 17019 W System.err: 	at java.io.FileInputStream.<init>(FileInputStream.java:76)
05-28 16:18:28.242 17019 17019 W System.err: 	at java.io.FileReader.<init>(FileReader.java:42)
05-28 16:18:28.242 17019 17019 W System.err: 	at com.android.phone.PhoneApp.readSN(PhoneApp.java:67)
05-28 16:18:28.242 17019 17019 W System.err: 	at com.android.phone.PhoneApp.onCreate(PhoneApp.java:48)
05-28 16:18:28.242 17019 17019 W System.err: 	at android.app.Instrumentation.callApplicationOnCreate(Instrumentation.java:1014)
05-28 16:18:28.242 17019 17019 W System.err: 	at android.app.ActivityThread.handleBindApplication(ActivityThread.java:4768)
05-28 16:18:28.242 17019 17019 W System.err: 	at android.app.ActivityThread.access$1600(ActivityThread.java:155)
05-28 16:18:28.242 17019 17019 W System.err: 	at android.app.ActivityThread$H.handleMessage(ActivityThread.java:1410)
05-28 16:18:28.242 17019 17019 W System.err: 	at android.os.Handler.dispatchMessage(Handler.java:102)
05-28 16:18:28.242 17019 17019 W System.err: 	at android.os.Looper.loop(Looper.java:148)
05-28 16:18:28.242 17019 17019 W System.err: 	at android.app.ActivityThread.main(ActivityThread.java:5478)
05-28 16:18:28.242 17019 17019 W System.err: 	at java.lang.reflect.Method.invoke(Native Method)
05-28 16:18:28.242 17019 17019 W System.err: 	at com.android.internal.os.ZygoteInit$MethodAndArgsCaller.run(ZygoteInit.java:726)
05-28 16:18:28.242 17019 17019 W System.err: 	at com.android.internal.os.ZygoteInit.main(ZygoteInit.java:616)
05-28 16:18:28.242  5747  5751 E ANDR-PERF-MPCTL: Invalid profile no. 0, total profiles 0 only
05-28 16:18:28.242 17019 17019 W System.err: Caused by: android.system.ErrnoException: open failed: ENOENT (No such file or directory)
05-28 16:18:28.243 17019 17019 W System.err: 	at libcore.io.Posix.open(Native Method)
05-28 16:18:28.248 17019 17019 W System.err: 	at libcore.io.BlockGuardOs.open(BlockGuardOs.java:186)
05-28 16:18:28.248   662  2631 D audio_hw_primary: start_output_stream: exit
05-28 16:18:28.248 17019 17019 W System.err: 	at libcore.io.IoBridge.open(IoBridge.java:438)
05-28 16:18:28.248 17019 17019 W System.err: 	... 14 more
05-28 16:18:28.278  1360  4327 W PackageManager: permission error:1001,android.permission.ACCESS_NETWORK_STATE
05-28 16:18:28.279 17019 17019 D AndroidRuntime: Shutting down VM
05-28 16:18:28.280 17019 17019 E AndroidRuntime: FATAL EXCEPTION: main
05-28 16:18:28.280 17019 17019 E AndroidRuntime: Process: com.android.phone, PID: 17019
05-28 16:18:28.280 17019 17019 E AndroidRuntime: java.lang.RuntimeException: Unable to create application com.android.phone.PhoneApp: java.lang.SecurityException: ConnectivityService: Neither user 1001 nor current process has android.permission.ACCESS_NETWORK_STATE.
05-28 16:18:28.280 17019 17019 E AndroidRuntime: 	at android.app.ActivityThread.handleBindApplication(ActivityThread.java:4771)
05-28 16:18:28.280 17019 17019 E AndroidRuntime: 	at android.app.ActivityThread.access$1600(ActivityThread.java:155)
05-28 16:18:28.280 17019 17019 E AndroidRuntime: 	at android.app.ActivityThread$H.handleMessage(ActivityThread.java:1410)
05-28 16:18:28.280 17019 17019 E AndroidRuntime: 	at android.os.Handler.dispatchMessage(Handler.java:102)
05-28 16:18:28.280 17019 17019 E AndroidRuntime: 	at android.os.Looper.loop(Looper.java:148)
05-28 16:18:28.280 17019 17019 E AndroidRuntime: 	at android.app.ActivityThread.main(ActivityThread.java:5478)
05-28 16:18:28.280 17019 17019 E AndroidRuntime: 	at java.lang.reflect.Method.invoke(Native Method)
05-28 16:18:28.280 17019 17019 E AndroidRuntime: 	at com.android.internal.os.ZygoteInit$MethodAndArgsCaller.run(ZygoteInit.java:726)
05-28 16:18:28.280 17019 17019 E AndroidRuntime: 	at com.android.internal.os.ZygoteInit.main(ZygoteInit.java:616)
05-28 16:18:28.280 17019 17019 E AndroidRuntime: Caused by: java.lang.SecurityException: ConnectivityService: Neither user 1001 nor current process has android.permission.ACCESS_NETWORK_STATE.
05-28 16:18:28.280 17019 17019 E AndroidRuntime: 	at android.os.Parcel.readException(Parcel.java:1620)
05-28 16:18:28.280 17019 17019 E AndroidRuntime: 	at android.os.Parcel.readException(Parcel.java:1573)
05-28 16:18:28.280 17019 17019 E AndroidRuntime: 	at android.net.IConnectivityManager$Stub$Proxy.isNetworkSupported(IConnectivityManager.java:1226)
05-28 16:18:28.280 17019 17019 E AndroidRuntime: 	at android.net.ConnectivityManager.isNetworkSupported(ConnectivityManager.java:2049)
05-28 16:18:28.280 17019 17019 E AndroidRuntime: 	at com.android.internal.telephony.RIL.<init>(RIL.java:683)
05-28 16:18:28.280 17019 17019 E AndroidRuntime: 	at com.android.internal.telephony.PhoneFactory.makeDefaultPhone(PhoneFactory.java:154)
05-28 16:18:28.280 17019 17019 E AndroidRuntime: 	at com.android.internal.telephony.PhoneFactory.makeDefaultPhones(PhoneFactory.java:88)
05-28 16:18:28.280 17019 17019 E AndroidRuntime: 	at com.android.internal.telephony.TelephonyPluginBase.makeDefaultPhones(TelephonyPluginBase.java:46)
05-28 16:18:28.280 17019 17019 E AndroidRuntime: 	at com.qti.internal.telephony.QtiTelephonyPlugin.makeDefaultPhones(QtiTelephonyPlugin.java:44)
05-28 16:18:28.280 17019 17019 E AndroidRuntime: 	at com.android.internal.telephony.TelephonyPluginDelegate.makeDefaultPhones(TelephonyPluginDelegate.java:105)
05-28 16:18:28.280 17019 17019 E AndroidRuntime: 	at com.android.phone.PhoneGlobals.onCreate(PhoneGlobals.java:353)
05-28 16:18:28.280 17019 17019 E AndroidRuntime: 	at com.android.phone.PhoneApp.onCreate(PhoneApp.java:56)
05-28 16:18:28.280 17019 17019 E AndroidRuntime: 	at android.app.Instrumentation.callApplicationOnCreate(Instrumentation.java:1014)
05-28 16:18:28.280 17019 17019 E AndroidRuntime: 	at android.app.ActivityThread.handleBindApplication(ActivityThread.java:4768)
05-28 16:18:28.280 17019 17019 E AndroidRuntime: 	... 8 more
05-28 16:18:28.283  1360  1379 W ActivityManager: Process com.android.phone has crashed too many times: killing!
05-28 16:18:28.285 17019 17019 I Process : Sending signal. PID: 17019 SIG: 9
05-28 16:18:28.323  1360  4992 W PackageManager: permission error:10014,android.permission.STATUS_BAR
05-28 16:18:28.323  1360  1396 W ContextImpl: Calling a method in the system process without a qualified user: android.app.ContextImpl.sendBroadcast:767 com.android.server.policy.PhoneWindowManager.navigtionbarUpdate:6360 com.android.server.policy.PhoneWindowManager.access$1000:151 com.android.server.policy.PhoneWindowManager$PolicyHandler.handleMessage:717 android.os.Handler.dispatchMessage:102 
05-28 16:18:28.330  1360  5010 W PackageManager: permission error:10014,android.permission.STATUS_BAR_SERVICE
05-28 16:18:28.331  4373  4373 D AndroidRuntime: Shutting down VM
05-28 16:18:28.332  4373  4373 E AndroidRuntime: FATAL EXCEPTION: main
05-28 16:18:28.332  4373  4373 E AndroidRuntime: Process: com.android.systemui, PID: 4373
05-28 16:18:28.332  4373  4373 E AndroidRuntime: java.lang.SecurityException: StatusBarManagerService: Neither user 10014 nor current process has android.permission.STATUS_BAR_SERVICE.
05-28 16:18:28.332  4373  4373 E AndroidRuntime: 	at android.os.Parcel.readException(Parcel.java:1620)
05-28 16:18:28.332  4373  4373 E AndroidRuntime: 	at android.os.Parcel.readException(Parcel.java:1573)
05-28 16:18:28.332  4373  4373 E AndroidRuntime: 	at com.android.internal.statusbar.IStatusBarService$Stub$Proxy.onNotificationVisibilityChanged(IStatusBarService.java:838)
05-28 16:18:28.332  4373  4373 E AndroidRuntime: 	at com.android.systemui.statusbar.phone.PhoneStatusBar.logNotificationVisibilityChanges(PhoneStatusBar.java:3707)
05-28 16:18:28.332  4373  4373 E AndroidRuntime: 	at com.android.systemui.statusbar.phone.PhoneStatusBar.access$2400(PhoneStatusBar.java:231)
05-28 16:18:28.332  4373  4373 E AndroidRuntime: 	at com.android.systemui.statusbar.phone.PhoneStatusBar$8.run(PhoneStatusBar.java:705)
05-28 16:18:28.332  4373  4373 E AndroidRuntime: 	at android.os.Handler.handleCallback(Handler.java:739)
05-28 16:18:28.332  4373  4373 E AndroidRuntime: 	at android.os.Handler.dispatchMessage(Handler.java:95)
05-28 16:18:28.332  4373  4373 E AndroidRuntime: 	at android.os.Looper.loop(Looper.java:148)
05-28 16:18:28.332  4373  4373 E AndroidRuntime: 	at android.app.ActivityThread.main(ActivityThread.java:5478)
05-28 16:18:28.332  4373  4373 E AndroidRuntime: 	at java.lang.reflect.Method.invoke(Native Method)
05-28 16:18:28.332  4373  4373 E AndroidRuntime: 	at com.android.internal.os.ZygoteInit$MethodAndArgsCaller.run(ZygoteInit.java:726)
05-28 16:18:28.332  4373  4373 E AndroidRuntime: 	at com.android.internal.os.ZygoteInit.main(ZygoteInit.java:616)
05-28 16:18:28.334  1360  5040 I ActivityManager: Process com.android.phone (pid 17019) has died
05-28 16:18:28.335  1360  5040 D ActivityManager: cleanUpApplicationRecord -- 17019
05-28 16:18:28.335  1360  5040 W ActivityManager: Scheduling restart of crashed service com.android.phone/.TelephonyDebugService in 0ms
05-28 16:18:28.338  1360  5040 W ActivityManager: Re-adding persistent process ProcessRecord{6527987 17019:com.android.phone/1001}
05-28 16:18:28.339  1360  5040 W PackageManager: permission error:1001,android.permission.WRITE_MEDIA_STORAGE
05-28 16:18:28.340  1360  5040 W PackageManager: permission error:1001,android.permission.READ_EXTERNAL_STORAGE
05-28 16:18:28.355  1360  5040 D ActivityManager: am_proc_start:0,17040,1001,com.android.phone,restart,com.android.phone
05-28 16:18:28.356  1360  5040 I ActivityManager: Start proc 17040:com.android.phone/1001 for restart com.android.phone
05-28 16:18:28.357  4373  4373 I Process : Sending signal. PID: 4373 SIG: 9
05-28 16:18:28.411 17040 17040 W System  : ClassLoader referenced unknown path: /system/priv-app/TeleService/lib/arm64
05-28 16:18:28.425 17040 17040 W System  : ClassLoader referenced unknown path: /system/priv-app/TelephonyProvider/lib/arm64
05-28 16:18:28.452 17040 17040 D TelephonyProvider: dbh.onOpen: ok, queried table=siminfo
05-28 16:18:28.453 17040 17040 D TelephonyProvider: dbh.onOpen: ok, queried table=carriers
05-28 16:18:28.474  1360  1360 W WallpaperManagerService: Wallpaper service gone: ComponentInfo{com.android.systemui/com.android.systemui.ImageWallpaper}
05-28 16:18:28.475  1360  4327 D GraphicsStats: Buffer count: 1
05-28 16:18:28.475  1360  1360 V KeyguardServiceDelegate: *** Keyguard disconnected (boo!)
05-28 16:18:28.475  1360  4089 I WindowState: WIN DEATH: Window{8ad96dd u0 StatusBar}
05-28 16:18:28.477   496   496 I ServiceManager: service 'eben_navigation' died
05-28 16:18:28.478  1360  4224 D WifiService: Client connection lost with reason: 4
05-28 16:18:28.480  1360  4992 W AudioService: Current remote volume controller died, unregistering
05-28 16:18:28.480  1360  4992 W VolumeController: Error calling dismiss
05-28 16:18:28.480  1360  4992 W VolumeController: android.os.DeadObjectException
05-28 16:18:28.480  1360  4992 W VolumeController: 	at android.os.BinderProxy.transactNative(Native Method)
05-28 16:18:28.480  1360  4992 W VolumeController: 	at android.os.BinderProxy.transact(Binder.java:503)
05-28 16:18:28.480  1360  4992 W VolumeController: 	at android.media.IVolumeController$Stub$Proxy.dismiss(IVolumeController.java:162)
05-28 16:18:28.480  1360  4992 W VolumeController: 	at com.android.server.audio.AudioService$VolumeController.postDismiss(AudioService.java:6057)
05-28 16:18:28.480  1360  4992 W VolumeController: 	at com.android.server.audio.AudioService.setVolumeController(AudioService.java:5905)
05-28 16:18:28.480  1360  4992 W VolumeController: 	at com.android.server.audio.AudioService$3.binderDied(AudioService.java:5914)
05-28 16:18:28.480  1360  4992 W VolumeController: 	at android.os.BinderProxy.sendDeathNotice(Binder.java:558)
05-28 16:18:28.481  1360  1396 W ContextImpl: Calling a method in the system process without a qualified user: android.app.ContextImpl.sendBroadcast:767 com.android.server.policy.PhoneWindowManager.navigtionbarUpdate:6360 com.android.server.policy.PhoneWindowManager.access$1000:151 com.android.server.policy.PhoneWindowManager$PolicyHandler.handleMessage:717 android.os.Handler.dispatchMessage:102 
05-28 16:18:28.481  1360  4944 D ConnectivityService: ConnectivityService NetworkRequestInfo binderDied(NetworkRequest [ id=3, legacyType=-1, [] ], android.os.BinderProxy@8cf83f1)
05-28 16:18:28.482  1360  4089 W WindowState: Failed to report 'resized' to the client of Window{4d06383 u0 com.android.systemui.ImageWallpaper}, removing this window.
05-28 16:18:28.482  1360  4226 D ConnectivityService: releasing NetworkRequest NetworkRequest [ id=3, legacyType=-1, [] ]
05-28 16:18:28.488  1360  4224 D WifiService: Client connection lost with reason: 4
05-28 16:18:28.491  1360  1396 W ContextImpl: Calling a method in the system process without a qualified user: android.app.ContextImpl.sendBroadcast:767 com.android.server.policy.PhoneWindowManager.navigtionbarUpdate:6360 com.android.server.policy.PhoneWindowManager.access$1000:151 com.android.server.policy.PhoneWindowManager$PolicyHandler.handleMessage:717 android.os.Handler.dispatchMessage:102 
05-28 16:18:28.492  1360  4063 W InputDispatcher: channel '1b1c495 AssistPreviewPanel (server)' ~ Consumer closed input channel or an error occurred.  events=0x9
05-28 16:18:28.492  1360  4063 E InputDispatcher: channel '1b1c495 AssistPreviewPanel (server)' ~ Channel is unrecoverably broken and will be disposed!
05-28 16:18:28.492  1360  4063 W InputDispatcher: channel '651599b NavigationBar (server)' ~ Consumer closed input channel or an error occurred.  events=0x9
05-28 16:18:28.493  1360  4063 E InputDispatcher: channel '651599b NavigationBar (server)' ~ Channel is unrecoverably broken and will be disposed!
05-28 16:18:28.493  1360  4063 W InputDispatcher: channel '545d1b2 EbenappPanel (server)' ~ Consumer closed input channel or an error occurred.  events=0x9
05-28 16:18:28.493  1360  4063 E InputDispatcher: channel '545d1b2 EbenappPanel (server)' ~ Channel is unrecoverably broken and will be disposed!
05-28 16:18:28.493  1360  4063 W InputDispatcher: channel '9d147d6 ScreenShotPanel (server)' ~ Consumer closed input channel or an error occurred.  events=0x9
05-28 16:18:28.493  1360  4063 E InputDispatcher: channel '9d147d6 ScreenShotPanel (server)' ~ Channel is unrecoverably broken and will be disposed!
05-28 16:18:28.493  1360  4063 W InputDispatcher: channel '1554944 PenPanel (server)' ~ Consumer closed input channel or an error occurred.  events=0x9
05-28 16:18:28.493  1360  4063 E InputDispatcher: channel '1554944 PenPanel (server)' ~ Channel is unrecoverably broken and will be disposed!
05-28 16:18:28.497  1360  4226 E ConnectivityService: RemoteException caught trying to send a callback msg for NetworkRequest [ id=3, legacyType=-1, [] ]
05-28 16:18:28.498  1360  4327 I WindowState: WIN DEATH: Window{1b1c495 u0 AssistPreviewPanel}
05-28 16:18:28.498  1360  4327 W InputDispatcher: Attempted to unregister already unregistered input channel '1b1c495 AssistPreviewPanel (server)'
05-28 16:18:28.502  1360  1378 W WindowManager: Failed looking up window
05-28 16:18:28.502  1360  1378 W WindowManager: java.lang.IllegalArgumentException: Requested window android.os.BinderProxy@1b32a32 does not exist
05-28 16:18:28.502  1360  1378 W WindowManager: 	at com.android.server.wm.WindowManagerService.windowForClientLocked(WindowManagerService.java:8788)
05-28 16:18:28.502  1360  1378 W WindowManager: 	at com.android.server.wm.WindowManagerService.windowForClientLocked(WindowManagerService.java:8779)
05-28 16:18:28.502  1360  1378 W WindowManager: 	at com.android.server.wm.WindowState$DeathRecipient.binderDied(WindowState.java:1216)
05-28 16:18:28.502  1360  1378 W WindowManager: 	at android.os.BinderProxy.sendDeathNotice(Binder.java:558)
05-28 16:18:28.502  1360  1378 I WindowState: WIN DEATH: null
05-28 16:18:28.504  1360  1379 I WindowState: WIN DEATH: Window{651599b u0 NavigationBar}
05-28 16:18:28.504  1360  1379 W InputDispatcher: Attempted to unregister already unregistered input channel '651599b NavigationBar (server)'
05-28 16:18:28.508  1360  5010 I WindowState: WIN DEATH: Window{9d147d6 u0 ScreenShotPanel}
05-28 16:18:28.508  1360  5010 W InputDispatcher: Attempted to unregister already unregistered input channel '9d147d6 ScreenShotPanel (server)'
05-28 16:18:28.511  1360  4978 I WindowState: WIN DEATH: Window{1554944 u0 PenPanel}
05-28 16:18:28.511  1360  4978 W InputDispatcher: Attempted to unregister already unregistered input channel '1554944 PenPanel (server)'
05-28 16:18:28.513  1360  4942 I WindowState: WIN DEATH: Window{545d1b2 u0 EbenappPanel}
05-28 16:18:28.513  1360  4942 W InputDispatcher: Attempted to unregister already unregistered input channel '545d1b2 EbenappPanel (server)'
05-28 16:18:28.518  1360  4941 W PackageManager: permission error:10010,android.permission.STATUS_BAR
05-28 16:18:28.521  1360  1414 W WindowAnimator: Failed to dispatch window animation state change.
05-28 16:18:28.521  1360  1414 W WindowAnimator: android.os.DeadObjectException
05-28 16:18:28.521  1360  1414 W WindowAnimator: 	at android.os.BinderProxy.transactNative(Native Method)
05-28 16:18:28.521  1360  1414 W WindowAnimator: 	at android.os.BinderProxy.transact(Binder.java:503)
05-28 16:18:28.521  1360  1414 W WindowAnimator: 	at android.view.IWindow$Stub$Proxy.onAnimationStarted(IWindow.java:520)
05-28 16:18:28.521  1360  1414 W WindowAnimator: 	at com.android.server.wm.WindowAnimator.updateWindowsLocked(WindowAnimator.java:282)
05-28 16:18:28.521  1360  1414 W WindowAnimator: 	at com.android.server.wm.WindowAnimator.animateLocked(WindowAnimator.java:678)
05-28 16:18:28.521  1360  1414 W WindowAnimator: 	at com.android.server.wm.WindowAnimator.access$000(WindowAnimator.java:53)
05-28 16:18:28.521  1360  1414 W WindowAnimator: 	at com.android.server.wm.WindowAnimator$1.doFrame(WindowAnimator.java:123)
05-28 16:18:28.521  1360  1414 W WindowAnimator: 	at android.view.Choreographer$CallbackRecord.run(Choreographer.java:856)
05-28 16:18:28.521  1360  1414 W WindowAnimator: 	at android.view.Choreographer.doCallbacks(Choreographer.java:670)
05-28 16:18:28.521  1360  1414 W WindowAnimator: 	at android.view.Choreographer.doFrame(Choreographer.java:603)
05-28 16:18:28.521  1360  1414 W WindowAnimator: 	at android.view.Choreographer$FrameDisplayEventReceiver.run(Choreographer.java:844)
05-28 16:18:28.521  1360  1414 W WindowAnimator: 	at android.os.Handler.handleCallback(Handler.java:739)
05-28 16:18:28.521  1360  1414 W WindowAnimator: 	at android.os.Handler.dispatchMessage(Handler.java:95)
05-28 16:18:28.521  1360  1414 W WindowAnimator: 	at android.os.Looper.loop(Looper.java:148)
05-28 16:18:28.521  1360  1414 W WindowAnimator: 	at android.os.HandlerThread.run(HandlerThread.java:61)
05-28 16:18:28.521  1360  1414 W WindowAnimator: 	at com.android.server.ServiceThread.run(ServiceThread.java:46)
05-28 16:18:28.522  1360  1414 W WindowAnimator: Failed to dispatch window animation state change.
05-28 16:18:28.522  1360  1414 W WindowAnimator: android.os.DeadObjectException
05-28 16:18:28.522  1360  1414 W WindowAnimator: 	at android.os.BinderProxy.transactNative(Native Method)
05-28 16:18:28.522  1360  1414 W WindowAnimator: 	at android.os.BinderProxy.transact(Binder.java:503)
05-28 16:18:28.522  1360  1414 W WindowAnimator: 	at android.view.IWindow$Stub$Proxy.onAnimationStarted(IWindow.java:520)
05-28 16:18:28.522  1360  1414 W WindowAnimator: 	at com.android.server.wm.WindowAnimator.updateWindowsLocked(WindowAnimator.java:282)
05-28 16:18:28.522  1360  1414 W WindowAnimator: 	at com.android.server.wm.WindowAnimator.animateLocked(WindowAnimator.java:678)
05-28 16:18:28.522  1360  1414 W WindowAnimator: 	at com.android.server.wm.WindowAnimator.access$000(WindowAnimator.java:53)
05-28 16:18:28.522  1360  1414 W WindowAnimator: 	at com.android.server.wm.WindowAnimator$1.doFrame(WindowAnimator.java:123)
05-28 16:18:28.522  1360  1414 W WindowAnimator: 	at android.view.Choreographer$CallbackRecord.run(Choreographer.java:856)
05-28 16:18:28.522  1360  1414 W WindowAnimator: 	at android.view.Choreographer.doCallbacks(Choreographer.java:670)
05-28 16:18:28.522  1360  1414 W WindowAnimator: 	at android.view.Choreographer.doFrame(Choreographer.java:603)
05-28 16:18:28.522  1360  1414 W WindowAnimator: 	at android.view.Choreographer$FrameDisplayEventReceiver.run(Choreographer.java:844)
05-28 16:18:28.522  1360  1414 W WindowAnimator: 	at android.os.Handler.handleCallback(Handler.java:739)
05-28 16:18:28.522  1360  1414 W WindowAnimator: 	at android.os.Handler.dispatchMessage(Handler.java:95)
05-28 16:18:28.522  1360  1414 W WindowAnimator: 	at android.os.Looper.loop(Looper.java:148)
05-28 16:18:28.522  1360  1414 W WindowAnimator: 	at android.os.HandlerThread.run(HandlerThread.java:61)
05-28 16:18:28.522  1360  1414 W WindowAnimator: 	at com.android.server.ServiceThread.run(ServiceThread.java:46)
05-28 16:18:28.530  1360  4989 I ActivityManager: Process com.android.systemui (pid 4373) has died
05-28 16:18:28.530  1360  4989 D ActivityManager: cleanUpApplicationRecord -- 4373
05-28 16:18:28.530  1360  4989 W ActivityManager: Scheduling restart of crashed service com.android.systemui/.SystemUIService in 0ms
05-28 16:18:28.530  1360  4989 W ActivityManager: Scheduling restart of crashed service com.android.systemui/.keyguard.KeyguardService in 0ms
05-28 16:18:28.530  1360  4989 W ActivityManager: Scheduling restart of crashed service com.android.systemui/.ImageWallpaper in 0ms
05-28 16:18:28.531  1360  4989 W ActivityManager: Re-adding persistent process ProcessRecord{91d1160 4373:com.android.systemui/u0a14}
05-28 16:18:28.532  1360  4989 W PackageManager: permission error:10014,android.permission.WRITE_MEDIA_STORAGE
05-28 16:18:28.532  1360  4989 W PackageManager: permission error:10014,android.permission.READ_EXTERNAL_STORAGE
05-28 16:18:28.538  1360  4283 W InputMethodManagerService: Window already focused, ignoring focus gain of: com.android.internal.view.IInputMethodClient$Stub$Proxy@6da2e57 attribute=null, token = android.os.BinderProxy@9d54fe9
05-28 16:18:28.553  1360  4989 D ActivityManager: am_proc_start:0,17056,10014,com.android.systemui,restart,com.android.systemui
05-28 16:18:28.554  1360  4989 I ActivityManager: Start proc 17056:com.android.systemui/u0a14 for restart com.android.systemui
05-28 16:18:28.556  1360  1396 W ContextImpl: Calling a method in the system process without a qualified user: android.app.ContextImpl.sendBroadcast:767 com.android.server.policy.PhoneWindowManager.navigtionbarUpdate:6360 com.android.server.policy.PhoneWindowManager.access$1000:151 com.android.server.policy.PhoneWindowManager$PolicyHandler.handleMessage:717 android.os.Handler.dispatchMessage:102 
05-28 16:18:28.556  1360  1396 W ContextImpl: Calling a method in the system process without a qualified user: android.app.ContextImpl.sendBroadcast:767 com.android.server.policy.PhoneWindowManager.navigtionbarUpdate:6360 com.android.server.policy.PhoneWindowManager.access$1000:151 com.android.server.policy.PhoneWindowManager$PolicyHandler.handleMessage:717 android.os.Handler.dispatchMessage:102 
05-28 16:18:28.557  1360  1396 W ContextImpl: Calling a method in the system process without a qualified user: android.app.ContextImpl.sendBroadcast:767 com.android.server.policy.PhoneWindowManager.navigtionbarUpdate:6360 com.android.server.policy.PhoneWindowManager.access$1000:151 com.android.server.policy.PhoneWindowManager$PolicyHandler.handleMessage:717 android.os.Handler.dispatchMessage:102 
05-28 16:18:28.557  1360  1396 W ContextImpl: Calling a method in the system process without a qualified user: android.app.ContextImpl.sendBroadcast:767 com.android.server.policy.PhoneWindowManager.navigtionbarUpdate:6360 com.android.server.policy.PhoneWindowManager.access$1000:151 com.android.server.policy.PhoneWindowManager$PolicyHandler.handleMessage:717 android.os.Handler.dispatchMessage:102 
05-28 16:18:28.557  1360  1396 W ContextImpl: Calling a method in the system process without a qualified user: android.app.ContextImpl.sendBroadcast:767 com.android.server.policy.PhoneWindowManager.navigtionbarUpdate:6360 com.android.server.policy.PhoneWindowManager.access$1000:151 com.android.server.policy.PhoneWindowManager$PolicyHandler.handleMessage:717 android.os.Handler.dispatchMessage:102 
05-28 16:18:28.557  1360  1396 W ContextImpl: Calling a method in the system process without a qualified user: android.app.ContextImpl.sendBroadcast:767 com.android.server.policy.PhoneWindowManager.navigtionbarUpdate:6360 com.android.server.policy.PhoneWindowManager.access$1000:151 com.android.server.policy.PhoneWindowManager$PolicyHandler.handleMessage:717 android.os.Handler.dispatchMessage:102 
05-28 16:18:28.557  1360  1396 W PackageManager: permission error:10014,android.permission.INTERNET
05-28 16:18:28.559 17040 17040 W System  : ClassLoader referenced unknown path: /system/app/AutoRegistration/lib/arm64
05-28 16:18:28.579 17040 17040 W System  : ClassLoader referenced unknown path: /system/app/PhoneFeatures/lib/arm64
05-28 16:18:28.589 17040 17040 W System.err: java.io.FileNotFoundException: userstore/sn: open failed: ENOENT (No such file or directory)
05-28 16:18:28.589 17040 17040 W System.err: 	at libcore.io.IoBridge.open(IoBridge.java:452)
05-28 16:18:28.589 17040 17040 W System.err: 	at java.io.FileInputStream.<init>(FileInputStream.java:76)
05-28 16:18:28.589 17040 17040 W System.err: 	at java.io.FileReader.<init>(FileReader.java:42)
05-28 16:18:28.589 17040 17040 W System.err: 	at com.android.phone.PhoneApp.readSN(PhoneApp.java:67)
05-28 16:18:28.589 17040 17040 W System.err: 	at com.android.phone.PhoneApp.onCreate(PhoneApp.java:48)
05-28 16:18:28.589 17040 17040 W System.err: 	at android.app.Instrumentation.callApplicationOnCreate(Instrumentation.java:1014)
05-28 16:18:28.589 17040 17040 W System.err: 	at android.app.ActivityThread.handleBindApplication(ActivityThread.java:4768)
05-28 16:18:28.589 17040 17040 W System.err: 	at android.app.ActivityThread.access$1600(ActivityThread.java:155)
05-28 16:18:28.589 17040 17040 W System.err: 	at android.app.ActivityThread$H.handleMessage(ActivityThread.java:1410)
05-28 16:18:28.589 17040 17040 W System.err: 	at android.os.Handler.dispatchMessage(Handler.java:102)
05-28 16:18:28.589 17040 17040 W System.err: 	at android.os.Looper.loop(Looper.java:148)
05-28 16:18:28.589 17040 17040 W System.err: 	at android.app.ActivityThread.main(ActivityThread.java:5478)
05-28 16:18:28.589 17040 17040 W System.err: 	at java.lang.reflect.Method.invoke(Native Method)
05-28 16:18:28.589 17040 17040 W System.err: 	at com.android.internal.os.ZygoteInit$MethodAndArgsCaller.run(ZygoteInit.java:726)
05-28 16:18:28.589 17040 17040 W System.err: 	at com.android.internal.os.ZygoteInit.main(ZygoteInit.java:616)
