01-09 14:14:56.562   601   601 W PackageParser: Ignoring duplicate uses-permissions/uses-permissions-sdk-m: android.permission.WRITE_CONTACTS in package: com.android.email at: Binary XML file line #40
01-09 14:14:56.598   327   327 I ServiceManager: Waiting for service sensorservice...
01-09 14:14:56.646   601   601 W PackageParser: Unknown element under <application>: permission at /system/app/Gallery2/Gallery2.apk Binary XML file line #245
01-09 14:14:56.646   601   601 W PackageParser: Unknown element under <application>: permission at /system/app/Gallery2/Gallery2.apk Binary XML file line #248
01-09 14:14:56.648   327   327 I ServiceManager: Waiting for service sensorservice...
01-09 14:14:56.699   327   327 I ServiceManager: Waiting for service sensorservice...
01-09 14:14:56.735   601   601 I PackageManager: /system/app/Launcher3 changed; collecting certs
01-09 14:14:56.749   327   327 I ServiceManager: Waiting for service sensorservice...
01-09 14:14:56.753   601   601 W PackageManager: Failed to parse /system/app/Launcher3: Application package com.android.launcher3 already installed.  Skipping duplicate.
01-09 14:14:56.800   327   327 I ServiceManager: Waiting for service sensorservice...
01-09 14:14:56.850   327   327 I ServiceManager: Waiting for service sensorservice...
01-09 14:14:56.901   327   327 I ServiceManager: Waiting for service sensorservice...
01-09 14:14:56.931   601   601 W PackageParser: Unknown element under <intent-filter>: categary at /system/app/RFTestTool/RFTestTool.apk Binary XML file line #18
01-09 14:14:56.951   327   327 I ServiceManager: Waiting for service sensorservice...
01-09 14:14:56.968   601   601 W PackageParser: Ignoring duplicate uses-permissions/uses-permissions-sdk-m: android.permission.DEVICE_POWER in package: android.rk.RockVideoPlayer at: Binary XML file line #25
01-09 14:14:57.002   327   327 I ServiceManager: Waiting for service sensorservice...
01-09 14:14:57.052   327   327 I ServiceManager: Waiting for service sensorservice...
01-09 14:14:57.063   601   601 D PackageManager: No files in app dir /system/vendor/app
01-09 14:14:57.063   601   601 D PackageManager: No files in app dir /oem/app
01-09 14:14:57.063   601   601 D PackageManager: No files in app dir /system/vendor/bundled_uninstall_gone-app
01-09 14:14:57.064   601   601 D PackageManager: No files in app dir /system/vendor/bundled_uninstall_back-app
01-09 14:14:57.064   601   601 D PackageManager: No files in app dir /system/vendor/bundled_persist-app
01-09 14:14:57.067   601   601 D PackageManager: No files in app dir /data/app
01-09 14:14:57.067   601   601 D PackageManager: No files in app dir /data/app-private
01-09 14:14:57.068   601   601 D PackageManager: No files in app dir /data/app-ephemeral
01-09 14:14:57.070   601   601 W PackageManager: Protected action; cap priority to 0; package: com.android.cts.priv.ctsshim activity: com.android.cts.priv.ctsshim.InstallPriority origPrio: 100
01-09 14:14:57.070   601   601 W PackageManager: Protected action; cap priority to 0; package: com.android.cts.priv.ctsshim activity: com.android.cts.priv.ctsshim.InstallPriority origPrio: 100
01-09 14:14:57.070   601   601 W PackageManager: Protected action; cap priority to 0; package: com.android.cts.priv.ctsshim activity: com.android.cts.priv.ctsshim.InstallPriority origPrio: 100
01-09 14:14:57.070   601   601 W PackageManager: Protected action; cap priority to 0; package: com.android.cts.priv.ctsshim activity: com.android.cts.priv.ctsshim.InstallPriority origPrio: 100
01-09 14:14:57.070   601   601 W PackageManager: Protected action; cap priority to 0; package: com.android.packageinstaller activity: com.android.packageinstaller.PackageInstallerActivity origPrio: 1
01-09 14:14:57.070   601   601 W PackageManager: Package com.android.gallery3d desires unavailable shared library com.google.android.media.effects; ignoring!
01-09 14:14:57.071   601   601 W PackageManager: Package com.android.gallery3d desires unavailable shared library com.google.android.media.effects; ignoring!
01-09 14:14:57.071   601   601 I PackageManager: Adjusting ABI for com.android.providers.downloads.ui to arm64-v8a (requirer=com.android.mtp, scannedPackage=null)
01-09 14:14:57.072   601   601 I PackageManager: Adjusting ABI for com.android.providers.downloads to arm64-v8a (requirer=com.android.mtp, scannedPackage=null)
01-09 14:14:57.073   601   601 I PackageManager: Adjusting ABI for com.android.providers.media to arm64-v8a (requirer=com.android.mtp, scannedPackage=null)
01-09 14:14:57.074   601   601 I PackageManager: Adjusting ABI for com.android.settings to arm64-v8a (requirer=android.rockchip.update.service, scannedPackage=null)
01-09 14:14:57.075   601   601 I PackageManager: Adjusting ABI for com.android.providers.settings to arm64-v8a (requirer=android.rockchip.update.service, scannedPackage=null)
01-09 14:14:57.076   601   601 I PackageManager: Adjusting ABI for com.android.wallpaperbackup to arm64-v8a (requirer=android.rockchip.update.service, scannedPackage=null)
01-09 14:14:57.076   601   601 I PackageManager: Adjusting ABI for com.android.location.fused to arm64-v8a (requirer=android.rockchip.update.service, scannedPackage=null)
01-09 14:14:57.077   601   601 I PackageManager: Adjusting ABI for com.cghs.stresstest to arm64-v8a (requirer=android.rockchip.update.service, scannedPackage=null)
01-09 14:14:57.078   601   601 I PackageManager: Adjusting ABI for com.android.rk.mediafloat to arm64-v8a (requirer=android.rockchip.update.service, scannedPackage=null)
01-09 14:14:57.078   601   601 I PackageManager: Adjusting ABI for com.android.keychain to arm64-v8a (requirer=android.rockchip.update.service, scannedPackage=null)
01-09 14:14:57.079   601   601 I PackageManager: Adjusting ABI for com.android.soundrecorder to arm64-v8a (requirer=android.rockchip.update.service, scannedPackage=null)
01-09 14:14:57.080   601   601 I PackageManager: Adjusting ABI for com.android.inputdevices to arm64-v8a (requirer=android.rockchip.update.service, scannedPackage=null)
01-09 14:14:57.080   601   601 I PackageManager: Adjusting ABI for com.android.server.telecom to arm64-v8a (requirer=android.rockchip.update.service, scannedPackage=null)
01-09 14:14:57.081   601   601 I PackageManager: Adjusting ABI for com.DeviceTest to arm64-v8a (requirer=android.rockchip.update.service, scannedPackage=null)
01-09 14:14:57.096   601   601 I PackageManager: Time to scan packages: 2.324 seconds
01-09 14:14:57.097   601   601 W PackageManager: Unknown permission com.google.android.googleapps.permission.GOOGLE_AUTH in package com.android.providers.calendar
01-09 14:14:57.097   601   601 W PackageManager: Unknown permission com.google.android.googleapps.permission.GOOGLE_AUTH.cl in package com.android.providers.calendar
01-09 14:14:57.098   601   601 W PackageManager: Not granting permission android.permission.WRITE_MEDIA_STORAGE to package com.ebensz.enote.notepad (protectionLevel=18 flags=0x3858be47)
01-09 14:14:57.098   601   601 W PackageManager: Not granting permission android.permission.READ_LOGS to package com.ebensz.enote.notepad (protectionLevel=50 flags=0x3858be47)
01-09 14:14:57.098   601   601 W PackageManager: Not granting permission android.permission.CHANGE_CONFIGURATION to package com.ebensz.enote.notepad (protectionLevel=50 flags=0x3858be47)
01-09 14:14:57.098   601   601 W PackageManager: Not granting permission android.permission.GLOBAL_SEARCH to package com.android.quicksearchbox (protectionLevel=18 flags=0x3808be45)
01-09 14:14:57.098   601   601 W PackageManager: Unknown permission android.permission.READ_OWNER_DATA in package com.ebensz.enote.calendar
01-09 14:14:57.098   601   601 W PackageManager: Unknown permission com.google.android.googleapps.permission.GOOGLE_AUTH.mail in package com.ebensz.enote.calendar
01-09 14:14:57.098   601   601 W PackageManager: Unknown permission android.permission.SYSTEM_OVERLAY_WINDOW in package com.ebensz.softkeyboard
01-09 14:14:57.099   601   601 W PackageManager: Unknown permission com.android.launcher.permission.READ_SETTINGS in package com.android.launcher3
01-09 14:14:57.099   601   601 W PackageManager: Unknown permission com.android.launcher.permission.WRITE_SETTINGS in package com.android.launcher3
01-09 14:14:57.099   601   601 W PackageManager: Unknown permission com.android.launcher.permission.READ_SETTINGS in package com.ebensz.filemanager
01-09 14:14:57.099   601   601 W PackageManager: Unknown permission com.android.launcher.permission.WRITE_SETTINGS in package com.ebensz.filemanager
01-09 14:14:57.099   601   601 W PackageManager: Unknown permission com.android.launcher.permission.MOUNT_UNMOUNT_FILESYSTEMS in package com.ebensz.filemanager
01-09 14:14:57.099   601   601 W PackageManager: Unknown permission android.permission.ACCESS_SUPERUSER in package com.ebensz.filemanager
01-09 14:14:57.099   601   601 W PackageManager: Unknown permission android.permission.USB_PERMISSION in package com.ebensz.filemanager
01-09 14:14:57.100   601   601 W PackageManager: Not granting permission android.permission.MOUNT_UNMOUNT_FILESYSTEMS to package com.ebensz.enote.draft (protectionLevel=18 flags=0x3818be45)
01-09 14:14:57.100   601   601 W PackageManager: Not granting permission android.permission.WRITE_MEDIA_STORAGE to package com.ebensz.enote.draft (protectionLevel=18 flags=0x3818be45)
01-09 14:14:57.100   601   601 W PackageManager: Not granting permission android.permission.READ_LOGS to package com.ebensz.enote.draft (protectionLevel=50 flags=0x3818be45)
01-09 14:14:57.100   601   601 W PackageManager: Unknown permission android.permission.READ_MEDIA_STORAGE in package com.ebensz.enote.entry
01-09 14:14:57.100   601   601 W PackageManager: Not granting permission android.permission.MOUNT_UNMOUNT_FILESYSTEMS to package com.ebensz.enote.designer (protectionLevel=18 flags=0x3818be45)
01-09 14:14:57.100   601   601 W PackageManager: Unknown permission android.permission.READ_MEDIA_STORAGE in package com.ebensz.enote.designer
01-09 14:14:57.100   601   601 W PackageManager: Not granting permission android.permission.WRITE_MEDIA_STORAGE to package com.ebensz.enote.designer (protectionLevel=18 flags=0x3818be45)
01-09 14:14:57.100   601   601 W PackageManager: Not granting permission android.permission.READ_LOGS to package com.ebensz.enote.designer (protectionLevel=50 flags=0x3818be45)
01-09 14:14:57.100   601   601 W PackageManager: Not granting permission com.android.email.permission.ACCESS_PROVIDER to package com.ebensz.office (protectionLevel=2 flags=0x1818be45)
01-09 14:14:57.100   601   601 W PackageManager: Not granting permission android.permission.ACCESS_ALL_DOWNLOADS to package com.ebensz.office (protectionLevel=2 flags=0x1818be45)
01-09 14:14:57.100   601   601 W PackageManager: Unknown permission android.permission.READ_MEDIA_STORAGE in package com.ebensz.office
01-09 14:14:57.100   601   601 W PackageManager: Unknown permission com.android.launcher.permission.READ_SETTINGS in package com.android.onetimeinitializer
01-09 14:14:57.100   601   601 W PackageManager: Unknown permission com.android.launcher.permission.WRITE_SETTINGS in package com.android.onetimeinitializer
01-09 14:14:57.101   601   601 W PackageManager: Unknown permission com.google.android.permission.INSTALL_WEARABLE_PACKAGES in package com.android.packageinstaller
01-09 14:14:57.101   601   601 W PackageManager: Not granting permission android.permission.DELETE_PACKAGES to package com.svox.pico (protectionLevel=18 flags=0x3808be45)
01-09 14:14:57.101   601   601 W PackageManager: Unknown permission com.google.android.gallery3d.permission.PICASA_STORE in package com.android.dreams.phototable
01-09 14:14:57.101   601   601 W PackageManager: Unknown permission com.android.email.permission..ACCESS_PROVIDER in package com.ebensz.office.entry
01-09 14:14:57.101   601   601 W PackageManager: Not granting permission android.permission.MOUNT_UNMOUNT_FILESYSTEMS to package com.ebensz.office.entry (protectionLevel=18 flags=0x3808be47)
01-09 14:14:57.101   601   601 W PackageManager: Not granting permission android.permission.READ_LOGS to package com.ebensz.office.entry (protectionLevel=50 flags=0x3808be47)
01-09 14:14:57.101   601   601 W PackageManager: Not granting permission android.permission.CHANGE_CONFIGURATION to package com.ebensz.office.entry (protectionLevel=50 flags=0x3808be47)
01-09 14:14:57.101   601   601 W PackageManager: Not granting permission android.permission.WRITE_SECURE_SETTINGS to package com.ebensz.password (protectionLevel=50 flags=0x3808be47)
01-09 14:14:57.101   601   601 W PackageManager: Not granting permission android.permission.MOUNT_UNMOUNT_FILESYSTEMS to package com.ebensz.enote.memo (protectionLevel=18 flags=0x1818be45)
01-09 14:14:57.101   601   601 W PackageManager: Not granting permission android.permission.START_ANY_ACTIVITY to package com.ebensz.enote.memo (protectionLevel=2 flags=0x1818be45)
01-09 14:14:57.101   601   601 W PackageManager: Not granting permission android.permission.STOP_APP_SWITCHES to package com.ebensz.enote.memo (protectionLevel=18 flags=0x1818be45)
01-09 14:14:57.102   601   601 W PackageManager: Unknown permission com.google.android.googleapps.permission.GOOGLE_AUTH in package com.android.settings
01-09 14:14:57.102   601   601 W PackageManager: Unknown permission com.android.launcher.permission.READ_SETTINGS in package com.android.settings
01-09 14:14:57.102   601   601 W PackageManager: Unknown permission com.android.launcher.permission.WRITE_SETTINGS in package com.android.settings
01-09 14:14:57.102   601   601 W PackageManager: Unknown permission com.android.launcher.permission.READ_SETTINGS in package com.ebensz.enote.meeting
01-09 14:14:57.102   601   601 W PackageManager: Unknown permission android.permission.ACCESS_GPS in package com.ebensz.enote.meeting
01-09 14:14:57.102   601   601 W PackageManager: Unknown permission com.google.android.googleapps.permission.GOOGLE_AUTH.mail in package com.ebensz.enote.meeting
01-09 14:14:57.103   601   601 W PackageManager: Not granting permission com.android.email.permission.ACCESS_PROVIDER to package com.ebensz.widgets.pad (protectionLevel=2 flags=0x3808be47)
01-09 14:14:57.103   601   601 W PackageManager: Unknown permission com.ebensz.email.permission.ACCESS_PROVIDER in package com.ebensz.widgets.pad
01-09 14:14:57.104   601   601 W PackageManager: Unknown permission com.google.android.googleapps.permission.GOOGLE_AUTH.mail in package com.ebensz.enote.widget
01-09 14:14:57.104   601   601 W PackageManager: Unknown permission com.android.launcher.permission.READ_SETTINGS in package com.DeviceTest
01-09 14:14:57.104   601   601 W PackageManager: Unknown permission com.google.android.gallery3d.permission.GALLERY_PROVIDER in package com.android.bluetooth
01-09 14:14:57.104   601   601 W PackageManager: Unknown permission rockchip.permission.FULL_SCREEN in package android.rk.RockVideoPlayer
01-09 14:14:57.104   601   601 W PackageManager: Unknown permission android.permission.RAISED_THREAD_PRIORITY in package android.rk.RockVideoPlayer
01-09 14:14:57.104   601   601 W PackageManager: Unknown permission android.permission.FULL_SCREEN in package android.rk.RockVideoPlayer
01-09 14:14:57.104   601   601 W PackageManager: Unknown permission archos.permission.FULL_SCREEN in package android.rk.RockVideoPlayer
01-09 14:14:57.105   601   601 V PackageManager: reconcileAppsData for null u0 0x3
01-09 14:14:57.114   329   329 I SELinux : SELinux: Loaded file_contexts contexts from /file_contexts.bin.
01-09 14:14:58.103   327   327 I ServiceManager: Waiting for service sensorservice...
01-09 14:14:58.154   327   327 I ServiceManager: Waiting for service sensorservice...
01-09 14:14:58.184   601   601 V PackageManager: reconcileAppsData finished 95 packages
01-09 14:14:58.205   327   327 I ServiceManager: Waiting for service sensorservice...
01-09 14:14:58.246   601   601 E PackageManager: There should probably be a verifier, but, none were found
01-09 14:14:58.256   601   601 D PackageManager: Ephemeral resolver NOT found; no matching intent filters
01-09 14:14:58.256   601   601 I PackageManager: Ephemeral deactivated; missing resolver and installer
01-09 14:14:58.256   327   327 I ServiceManager: Waiting for service sensorservice...
01-09 14:14:58.257   601   601 I art     : Starting a blocking GC Explicit
01-09 14:14:58.257   601   614 W art     : Long monitor contention with owner main (601) at int android.net.LocalSocketImpl.readba_native(byte[], int, int, java.io.FileDescriptor)(LocalSocketImpl.java:-2) waiters=0 in void com.android.server.pm.Settings$RuntimePermissionPersistence.writePermissionsSync(int) for 914ms
01-09 14:14:58.307   327   327 I ServiceManager: Waiting for service sensorservice...
01-09 14:14:58.318   601   601 I art     : Explicit concurrent mark sweep GC freed 28082(1673KB) AllocSpace objects, 5(100KB) LOS objects, 33% free, 5MB/8MB, paused 706us total 60.937ms
01-09 14:14:58.320   238   238 E ServiceManager: SELinux: hanpengcheng svc_can_register add package , uid 1000.
01-09 14:14:58.321   601   601 I SystemServer: StartOtaDexOptService
01-09 14:14:58.322   238   238 E ServiceManager: SELinux: hanpengcheng svc_can_register add otadexopt , uid 1000.
01-09 14:14:58.323   601   601 I SystemServer: StartUserManagerService
01-09 14:14:58.323   601   601 I SystemServiceManager: Starting com.android.server.pm.UserManagerService$LifeCycle
01-09 14:14:58.323   238   238 E ServiceManager: SELinux: hanpengcheng svc_can_register add user , uid 1000.
01-09 14:14:58.324   238   238 E ServiceManager: SELinux: hanpengcheng svc_can_register add activity , uid 1000.
01-09 14:14:58.325   238   238 E ServiceManager: SELinux: hanpengcheng svc_can_register add procstats , uid 1000.
01-09 14:14:58.328   238   238 E ServiceManager: SELinux: hanpengcheng svc_can_register add meminfo , uid 1000.
01-09 14:14:58.329   238   238 E ServiceManager: SELinux: hanpengcheng svc_can_register add gfxinfo , uid 1000.
01-09 14:14:58.330   238   238 E ServiceManager: SELinux: hanpengcheng svc_can_register add dbinfo , uid 1000.
01-09 14:14:58.330   238   238 E ServiceManager: SELinux: hanpengcheng svc_can_register add cpuinfo , uid 1000.
01-09 14:14:58.331   238   238 E ServiceManager: SELinux: hanpengcheng svc_can_register add permission , uid 1000.
01-09 14:14:58.332   238   238 E ServiceManager: SELinux: hanpengcheng svc_can_register add processinfo , uid 1000.
01-09 14:14:58.340   237   237 I lowmemorykiller: ActivityManager connected
01-09 14:14:58.344   601   601 I SystemServiceManager: Starting com.android.server.BatteryService
01-09 14:14:58.346   601   629 D SensorService: nuSensorService starting...
01-09 14:14:58.353   601   629 D SensorsHal: sensor hal  v1.5 add angle calculation and calibration of gsensor support 2013-9-1
01-09 14:14:58.354   601   629 E SensorsHal: couldn't find 'proximity' input device
01-09 14:14:58.355   601   629 D SensorsHal: Couldn't open /dev/psensor (No such file or directory)
01-09 14:14:58.355   601   629 E SensorsHal: couldn't find 'compass' input device
01-09 14:14:58.355   601   629 D SensorsHal: Couldn't open /dev/compass (No such file or directory)
01-09 14:14:58.355   601   629 E SensorsHal: couldn't find 'gyro' input device
01-09 14:14:58.355   601   629 D SensorsHal: Couldn't open /dev/gyrosensor (No such file or directory)
01-09 14:14:58.355   601   629 D SensorsHal: GyroSensor::GyroSensor():No such file or directory
01-09 14:14:58.355   601   629 E SensorsHal: couldn't find 'pressure' input device
01-09 14:14:58.356   601   629 D SensorsHal: Couldn't open /dev/pressure (No such file or directory)
01-09 14:14:58.356   601   629 E SensorsHal: couldn't find 'temperature' input device
01-09 14:14:58.356   601   629 D SensorsHal: Couldn't open /dev/temperature (No such file or directory)
01-09 14:14:58.356   601   629 D SensorService: transform_for_pre_rotation 0x00000000 (ROT_0 , IDENTITY )
01-09 14:14:58.356   601   629 D SensorService: 1.0000  0.0000  0.0000
01-09 14:14:58.356   601   629 D SensorService: 0.0000  1.0000  0.0000
01-09 14:14:58.356   601   629 D SensorService: 0.0000  0.0000  1.0000
01-09 14:14:58.358   327   327 I ServiceManager: Waiting for service sensorservice...
01-09 14:14:58.361   601   618 E BatteryStatsService: power: Missing API
01-09 14:14:58.362   238   238 E ServiceManager: SELinux: hanpengcheng svc_can_register add battery , uid 1000.
01-09 14:14:58.368   601   601 I SystemServiceManager: Starting com.android.server.usage.UsageStatsService
01-09 14:14:58.368   238   238 E ServiceManager: SELinux: hanpengcheng svc_can_register add sensorservice , uid 1000.
01-09 14:14:58.369   601   631 D SensorService: nuSensorService thread starting...
01-09 14:14:58.369   601   630 D SensorService: new thread SensorEventAckReceiver
01-09 14:14:58.397   238   238 E ServiceManager: SELinux: hanpengcheng svc_can_register add usagestats , uid 1000.
01-09 14:14:58.404   601   601 I SystemServiceManager: Starting com.android.server.webkit.WebViewUpdateService
01-09 14:14:58.413   327   327 D CameraHal: enableSensor(213): orientation = 0xf488d410 (Gravity sensor)
01-09 14:14:58.414   601   612 E BatteryStatsService: power: Missing API
01-09 14:14:58.423   327   502 D CameraHal: commandThread(1028): commandThread(1028):receive CMD_SET_PREVIEW_WINDOW
01-09 14:14:58.424   327   502 D CameraHal: commandThread(1044): commandThread(1044): CMD_SET_PREVIEW_WINDOW out
01-09 14:14:58.424   327   502 D CameraHal: isNeedToRestartPreview(175): mPreviewFrame2AppW (4096x3072)
01-09 14:14:58.424   327   502 D CameraHal: isNeedToRestartPreview(176): mCamPreviewW (640x480)
01-09 14:14:58.424   327   502 D CameraHal: isNeedToRestartPreview(177): video width (4096x3072)
01-09 14:14:58.425   327   502 D CameraHal: commandThread(1002): commandThread(1002):receive CMD_PREVIEW_STOP
01-09 14:14:58.425   327   502 D CameraHal: commandThread(1023): commandThread(1023): CMD_PREVIEW_STOP out
01-09 14:14:58.425   327   327 D CameraHal: stopPreview(447): stop preview OK.
01-09 14:14:58.425   327   502 D CameraHal: commandThread(1028): commandThread(1028):receive CMD_SET_PREVIEW_WINDOW
01-09 14:14:58.425   327   502 W CameraHal: setPreviewWindow(210): set preview window null,stop display?
01-09 14:14:58.426   327   420 D CameraHal: displayThread(670): displayThread(670): receive CMD_DISPLAY_PAUSE
01-09 14:14:58.426   327   420 D CameraHal: cameraDisplayBufferDestory(449): cameraDisplayBufferDestory(449): mANativeWindow is NULL, destory is ignore
01-09 14:14:58.426   327   502 D CameraHal: commandThread(1044): commandThread(1044): CMD_SET_PREVIEW_WINDOW out
01-09 14:14:58.426   327   327 I CameraFlashlight: Destroying camera 0
01-09 14:14:58.426   327   327 D CameraHal: camera_device_close(454): camera_device_close
01-09 14:14:58.427   327   327 D CameraHal: disableSensor(239): orientation = 0xf488d410 (Gravity sensor)
01-09 14:14:58.427   238   238 E ServiceManager: SELinux: hanpengcheng svc_can_register add webviewupdate , uid 1000.
01-09 14:14:58.430   601   601 I SystemServer: Reading configuration...
01-09 14:14:58.430   601   601 I SystemServer: StartSchedulingPolicyService
01-09 14:14:58.431   238   238 E ServiceManager: SELinux: hanpengcheng svc_can_register add scheduling_policy , uid 1000.
01-09 14:14:58.433   601   601 I SystemServiceManager: Starting com.android.server.telecom.TelecomLoaderService
01-09 14:14:58.436   327   327 D CameraHal: ~SensorListener(109): Kill looper thread
01-09 14:14:58.436   601   601 I SystemServer: StartTelephonyRegistry
01-09 14:14:58.436   327   327 D CameraHal: ~SensorListener(121): Kill looper
01-09 14:14:58.436   327   327 D CameraHal: ~SensorListener(127): SensorListener destroyed
01-09 14:14:58.436   327   420 D CameraHal: displayThread(682): displayThread(682): receive CMD_DISPLAY_STOP
01-09 14:14:58.436   327   420 D CameraHal: cameraDisplayBufferDestory(449): cameraDisplayBufferDestory(449): mANativeWindow is NULL, destory is ignore
01-09 14:14:58.437   327   422 D CameraHal: encProcessThread(2036): encProcessThread(2036): receive CMD_ENCPROCESS_EXIT
01-09 14:14:58.444   238   238 E ServiceManager: SELinux: hanpengcheng svc_can_register add telephony.registry , uid 1000.
01-09 14:14:58.445   601   601 I SystemServer: StartEntropyMixer
01-09 14:14:58.448   601   601 I EntropyMixer: Writing entropy...
01-09 14:14:58.455   601   601 I SystemServer: Camera Service
01-09 14:14:58.460   601   601 I SystemServiceManager: Starting com.android.server.camera.CameraService
01-09 14:14:58.464   601   638 I ServiceThread: Enabled StrictMode logging for CameraService_proxy looper.
01-09 14:14:58.465   238   238 E ServiceManager: SELinux: hanpengcheng svc_can_register add media.camera.proxy , uid 1000.
01-09 14:14:58.466   601   601 I SystemServer: StartAccountManagerService
01-09 14:14:58.468   601   601 I SystemServiceManager: Starting com.android.server.accounts.AccountManagerService$Lifecycle
01-09 14:14:58.484   238   238 E ServiceManager: SELinux: hanpengcheng svc_can_register add account , uid 1000.
01-09 14:14:58.486   601   601 I SystemServer: StartContentService
01-09 14:14:58.488   601   601 I SystemServiceManager: Starting com.android.server.content.ContentService$Lifecycle
01-09 14:14:58.494   238   238 E ServiceManager: SELinux: hanpengcheng svc_can_register add content , uid 1000.
01-09 14:14:58.494   601   601 I SystemServer: InstallSystemProviders
01-09 14:14:58.507   601   601 W System  : ClassLoader referenced unknown path: /system/priv-app/SettingsProvider/lib/arm64
01-09 14:14:58.548   601   601 I SystemServer: Function Service
01-09 14:14:58.548   327   427 D CameraHal_Marvin: HAL-MOCKUP:  free memops buffer(phy=0xf4000000) successful
01-09 14:14:58.552   601   601 D FunctionManagerService: FunctionManagerService(context)android.app.ContextImpl@2e039c1
01-09 14:14:58.556   601   601 W SideButtonManagerService: SideButtonManagerService, SideButtonManagerService, mIsSideButtonDisabled == false
01-09 14:14:58.560   601   601 W System.err: java.io.FileNotFoundException: /data/system/sidebuttonenable.xml (No such file or directory)
01-09 14:14:58.560   327   427 D CameraHal_Marvin: HAL-MOCKUP:  free memops buffer(phy=0xf6000000) successful
01-09 14:14:58.562   601   601 W System.err: 	at java.io.FileInputStream.open(Native Method)
01-09 14:14:58.562   601   601 W System.err: 	at java.io.FileInputStream.<init>(FileInputStream.java:146)
01-09 14:14:58.562   601   601 W System.err: 	at android.util.AtomicFile.openRead(AtomicFile.java:199)
01-09 14:14:58.562   601   601 W System.err: 	at com.android.server.SideButtonManagerService.loadSideButtonWhiteList(SideButtonManagerService.java:159)
01-09 14:14:58.563   601   601 W System.err: 	at com.android.server.SideButtonManagerService.<init>(SideButtonManagerService.java:55)
01-09 14:14:58.563   601   601 W System.err: 	at com.android.server.FunctionManagerService.<init>(FunctionManagerService.java:127)
01-09 14:14:58.563   601   601 W System.err: 	at com.android.server.SystemServer.startOtherServices(SystemServer.java:633)
01-09 14:14:58.563   601   601 W System.err: 	at com.android.server.SystemServer.run(SystemServer.java:347)
01-09 14:14:58.563   601   601 W System.err: 	at com.android.server.SystemServer.main(SystemServer.java:229)
01-09 14:14:58.563   601   601 W System.err: 	at java.lang.reflect.Method.invoke(Native Method)
01-09 14:14:58.563   601   601 W System.err: 	at com.android.internal.os.ZygoteInit$MethodAndArgsCaller.run(ZygoteInit.java:912)
01-09 14:14:58.563   601   601 W System.err: 	at com.android.internal.os.ZygoteInit.main(ZygoteInit.java:802)
01-09 14:14:58.563   238   238 E ServiceManager: SELinux: hanpengcheng svc_can_register add function , uid 1000.
01-09 14:14:58.564   601   601 I SystemServer: Function Service add function = com.android.server.FunctionManagerService@b4003dc
01-09 14:14:58.564   601   601 I SystemServer: StartVibratorService
01-09 14:14:58.570   238   238 E ServiceManager: SELinux: hanpengcheng svc_can_register add vibrator , uid 1000.
01-09 14:14:58.570   601   601 I SystemServer: StartConsumerIrService
01-09 14:14:58.571   327   427 D CameraHal_Marvin: HAL-MOCKUP:  free memops buffer(phy=0xf8000000) successful
01-09 14:14:58.571   601   601 E ConsumerIrService: Can't open consumer IR HW Module, error: -2
01-09 14:14:58.574   238   238 E ServiceManager: SELinux: hanpengcheng svc_can_register add consumer_ir , uid 1000.
01-09 14:14:58.574   601   601 I SystemServer: StartAlarmManagerService
01-09 14:14:58.574   601   601 I SystemServiceManager: Starting com.android.server.AlarmManagerService
01-09 14:14:58.578   601   601 D AlarmAlignmentManager: loading /system/etc/alarm_alignment_conf.xml
01-09 14:14:58.580   601   601 D AlarmAlignmentManager: mAlarmStrategy=SCREEN_OFF_ALARM_STRATEGY_FIXED2
01-09 14:14:58.580   601   601 D AlarmAlignmentManager: mAppAlarmFixedAlignment=300000
01-09 14:14:58.580   601   601 D AlarmAlignmentManager: mIsStrict = true
01-09 14:14:58.581   601   601 D AlarmAlignmentManager: mSkipNonWakeup = false
01-09 14:14:58.581   601   601 D AlarmAlignmentManager: mAlignNonWakeup = false
01-09 14:14:58.581   601   601 D AlarmAlignmentManager: mAlignSystemAlarm = false
01-09 14:14:58.581   601   601 D AlarmAlignmentManager: mAppAlarmSkipShort=10000
01-09 14:14:58.581   601   601 D AlarmAlignmentManager: mAppAlarmRepeatAlignment=300000
01-09 14:14:58.581   601   601 D AlarmAlignmentManager: mAppAlarmIgnoreTop = false
01-09 14:14:58.581   601   601 D AlarmAlignmentManager: add white list:com.google.android.deskclock, null
01-09 14:14:58.581   601   601 D AlarmAlignmentManager: add white list:com.alarmclock.xtreme, null
01-09 14:14:58.581   601   601 D AlarmAlignmentManager: add white list:com.alarmclock.xtreme.free, null
01-09 14:14:58.581   601   601 D AlarmAlignmentManager: add white list:com.zdworks.android.zdclock, null
01-09 14:14:58.581   601   601 D AlarmAlignmentManager: add white list:com.tiantian.ttclock, null
01-09 14:14:58.581   601   601 D AlarmAlignmentManager: add white list:com.macropinch.axe, null
01-09 14:14:58.581   601   601 D AlarmAlignmentManager: add white list:com.maize.digitalClock, null
01-09 14:14:58.581   601   601 D AlarmAlignmentManager: add white list:nl.jsource.retroclock.android, null
01-09 14:14:58.582   601   601 D AlarmAlignmentManager: add white list:com.asus.deskclock, null
01-09 14:14:58.582   601   601 D AlarmAlignmentManager: add black list:com.android.phone, com.android.internal.telephony.data-stall
01-09 14:14:58.582   601   601 D AlarmAlignmentManager: strict mode and fixed strategy, force repeat interval to 300000
01-09 14:14:58.582   601   601 W AlarmAlignmentManager: updating App alarm config:
01-09 14:14:58.583   601   601 W AlarmAlignmentManager: old config:strategy:SCREEN_OFF_ALARM_STRATEGY_NONE, repeat alignment:0, fixed alignment:0, skip short interval:0, strict:true, ignore top:false, skip nonwakeup:true, align system alarm:false, whitelist size:0, blacklist size:0
01-09 14:14:58.583   601   601 W AlarmAlignmentManager: new config:strategy:SCREEN_OFF_ALARM_STRATEGY_FIXED2, repeat alignment:300000, fixed alignment:300000, skip short interval:10000, strict:true, ignore top:false, skip nonwakeup:false, align system alarm:false, whitelist size:9, blacklist size:1
01-09 14:14:58.588   601   601 D AlarmManagerService: Kernel timezone updated to -480 minutes west of GMT
01-09 14:14:58.597   238   238 E ServiceManager: SELinux: hanpengcheng svc_can_register add alarm , uid 1000.
01-09 14:14:58.598   601   601 I SystemServer: InitWatchdog
01-09 14:14:58.599   601   601 I SystemServer: StartInputManagerService
01-09 14:14:58.603   601   601 I InputManager: Initializing input manager, mUseDevInputEventForAudioJack=false
01-09 14:14:58.606   327   427 D CameraHal_Marvin: HAL-MOCKUP:  free memops buffer(phy=0xfa000000) successful
01-09 14:14:58.611   601   601 I SystemServer: StartWindowManagerService
01-09 14:14:58.634   327   427 D CameraHal_Marvin: HAL-MOCKUP:  free memops buffer(phy=0xfc000000) successful
01-09 14:14:58.664   601   622 I WindowManager: No existing display settings /data/system/display_settings.xml; starting empty
01-09 14:14:58.676   327   427 D CameraHal_Marvin: HAL-MOCKUP:  free memops buffer(phy=0xfe000000) successful
01-09 14:14:58.677   327   327 E CameraHal_Marvin: IMX258: IMX258_IsiSensorSetStreamingIss (enter)  on = 0
01-09 14:14:58.677   327   327 E CameraHal_Marvin: IMX258: IMX258_IsiSensorSetStreamingIss (enter)  on = 0
01-09 14:14:58.706   327   502 D CameraHal: commandThread(1187): commandThread(1187): receive CMD_EXIT
01-09 14:14:58.707   327   327 D CameraHal: ~CameraHal(360): CameraHal destory success
01-09 14:14:58.707   327   327 I CameraFlashlight: Opening camera 1
01-09 14:14:58.707   327   327 D CameraHal: camera_get_camera_info(1449): camera_get_camera_info(1449): camera_1 facing(1), orientation(270)
01-09 14:14:58.707   327   327 I CameraHal: camera_device_open(566): camera_device open
01-09 14:14:58.708   327   327 D CameraHal: gCameraHalLogLevel: 0
01-09 14:14:58.708   327   327 D CameraHal: CameraHal(151): it is a isp  camera
01-09 14:14:58.709   327   327 E CameraGLAdapter: initEnv(285): open libuvnr.so fail
01-09 14:14:58.709   327   327 E CameraGLAdapter: dlopen libuvnr.so fail errmsg: dlopen failed: library "/system/lib/libuvnr.so" not found
01-09 14:14:58.709   327   327 E CameraGLAdapter: initEnv(522): open libmfnr.so fail
01-09 14:14:58.709   327   327 E CameraGLAdapter: dlopen libmfnr.so fail errmsg: dlopen failed: library "/system/lib/libmfnr.so" not found
01-09 14:14:58.709   327   327 E CameraHal: CameraIspAdapter(313): CameraIspAdapter(313):open libuvcapp.so fail,dlopen failed: library "libuvcapp.so" not found
01-09 14:14:58.709   327   327 D CameraHal: Calling process is: /system/bin/cameraserver
01-09 14:14:58.710   327   327 D CameraHal: Calling process is: /system/bin/cameraserver
01-09 14:14:58.710   327   327 D CameraHal: Calling process is: /system/bin/cameraserver
01-09 14:14:58.714   327   327 E CameraHal: disconnectCamera(2188): getFocusLimits failed!
01-09 14:14:58.721   238   238 E ServiceManager: SELinux: hanpengcheng svc_can_register add window , uid 1000.
01-09 14:14:58.722   238   238 E ServiceManager: SELinux: hanpengcheng svc_can_register add input , uid 1000.
01-09 14:14:58.722   601   601 I SystemServer: StartVrManagerService
01-09 14:14:58.723   601   601 I SystemServiceManager: Starting com.android.server.vr.VrManagerService
01-09 14:14:58.726   601   601 W VrManagerService: init_native: Could not open VR hardware module, error No such file or directory (-2).
01-09 14:14:58.727   238   238 E ServiceManager: SELinux: hanpengcheng svc_can_register add vrmanager , uid 1000.
01-09 14:14:58.734   601   601 I InputManager: Starting input manager
01-09 14:14:58.737   601   655 D EventHub: No input device configuration file found for device 'Wacom I2C Digitizer'.
01-09 14:14:58.737   601   655 I EventHub: New device: id=1, fd=109, path='/dev/input/event0', name='Wacom I2C Digitizer', classes=0x4, configuration='', keyLayout='', keyCharacterMap='', builtinKeyboard=false, wakeMechanism=EPOLLWAKEUP, usingClockIoctl=true
01-09 14:14:58.738   601   655 D EventHub: No input device configuration file found for device 'rk29-keypad'.
01-09 14:14:58.739   601   601 I SystemServiceManager: Starting com.android.server.BluetoothService
01-09 14:14:58.745   601   655 W EventHub: Unable to disable kernel key repeat for /dev/input/event5: Function not implemented
01-09 14:14:58.745   601   655 I EventHub: New device: id=2, fd=110, path='/dev/input/event5', name='rk29-keypad', classes=0x401, configuration='', keyLayout='/system/usr/keylayout/rk29-keypad.kl', keyCharacterMap='/system/usr/keychars/Generic.kcm', builtinKeyboard=true, wakeMechanism=EPOLLWAKEUP, usingClockIoctl=true
01-09 14:14:58.746   601   655 D EventHub: No input device configuration file found for device 'gsensor'.
01-09 14:14:58.748   601   601 D BluetoothManagerService: Loading stored name and address
01-09 14:14:58.748   601   601 D BluetoothManagerService: Stored bluetooth Name=rk3399,Address=22:22:17:D4:1F:4D
01-09 14:14:58.748   601   601 D BluetoothManagerService: Bluetooth persisted state: 0
01-09 14:14:58.749   601   601 I SystemServer: ConnectivityMetricsLoggerService
01-09 14:14:58.749   601   601 I SystemServiceManager: Starting com.android.server.connectivity.MetricsLoggerService
01-09 14:14:58.761   601   601 I SystemServer: IpConnectivityMetrics
01-09 14:14:58.762   601   601 I SystemServiceManager: Starting com.android.server.connectivity.IpConnectivityMetrics
01-09 14:14:58.763   601   655 D EventHub: No input device configuration file found for device 'lightsensor-level'.
01-09 14:14:58.764   601   601 I SystemServer: PinnerService
01-09 14:14:58.764   601   601 I SystemServiceManager: Starting com.android.server.PinnerService
01-09 14:14:58.765   238   238 E ServiceManager: SELinux: hanpengcheng svc_can_register add pinner , uid 1000.
01-09 14:14:58.767   601   601 I SystemServiceManager: Starting com.android.server.InputMethodManagerService$Lifecycle
01-09 14:14:58.780   601   655 D EventHub: No input device configuration file found for device 'fts_ts'.
01-09 14:14:58.780   601   655 I EventHub: New device: id=5, fd=111, path='/dev/input/event1', name='fts_ts', classes=0x14, configuration='', keyLayout='', keyCharacterMap='', builtinKeyboard=false, wakeMechanism=EPOLLWAKEUP, usingClockIoctl=true
01-09 14:14:58.781   601   655 D EventHub: No input device configuration file found for device 'rk_headset'.
01-09 14:14:58.785   601   601 I InputMethodManagerService: All the enabled IMEs are gone. Reset default enabled IMEs.
01-09 14:14:58.786   601   601 W InputMethodUtils: Found no fallback locale. imis=[]
01-09 14:14:58.786   601   601 W InputMethodUtils: No software keyboard is found. imis=[] fallbackLocale=null
01-09 14:14:58.790   601   655 W EventHub: Unable to disable kernel key repeat for /dev/input/event4: Function not implemented
01-09 14:14:58.790   238   238 E ServiceManager: SELinux: hanpengcheng svc_can_register add input_method , uid 1000.
01-09 14:14:58.790   601   655 I EventHub: New device: id=6, fd=112, path='/dev/input/event4', name='rk_headset', classes=0x401, configuration='', keyLayout='/system/usr/keylayout/Generic.kl', keyCharacterMap='/system/usr/keychars/Generic.kcm', builtinKeyboard=false, wakeMechanism=EPOLLWAKEUP, usingClockIoctl=true
01-09 14:14:58.791   601   601 I SystemServer: StartAccessibilityManagerService
01-09 14:14:58.797   601   655 I InputReader: Device added: id=-1, name='Virtual', sources=0x00000301
01-09 14:14:58.798   601   655 I InputReader: Device added: id=6, name='rk_headset', sources=0x00002103
01-09 14:14:58.799   601   655 I InputReader:   Touch device 'fts_ts' could not query the properties of its associated display.  The device will be inoperable until the display size becomes available.
01-09 14:14:58.799   601   655 I InputReader: Device added: id=5, name='fts_ts', sources=0x00001002
01-09 14:14:58.799   601   655 I InputReader: Device added: id=0, name='rk29-keypad', sources=0x00002103
01-09 14:14:58.799   601   655 I InputReader:   Touch device 'Wacom I2C Digitizer' could not query the properties of its associated display.  The device will be inoperable until the display size becomes available.
01-09 14:14:58.799   601   655 I InputReader: Device added: id=1, name='Wacom I2C Digitizer', sources=0x00006002
01-09 14:14:58.805   238   238 E ServiceManager: SELinux: hanpengcheng svc_can_register add accessibility , uid 1000.
01-09 14:14:58.812   601   601 I ActivityManager: Config changes=1df8 {1.0 ?mcc?mnc [zh_CN] ldltr sw768dp w768dp h1024dp 320dpi xlrg port ?uimode ?night -touch -keyb/v/h -nav/h s.2}
01-09 14:14:58.824   601   622 I ActivityManager: Config changes=408 {1.0 ?mcc?mnc [zh_CN] ldltr sw768dp w768dp h952dp 320dpi xlrg port ?uimode ?night finger -keyb/v/h -nav/h s.3}
01-09 14:14:58.833   327   327 D CameraHal_Marvin: 
01-09 14:14:58.833   327   327 D CameraHal_Marvin: 
01-09 14:14:58.833   327   327 D CameraHal_Marvin: 
01-09 14:14:58.833   327   327 D CameraHal_Marvin: CameraHal Version Check:
01-09 14:14:58.833   327   327 D CameraHal_Marvin:     CamSys_Head.h version: 
01-09 14:14:58.833   327   327 D CameraHal_Marvin:        kernel: (0x) v1.0.0
01-09 14:14:58.833   327   327 D CameraHal_Marvin:        libisp_siliconimage_isp.so: (0x) v1.0.0
01-09 14:14:58.833   327   327 D CameraHal_Marvin:     LibIsp version: 
01-09 14:14:58.833   327   327 D CameraHal_Marvin:        local: (0x) v3.0.0
01-09 14:14:58.833   327   327 D CameraHal_Marvin:        camera.rk30board.so: (0x) v3.0.0
01-09 14:14:58.834   327   327 D CameraHal_Marvin:     Sensor ISI version: 
01-09 14:14:58.834   327   327 D CameraHal_Marvin:         libisp_isi_drv_XXX: (0x) v0.e.0
01-09 14:14:58.834   327   327 D CameraHal_Marvin:         libisp_siliconimage_isp.so: (0x) v0.e.0
01-09 14:14:58.834   327   327 D CameraHal_Marvin:     Tunning XML version:
01-09 14:14:58.834   327   327 D CameraHal_Marvin:         libisp_isi_drv_XXX: (22-May-2014_OUYANG_GC2375_FX288_v1.0)
01-09 14:14:58.834   327   327 D CameraHal_Marvin:         Calibdb: (2016-11-01_Jone_GC2375_matic_1)
01-09 14:14:58.834   327   327 D CameraHal_Marvin:     sensor name GC2375: 
01-09 14:14:58.834   327   327 D CameraHal_Marvin:        sensor drv version: (0x) v0.3.0
01-09 14:14:58.834   327   327 D CameraHal_Marvin: 
01-09 14:14:58.834   327   327 D CameraHal_Marvin: 
01-09 14:14:58.834   327   327 D CameraHal_Marvin: 
01-09 14:14:58.834   327   327 D CameraHal_Marvin: Request 640x480, Exp(>= 0.000000), Fps(>= 15fps) 
01-09 14:14:58.834   327   327 D CameraHal_Marvin: getPreferedSensorRes is 1600x1200@30fps
01-09 14:14:58.834   327   327 D CameraHal: setupPreview(603): isp out put format is YUV420SP.
01-09 14:14:58.834   327   327 D CameraHal: setupPreview(615): Sensor output: 1600x1200 --(0,0,1600,1200)--> User request: 640x480
01-09 14:14:58.862   601   655 I InputReader: Reconfiguring input devices.  changes=0x00000004
01-09 14:14:58.863   601   601 I SystemServiceManager: Starting com.android.server.MountService$Lifecycle
01-09 14:14:58.880   238   238 E ServiceManager: SELinux: hanpengcheng svc_can_register add mount , uid 1000.
01-09 14:14:58.880   601   655 I InputReader: Device reconfigured: id=1, name='Wacom I2C Digitizer', size 1536x2048, orientation 0, mode 4, display id 0
01-09 14:14:58.880   601   655 I InputReader: Device reconfigured: id=5, name='fts_ts', size 1536x2048, orientation 0, mode 1, display id 0
01-09 14:14:58.883   601   601 I SystemServer: start UiModeManagerService.
01-09 14:14:58.884   601   657 D MountService: Thinking about init, mSystemReady=false, mDaemonConnected=true
01-09 14:14:58.884   601   657 D MountService: Thinking about reset, mSystemReady=false, mDaemonConnected=true
01-09 14:14:58.884   601   657 D MountService: Thinking about init, mSystemReady=false, mDaemonConnected=true
01-09 14:14:58.884   601   657 D MountService: Thinking about reset, mSystemReady=false, mDaemonConnected=true
01-09 14:14:58.884   601   601 I SystemServiceManager: Starting com.android.server.UiModeManagerService
01-09 14:14:58.885   601   657 D CryptdConnector: SND -> {1 cryptfs getfield SystemLocale}
01-09 14:14:58.888   601   601 I ActivityManager: Config changes=200 {1.0 ?mcc?mnc [zh_CN] ldltr sw768dp w768dp h952dp 320dpi xlrg port finger -keyb/v/h -nav/h s.4}
01-09 14:14:58.888   601   659 D CryptdConnector: RCV <- {200 1 -1}
01-09 14:14:58.893   601   657 W MountService: No primary storage mounted!
01-09 14:14:58.894   601   657 D VoldConnector: SND -> {1 asec list}
01-09 14:14:58.896   601   658 D VoldConnector: RCV <- {200 1 asec operation succeeded}
01-09 14:14:58.897   601   657 I PackageManager: No secure containers found
01-09 14:14:58.897   601   657 W PackageManager: Unknown permission com.google.android.googleapps.permission.GOOGLE_AUTH in package com.android.providers.calendar
01-09 14:14:58.898   601   657 W PackageManager: Unknown permission com.google.android.googleapps.permission.GOOGLE_AUTH.cl in package com.android.providers.calendar
01-09 14:14:58.898   601   657 W PackageManager: Not granting permission android.permission.WRITE_MEDIA_STORAGE to package com.ebensz.enote.notepad (protectionLevel=18 flags=0x3858be47)
01-09 14:14:58.898   601   657 W PackageManager: Not granting permission android.permission.READ_LOGS to package com.ebensz.enote.notepad (protectionLevel=50 flags=0x3858be47)
01-09 14:14:58.898   601   657 W PackageManager: Not granting permission android.permission.CHANGE_CONFIGURATION to package com.ebensz.enote.notepad (protectionLevel=50 flags=0x3858be47)
01-09 14:14:58.898   601   657 W PackageManager: Not granting permission android.permission.GLOBAL_SEARCH to package com.android.quicksearchbox (protectionLevel=18 flags=0x3808be45)
01-09 14:14:58.898   601   657 W PackageManager: Unknown permission android.permission.READ_OWNER_DATA in package com.ebensz.enote.calendar
01-09 14:14:58.898   601   657 W PackageManager: Unknown permission com.google.android.googleapps.permission.GOOGLE_AUTH.mail in package com.ebensz.enote.calendar
01-09 14:14:58.898   601   657 W PackageManager: Unknown permission android.permission.SYSTEM_OVERLAY_WINDOW in package com.ebensz.softkeyboard
01-09 14:14:58.898   601   614 I UsageStatsService: User[0] Rollover scheduled @ 2019-01-10 08:52:02(1547081522914)
01-09 14:14:58.899   601   657 W PackageManager: Unknown permission com.android.launcher.permission.READ_SETTINGS in package com.android.launcher3
01-09 14:14:58.899   601   657 W PackageManager: Unknown permission com.android.launcher.permission.WRITE_SETTINGS in package com.android.launcher3
01-09 14:14:58.899   601   657 W PackageManager: Unknown permission com.android.launcher.permission.READ_SETTINGS in package com.ebensz.filemanager
01-09 14:14:58.899   601   657 W PackageManager: Unknown permission com.android.launcher.permission.WRITE_SETTINGS in package com.ebensz.filemanager
01-09 14:14:58.899   601   657 W PackageManager: Unknown permission com.android.launcher.permission.MOUNT_UNMOUNT_FILESYSTEMS in package com.ebensz.filemanager
01-09 14:14:58.899   601   657 W PackageManager: Unknown permission android.permission.ACCESS_SUPERUSER in package com.ebensz.filemanager
01-09 14:14:58.899   601   657 W PackageManager: Unknown permission android.permission.USB_PERMISSION in package com.ebensz.filemanager
01-09 14:14:58.899   601   657 W PackageManager: Not granting permission android.permission.MOUNT_UNMOUNT_FILESYSTEMS to package com.ebensz.enote.draft (protectionLevel=18 flags=0x3818be45)
01-09 14:14:58.899   327   327 E CameraHal_Marvin: GC2375: Sensor_SetupOutputWindowInternal: rVtPixClkFreq = 78000000.000000++++++
01-09 14:14:58.899   601   657 W PackageManager: Not granting permission android.permission.WRITE_MEDIA_STORAGE to package com.ebensz.enote.draft (protectionLevel=18 flags=0x3818be45)
01-09 14:14:58.900   327   327 E CameraHal_Marvin: GC2375: Sensor_SetupOutputWindowInternal AecMaxIntegrationTime:0.032960(****************exit): Resolution 1600x1200@30fps  MIPI 1lanes  res_no_chg: 0   rVtPixClkFreq: 78000000.000000
01-09 14:14:58.900   601   657 W PackageManager: Not granting permission android.permission.READ_LOGS to package com.ebensz.enote.draft (protectionLevel=50 flags=0x3818be45)
01-09 14:14:58.900   327   327 E CameraHal_Marvin: GC2375: Sensor_AecSetModeParameters (exit)
01-09 14:14:58.900   327   327 E CameraHal_Marvin:  pSensorCtx->AecMaxIntegrationTime:0.032960
01-09 14:14:58.900   327   327 E CameraHal_Marvin:  pSensorCtx->FrameLengthLines:1240
01-09 14:14:58.900   327   327 E CameraHal_Marvin:  pSensorCtx->LineLengthPck:2080
01-09 14:14:58.900   327   327 E CameraHal_Marvin:  pSensorCtx->VtPixClkFreq:78000000.000000
01-09 14:14:58.900   601   657 W PackageManager: Unknown permission android.permission.READ_MEDIA_STORAGE in package com.ebensz.enote.entry
01-09 14:14:58.900   601   657 W PackageManager: Not granting permission android.permission.MOUNT_UNMOUNT_FILESYSTEMS to package com.ebensz.enote.designer (protectionLevel=18 flags=0x3818be45)
01-09 14:14:58.900   327   327 D GRALLOC-ROCKCHIP: enter, w : 1440000, h : 1, format : 0x4, usage : 0x60033.
01-09 14:14:58.900   601   657 W PackageManager: Unknown permission android.permission.READ_MEDIA_STORAGE in package com.ebensz.enote.designer
01-09 14:14:58.900   601   657 W PackageManager: Not granting permission android.permission.WRITE_MEDIA_STORAGE to package com.ebensz.enote.designer (protectionLevel=18 flags=0x3818be45)
01-09 14:14:58.900   601   657 W PackageManager: Not granting permission android.permission.READ_LOGS to package com.ebensz.enote.designer (protectionLevel=50 flags=0x3818be45)
01-09 14:14:58.900   327   327 D GRALLOC-ROCKCHIP: [File] : hardware/rockchip/libgralloc/gralloc_drm_rockchip.c; [Line] : 1315; [Func] : drm_gem_rockchip_alloc;
01-09 14:14:58.900   327   327 D GRALLOC-ROCKCHIP: to ask for cachable buffer for CPU read, usage : 0x60033
01-09 14:14:58.900   601   657 W PackageManager: Not granting permission com.android.email.permission.ACCESS_PROVIDER to package com.ebensz.office (protectionLevel=2 flags=0x1818be45)
01-09 14:14:58.900   601   657 W PackageManager: Not granting permission android.permission.ACCESS_ALL_DOWNLOADS to package com.ebensz.office (protectionLevel=2 flags=0x1818be45)
01-09 14:14:58.900   601   657 W PackageManager: Unknown permission android.permission.READ_MEDIA_STORAGE in package com.ebensz.office
01-09 14:14:58.900   601   657 W PackageManager: Unknown permission com.android.launcher.permission.READ_SETTINGS in package com.android.onetimeinitializer
01-09 14:14:58.900   601   657 W PackageManager: Unknown permission com.android.launcher.permission.WRITE_SETTINGS in package com.android.onetimeinitializer
