01-09 14:14:58.901   601   657 W PackageManager: Unknown permission com.google.android.permission.INSTALL_WEARABLE_PACKAGES in package com.android.packageinstaller
01-09 14:14:58.901   601   657 W PackageManager: Not granting permission android.permission.DELETE_PACKAGES to package com.svox.pico (protectionLevel=18 flags=0x3808be45)
01-09 14:14:58.901   601   657 W PackageManager: Unknown permission com.google.android.gallery3d.permission.PICASA_STORE in package com.android.dreams.phototable
01-09 14:14:58.901   601   657 W PackageManager: Unknown permission com.android.email.permission..ACCESS_PROVIDER in package com.ebensz.office.entry
01-09 14:14:58.901   601   657 W PackageManager: Not granting permission android.permission.MOUNT_UNMOUNT_FILESYSTEMS to package com.ebensz.office.entry (protectionLevel=18 flags=0x3808be47)
01-09 14:14:58.901   601   657 W PackageManager: Not granting permission android.permission.READ_LOGS to package com.ebensz.office.entry (protectionLevel=50 flags=0x3808be47)
01-09 14:14:58.901   601   657 W PackageManager: Not granting permission android.permission.CHANGE_CONFIGURATION to package com.ebensz.office.entry (protectionLevel=50 flags=0x3808be47)
01-09 14:14:58.901   601   657 W PackageManager: Not granting permission android.permission.WRITE_SECURE_SETTINGS to package com.ebensz.password (protectionLevel=50 flags=0x3808be47)
01-09 14:14:58.901   601   657 W PackageManager: Not granting permission android.permission.MOUNT_UNMOUNT_FILESYSTEMS to package com.ebensz.enote.memo (protectionLevel=18 flags=0x1818be45)
01-09 14:14:58.902   601   657 W PackageManager: Not granting permission android.permission.START_ANY_ACTIVITY to package com.ebensz.enote.memo (protectionLevel=2 flags=0x1818be45)
01-09 14:14:58.902   601   657 W PackageManager: Not granting permission android.permission.STOP_APP_SWITCHES to package com.ebensz.enote.memo (protectionLevel=18 flags=0x1818be45)
01-09 14:14:58.902   601   657 W PackageManager: Unknown permission com.google.android.googleapps.permission.GOOGLE_AUTH in package com.android.settings
01-09 14:14:58.902   601   657 W PackageManager: Unknown permission com.android.launcher.permission.READ_SETTINGS in package com.android.settings
01-09 14:14:58.902   601   657 W PackageManager: Unknown permission com.android.launcher.permission.WRITE_SETTINGS in package com.android.settings
01-09 14:14:58.904   601   657 W PackageManager: Unknown permission com.android.launcher.permission.READ_SETTINGS in package com.ebensz.enote.meeting
01-09 14:14:58.905   601   657 W PackageManager: Unknown permission android.permission.ACCESS_GPS in package com.ebensz.enote.meeting
01-09 14:14:58.905   601   657 W PackageManager: Unknown permission com.google.android.googleapps.permission.GOOGLE_AUTH.mail in package com.ebensz.enote.meeting
01-09 14:14:58.907   601   657 W PackageManager: Not granting permission com.android.email.permission.ACCESS_PROVIDER to package com.ebensz.widgets.pad (protectionLevel=2 flags=0x3808be47)
01-09 14:14:58.907   601   657 W PackageManager: Unknown permission com.ebensz.email.permission.ACCESS_PROVIDER in package com.ebensz.widgets.pad
01-09 14:14:58.909   601   657 W PackageManager: Unknown permission com.google.android.googleapps.permission.GOOGLE_AUTH.mail in package com.ebensz.enote.widget
01-09 14:14:58.909   601   657 W PackageManager: Unknown permission com.android.launcher.permission.READ_SETTINGS in package com.DeviceTest
01-09 14:14:58.910   601   657 W PackageManager: Unknown permission com.google.android.gallery3d.permission.GALLERY_PROVIDER in package com.android.bluetooth
01-09 14:14:58.910   601   657 W PackageManager: Unknown permission rockchip.permission.FULL_SCREEN in package android.rk.RockVideoPlayer
01-09 14:14:58.910   601   657 W PackageManager: Unknown permission android.permission.RAISED_THREAD_PRIORITY in package android.rk.RockVideoPlayer
01-09 14:14:58.910   601   657 W PackageManager: Unknown permission android.permission.FULL_SCREEN in package android.rk.RockVideoPlayer
01-09 14:14:58.910   601   657 W PackageManager: Unknown permission archos.permission.FULL_SCREEN in package android.rk.RockVideoPlayer
01-09 14:14:58.911   327   327 D CameraHal: cam_mem_gralloc_ops_alloc(423): alloc graphic buffer sucess,mem 0xf497e0e0, vir_addr 0xf3d47000,fd 31
01-09 14:14:58.911   327   327 D CameraHal: cam_mem_gralloc_ops_iommu_map(464): mem 0xf497e0e0, fd 31
01-09 14:14:58.913   327   327 D GRALLOC-ROCKCHIP: enter, w : 1440000, h : 1, format : 0x4, usage : 0x60033.
01-09 14:14:58.913   327   327 D GRALLOC-ROCKCHIP: [File] : hardware/rockchip/libgralloc/gralloc_drm_rockchip.c; [Line] : 1315; [Func] : drm_gem_rockchip_alloc;
01-09 14:14:58.913   327   327 D GRALLOC-ROCKCHIP: to ask for cachable buffer for CPU read, usage : 0x60033
01-09 14:14:58.920   327   327 D CameraHal: cam_mem_gralloc_ops_alloc(423): alloc graphic buffer sucess,mem 0xf497e000, vir_addr 0xf3a87000,fd 33
01-09 14:14:58.920   327   327 D CameraHal: cam_mem_gralloc_ops_iommu_map(464): mem 0xf497e000, fd 33
01-09 14:14:58.922   327   327 D GRALLOC-ROCKCHIP: enter, w : 1440000, h : 1, format : 0x4, usage : 0x60033.
01-09 14:14:58.922   327   327 D GRALLOC-ROCKCHIP: [File] : hardware/rockchip/libgralloc/gralloc_drm_rockchip.c; [Line] : 1315; [Func] : drm_gem_rockchip_alloc;
01-09 14:14:58.922   327   327 D GRALLOC-ROCKCHIP: to ask for cachable buffer for CPU read, usage : 0x60033
01-09 14:14:58.928   327   327 D CameraHal: cam_mem_gralloc_ops_alloc(423): alloc graphic buffer sucess,mem 0xf497e040, vir_addr 0xf37c7000,fd 35
01-09 14:14:58.928   327   327 D CameraHal: cam_mem_gralloc_ops_iommu_map(464): mem 0xf497e040, fd 35
01-09 14:14:58.930   327   327 D GRALLOC-ROCKCHIP: enter, w : 1440000, h : 1, format : 0x4, usage : 0x60033.
01-09 14:14:58.930   327   327 D GRALLOC-ROCKCHIP: [File] : hardware/rockchip/libgralloc/gralloc_drm_rockchip.c; [Line] : 1315; [Func] : drm_gem_rockchip_alloc;
01-09 14:14:58.930   327   327 D GRALLOC-ROCKCHIP: to ask for cachable buffer for CPU read, usage : 0x60033
01-09 14:14:58.936   327   327 D CameraHal: cam_mem_gralloc_ops_alloc(423): alloc graphic buffer sucess,mem 0xf497e080, vir_addr 0xf3507000,fd 37
01-09 14:14:58.936   327   327 D CameraHal: cam_mem_gralloc_ops_iommu_map(464): mem 0xf497e080, fd 37
01-09 14:14:58.937   327   327 D GRALLOC-ROCKCHIP: enter, w : 1440000, h : 1, format : 0x4, usage : 0x60033.
01-09 14:14:58.937   327   327 D GRALLOC-ROCKCHIP: [File] : hardware/rockchip/libgralloc/gralloc_drm_rockchip.c; [Line] : 1315; [Func] : drm_gem_rockchip_alloc;
01-09 14:14:58.937   327   327 D GRALLOC-ROCKCHIP: to ask for cachable buffer for CPU read, usage : 0x60033
01-09 14:14:58.944   327   327 D CameraHal: cam_mem_gralloc_ops_alloc(423): alloc graphic buffer sucess,mem 0xf497e200, vir_addr 0xf3247000,fd 39
01-09 14:14:58.944   327   327 D CameraHal: cam_mem_gralloc_ops_iommu_map(464): mem 0xf497e200, fd 39
01-09 14:14:58.945   327   327 D GRALLOC-ROCKCHIP: enter, w : 1440000, h : 1, format : 0x4, usage : 0x60033.
01-09 14:14:58.946   327   327 D GRALLOC-ROCKCHIP: [File] : hardware/rockchip/libgralloc/gralloc_drm_rockchip.c; [Line] : 1315; [Func] : drm_gem_rockchip_alloc;
01-09 14:14:58.946   327   327 D GRALLOC-ROCKCHIP: to ask for cachable buffer for CPU read, usage : 0x60033
01-09 14:14:58.952   327   327 D CameraHal: cam_mem_gralloc_ops_alloc(423): alloc graphic buffer sucess,mem 0xf497e240, vir_addr 0xf2f87000,fd 41
01-09 14:14:58.952   327   327 D CameraHal: cam_mem_gralloc_ops_iommu_map(464): mem 0xf497e240, fd 41
01-09 14:14:58.955   327   327 E CameraHal_Marvin: GC2375: Sensor_SetupOutputWindowInternal: rVtPixClkFreq = 78000000.000000++++++
01-09 14:14:58.955   327   327 E CameraHal_Marvin: GC2375: Sensor_SetupOutputWindowInternal AecMaxIntegrationTime:0.032960(****************exit): Resolution 1600x1200@30fps  MIPI 1lanes  res_no_chg: 0   rVtPixClkFreq: 78000000.000000
01-09 14:14:58.955   327   327 E CameraHal_Marvin: GC2375: Sensor_AecSetModeParameters(AFPS) (exit)
01-09 14:14:58.955   327   327 E CameraHal_Marvin:  pSensorCtx->AecMaxIntegrationTime:0.032960
01-09 14:14:58.955   327   327 E CameraHal_Marvin:  pSensorCtx->FrameLengthLines:1240
01-09 14:14:58.955   327   327 E CameraHal_Marvin:  pSensorCtx->LineLengthPck:2080
01-09 14:14:58.955   327   327 E CameraHal_Marvin:  pSensorCtx->VtPixClkFreq:78000000.000000
01-09 14:14:58.955   327   327 E CameraHal_Marvin: GC2375: Sensor_SetupOutputWindowInternal: rVtPixClkFreq = 78000000.000000++++++
01-09 14:14:58.955   327   327 E CameraHal_Marvin: GC2375: Sensor_SetupOutputWindowInternal AecMaxIntegrationTime:0.049493(****************exit): Resolution 1600x1200@20fps  MIPI 1lanes  res_no_chg: 0   rVtPixClkFreq: 78000000.000000
01-09 14:14:58.955   327   327 E CameraHal_Marvin: GC2375: Sensor_AecSetModeParameters(AFPS) (exit)
01-09 14:14:58.955   327   327 E CameraHal_Marvin:  pSensorCtx->AecMaxIntegrationTime:0.049493
01-09 14:14:58.955   327   327 E CameraHal_Marvin:  pSensorCtx->FrameLengthLines:1860
01-09 14:14:58.955   327   327 E CameraHal_Marvin:  pSensorCtx->LineLengthPck:2080
01-09 14:14:58.955   327   327 E CameraHal_Marvin:  pSensorCtx->VtPixClkFreq:78000000.000000
01-09 14:14:58.955   327   327 E CameraHal_Marvin: GC2375: Sensor_SetupOutputWindowInternal: rVtPixClkFreq = 78000000.000000++++++
01-09 14:14:58.955   327   327 E CameraHal_Marvin: GC2375: Sensor_SetupOutputWindowInternal AecMaxIntegrationTime:0.066027(****************exit): Resolution 1600x1200@15fps  MIPI 1lanes  res_no_chg: 0   rVtPixClkFreq: 78000000.000000
01-09 14:14:58.955   327   327 E CameraHal_Marvin: GC2375: Sensor_AecSetModeParameters(AFPS) (exit)
01-09 14:14:58.955   327   327 E CameraHal_Marvin:  pSensorCtx->AecMaxIntegrationTime:0.066027
01-09 14:14:58.955   327   327 E CameraHal_Marvin:  pSensorCtx->FrameLengthLines:2480
01-09 14:14:58.955   327   327 E CameraHal_Marvin:  pSensorCtx->LineLengthPck:2080
01-09 14:14:58.955   327   327 E CameraHal_Marvin:  pSensorCtx->VtPixClkFreq:78000000.000000
01-09 14:14:58.955   327   327 E CameraHal_Marvin: GC2375: Sensor_SetupOutputWindowInternal: rVtPixClkFreq = 78000000.000000++++++
01-09 14:14:58.956   327   327 E CameraHal_Marvin: GC2375: Sensor_SetupOutputWindowInternal AecMaxIntegrationTime:0.099093(****************exit): Resolution 1600x1200@10fps  MIPI 1lanes  res_no_chg: 0   rVtPixClkFreq: 78000000.000000
01-09 14:14:58.956   327   327 E CameraHal_Marvin: GC2375: Sensor_AecSetModeParameters(AFPS) (exit)
01-09 14:14:58.956   327   327 E CameraHal_Marvin:  pSensorCtx->AecMaxIntegrationTime:0.099093
01-09 14:14:58.956   327   327 E CameraHal_Marvin:  pSensorCtx->FrameLengthLines:3720
01-09 14:14:58.956   327   327 E CameraHal_Marvin:  pSensorCtx->LineLengthPck:2080
01-09 14:14:58.956   327   327 E CameraHal_Marvin:  pSensorCtx->VtPixClkFreq:78000000.000000
01-09 14:14:58.957   327   327 E CameraHal_Marvin: GC2375: Sensor_IsiSetIntegrationTimeIss:
01-09 14:14:58.957   327   327 E CameraHal_Marvin: pSensorCtx->VtPixClkFreq:78000000.000000 pSensorCtx->LineLengthPck:820 
01-09 14:14:58.957   327   327 E CameraHal_Marvin: SetTi=0.032960    NewTi=0.032960  CoarseIntegrationTime=4d4
01-09 14:14:58.957   327   327 E CameraHal_Marvin: result_intertime = 0
01-09 14:14:58.957   327   327 E CameraHal_Marvin:  H:0
01-09 14:14:58.957   327   327 E CameraHal_Marvin:  M:4d
01-09 14:14:58.957   327   327 E CameraHal_Marvin:  L:40
01-09 14:14:58.960   327   327 E CameraHal_Marvin: GC2375: Sensor_IsiSetGainIss: setgain mubiao(3.297250) shiji(3.296875) usGain(211)
01-09 14:14:58.960   327   327 E CameraHal_Marvin: GC2375: Sensor_IsiExposureControlIss: set: g=3.296875, Ti=0.032960, skip=1
01-09 14:14:58.960   327   327 E CameraHal_Marvin: AWB: AwbConfigure: AWB_VERSION_11
01-09 14:14:58.961   238   238 E ServiceManager: SELinux: hanpengcheng svc_can_register add uimode , uid 1000.
01-09 14:14:58.963   601   657 W MountService: No primary storage defined yet; hacking together a stub
01-09 14:14:58.963   327   327 E CameraHal_Marvin: CAMERIC_CPROC_DRV: CamerIcCprocEnable: 128,0,128,0
01-09 14:14:58.963   601   601 I SystemServer: StartLockSettingsService
01-09 14:14:58.964   327   327 D CameraHal: Calling process is: /system/bin/cameraserver
01-09 14:14:58.964   327   327 D CameraHal: initDefaultParameters(1733): Support Preview format: yuv420sp,yuv420p    yuv420sp(default)
01-09 14:14:58.964   327   327 D CameraHal: initDefaultParameters(1735): Support Preview sizes: 176x144,320x240,352x288,640x480,720x480,800x600,1280x720,960x540    800x600(default)    800x600(force)
01-09 14:14:58.964   601   657 W MountService: No primary storage defined yet; hacking together a stub
01-09 14:14:58.964   327   327 D CameraHal: initDefaultParameters(1736): Support Preview FPS range: (3000,30000),(15000,15000),(30000,30000)
01-09 14:14:58.964   327   327 D CameraHal: initDefaultParameters(1737): Support Preview framerate: 10,15,20,30
01-09 14:14:58.964   327   327 D CameraHal: initDefaultParameters(1738): Support Picture sizes: 1600x1200,1600x1200,1024x768,640x480,352x288,320x240,176x144,1280x720    1600x1200(default)
01-09 14:14:58.964   327   327 D CameraHal: initDefaultParameters(1739): Support Focus: fixed  Focus zone: 0
01-09 14:14:58.964   327   327 D CameraHal: initDefaultParameters(1742): Support AWB: auto,incandescent,fluorescent,daylight 
01-09 14:14:58.964   327   327 D CameraHal: initDefaultParameters(1743): Support FOV test h(60.000000) v(60.000000)
01-09 14:14:58.964   327   327 D CameraHal: isNeedToRestartPreview(175): mPreviewFrame2AppW (800x600)
01-09 14:14:58.965   327   327 D CameraHal: isNeedToRestartPreview(176): mCamPreviewW (640x480)
01-09 14:14:58.965   327   327 D CameraHal: isNeedToRestartPreview(177): video width (800x600)
01-09 14:14:58.965   327   327 D CameraHal: Calling process is: /system/bin/cameraserver
01-09 14:14:58.965   601   657 W MountService: No primary storage mounted!
01-09 14:14:58.965   601   657 D VoldConnector: SND -> {2 asec list}
01-09 14:14:58.966   601   601 I SystemServiceManager: Starting com.android.server.LockSettingsService$Lifecycle
01-09 14:14:58.966   601   658 D VoldConnector: RCV <- {200 2 asec operation succeeded}
01-09 14:14:58.967   327   327 D CameraHal: enableSensor(213): orientation = 0xf488d410 (Gravity sensor)
01-09 14:14:58.973   327   664 D CameraHal: commandThread(1028): commandThread(1028):receive CMD_SET_PREVIEW_WINDOW
01-09 14:14:58.974   327   664 D CameraHal: commandThread(1044): commandThread(1044): CMD_SET_PREVIEW_WINDOW out
01-09 14:14:58.974   327   664 D CameraHal: commandThread(1002): commandThread(1002):receive CMD_PREVIEW_STOP
01-09 14:14:58.974   327   664 D CameraHal: commandThread(1023): commandThread(1023): CMD_PREVIEW_STOP out
01-09 14:14:58.974   327   327 D CameraHal: stopPreview(447): stop preview OK.
01-09 14:14:58.974   327   664 D CameraHal: commandThread(1028): commandThread(1028):receive CMD_SET_PREVIEW_WINDOW
01-09 14:14:58.974   327   664 W CameraHal: setPreviewWindow(210): set preview window null,stop display?
01-09 14:14:58.974   327   641 D CameraHal: displayThread(670): displayThread(670): receive CMD_DISPLAY_PAUSE
01-09 14:14:58.974   327   641 D CameraHal: cameraDisplayBufferDestory(449): cameraDisplayBufferDestory(449): mANativeWindow is NULL, destory is ignore
01-09 14:14:58.974   327   664 D CameraHal: commandThread(1044): commandThread(1044): CMD_SET_PREVIEW_WINDOW out
01-09 14:14:58.974   327   327 I CameraFlashlight: Destroying camera 1
01-09 14:14:58.974   327   327 D CameraHal: camera_device_close(454): camera_device_close
01-09 14:14:58.975   327   327 D CameraHal: disableSensor(239): orientation = 0xf488d410 (Gravity sensor)
01-09 14:14:58.976   327   327 D CameraHal: ~SensorListener(109): Kill looper thread
01-09 14:14:58.976   327   327 D CameraHal: ~SensorListener(121): Kill looper
01-09 14:14:58.976   327   327 D CameraHal: ~SensorListener(127): SensorListener destroyed
01-09 14:14:58.976   327   641 D CameraHal: displayThread(682): displayThread(682): receive CMD_DISPLAY_STOP
01-09 14:14:58.976   327   641 D CameraHal: cameraDisplayBufferDestory(449): cameraDisplayBufferDestory(449): mANativeWindow is NULL, destory is ignore
01-09 14:14:58.977   327   643 D CameraHal: encProcessThread(2036): encProcessThread(2036): receive CMD_ENCPROCESS_EXIT
01-09 14:14:58.979   238   238 E ServiceManager: SELinux: hanpengcheng svc_can_register add lock_settings , uid 1000.
01-09 14:14:58.980   601   601 I SystemServiceManager: Starting com.android.server.DeviceIdleController
01-09 14:14:58.984   238   238 E ServiceManager: SELinux: hanpengcheng svc_can_register add deviceidle , uid 1000.
01-09 14:14:58.987   601   601 I SystemServiceManager: Starting com.android.server.devicepolicy.DevicePolicyManagerService$Lifecycle
01-09 14:14:59.006   238   238 E ServiceManager: SELinux: hanpengcheng svc_can_register add device_policy , uid 1000.
01-09 14:14:59.009   601   601 I SystemServer: StartStatusBarManagerService
01-09 14:14:59.015   238   238 E ServiceManager: SELinux: hanpengcheng svc_can_register add statusbar , uid 1000.
01-09 14:14:59.015   601   601 I SystemServer: StartClipboardService
01-09 14:14:59.018   238   238 E ServiceManager: SELinux: hanpengcheng svc_can_register add clipboard , uid 1000.
01-09 14:14:59.019   601   601 I SystemServer: StartNetworkManagementService
01-09 14:14:59.025   601   667 I NetworkManagement: onDaemonConnected()
01-09 14:14:59.031   238   238 E ServiceManager: SELinux: hanpengcheng svc_can_register add network_management , uid 1000.
01-09 14:14:59.032   601   601 I SystemServiceManager: Starting com.android.server.TextServicesManagerService$Lifecycle
01-09 14:14:59.036   601   601 W TextServicesManagerService: no available spell checker services found
01-09 14:14:59.036   238   238 E ServiceManager: SELinux: hanpengcheng svc_can_register add textservices , uid 1000.
01-09 14:14:59.037   601   601 I SystemServer: StartNetworkScoreService
01-09 14:14:59.040   238   238 E ServiceManager: SELinux: hanpengcheng svc_can_register add network_score , uid 1000.
01-09 14:14:59.041   601   601 I SystemServer: StartNetworkStatsService
01-09 14:14:59.059   238   238 E ServiceManager: SELinux: hanpengcheng svc_can_register add netstats , uid 1000.
01-09 14:14:59.060   601   601 I SystemServer: StartNetworkPolicyManagerService
01-09 14:14:59.071   238   238 E ServiceManager: SELinux: hanpengcheng svc_can_register add netpolicy , uid 1000.
01-09 14:14:59.072   601   601 I SystemServer: No Wi-Fi NAN Service (NAN support Not Present)
01-09 14:14:59.081   327   647 D CameraHal_Marvin: HAL-MOCKUP:  free memops buffer(phy=0xfe800000) successful
01-09 14:14:59.083   327   647 D CameraHal_Marvin: HAL-MOCKUP:  free memops buffer(phy=0xfec00000) successful
01-09 14:14:59.086   327   647 D CameraHal_Marvin: HAL-MOCKUP:  free memops buffer(phy=0xff000000) successful
01-09 14:14:59.096   327   647 D CameraHal_Marvin: HAL-MOCKUP:  free memops buffer(phy=0xff400000) successful
01-09 14:14:59.103   601   601 I SystemServiceManager: Starting com.android.server.wifi.p2p.WifiP2pService
01-09 14:14:59.105   327   647 D CameraHal_Marvin: HAL-MOCKUP:  free memops buffer(phy=0xff800000) successful
01-09 14:14:59.114   327   647 D CameraHal_Marvin: HAL-MOCKUP:  free memops buffer(phy=0xffc00000) successful
01-09 14:14:59.116   327   327 E CameraHal_Marvin: GC2375:  STREAM OFF ++++++++++++++
01-09 14:14:59.140   601   601 I WifiP2pService: Registering wifip2p
01-09 14:14:59.140   238   238 E ServiceManager: SELinux: hanpengcheng svc_can_register add wifip2p , uid 1000.
01-09 14:14:59.141   327   664 D CameraHal: commandThread(1187): commandThread(1187): receive CMD_EXIT
01-09 14:14:59.142   327   327 D CameraHal: ~CameraHal(360): CameraHal destory success
01-09 14:14:59.142   327   327 D CameraHal: camera_get_camera_info(1449): camera_get_camera_info(1449): camera_0 facing(0), orientation(270)
01-09 14:14:59.142   327   327 D CameraHal: camera_get_camera_info(1449): camera_get_camera_info(1449): camera_1 facing(1), orientation(270)
01-09 14:14:59.143   238   238 E ServiceManager: SELinux: hanpengcheng svc_can_register add media.camera , uid 1047.
01-09 14:14:59.145   601   601 I SystemServiceManager: Starting com.android.server.wifi.WifiService
01-09 14:14:59.258   601   601 D HS20    : Passpoint is disabled
01-09 14:14:59.305   601   673 D WifiApConfigStore: 2G band allowed channels are:1,6,11
01-09 14:14:59.309   601   601 E WifiLogger: no ring buffers found
01-09 14:14:59.309   601   674 E IpManager.wlan0: Failed to disable IPv6java.lang.IllegalStateException: command '1 interface ipv6 wlan0 disable' failed with '400 1 Failed to change IPv6 state (No such file or directory)'
01-09 14:14:59.310   335   600 D CommandListener: Clearing all IP addresses on wlan0
01-09 14:14:59.310   601   601 E WifiLogger: Failed to start packet fate monitoring
01-09 14:14:59.315   601   674 D IpManager.wlan0: CMD_SET_MULTICAST_FILTER wlan0/-1 0 0 true [rcvd_in=StoppedState, proc_in=StoppedState]
01-09 14:14:59.324   601   601 D WifiController: isAirplaneModeOn = false, isWifiEnabled = false, isScanningAvailable = false
01-09 14:14:59.327   601   601 I WifiService: Registering wifi
01-09 14:14:59.327   238   238 E ServiceManager: SELinux: hanpengcheng svc_can_register add wifi , uid 1000.
01-09 14:14:59.333   601   601 I SystemServiceManager: Starting com.android.server.wifi.scanner.WifiScanningService
01-09 14:14:59.333   601   601 I WifiScanningService: Creating wifiscanner
01-09 14:14:59.336   601   601 I WifiScanningService: Publishing wifiscanner
01-09 14:14:59.336   238   238 E ServiceManager: SELinux: hanpengcheng svc_can_register add wifiscanner , uid 1000.
01-09 14:14:59.339   601   601 I SystemServiceManager: Starting com.android.server.wifi.RttService
01-09 14:14:59.340   601   601 I RttService: Creating rttmanager
01-09 14:14:59.341   601   601 I RttService: Starting rttmanager
01-09 14:14:59.341   238   238 E ServiceManager: SELinux: hanpengcheng svc_can_register add rttmanager , uid 1000.
01-09 14:14:59.342   601   601 I SystemServer: StartEthernetService
01-09 14:14:59.343   601   601 I SystemServiceManager: Starting com.android.server.ethernet.EthernetService
01-09 14:14:59.344   601   601 I EthernetServiceImpl: Creating EthernetConfigStore
01-09 14:14:59.347   601   601 E IpConfigStore: Error parsing configuration: java.io.FileNotFoundException: /data/misc/ethernet/ipconfig.txt (No such file or directory)
01-09 14:14:59.347   601   601 W EthernetConfigStore: No Ethernet configuration found. Using default.
01-09 14:14:59.347   601   601 I EthernetServiceImpl: Read stored IP configuration: IP assignment: DHCP
01-09 14:14:59.347   601   601 I EthernetServiceImpl: Proxy settings: NONE
01-09 14:14:59.348   601   601 I EthernetService: Registering service ethernet
01-09 14:14:59.348   238   238 E ServiceManager: SELinux: hanpengcheng svc_can_register add ethernet , uid 1000.
01-09 14:14:59.349   601   601 I SystemServer: StartConnectivityService
01-09 14:14:59.364   601   601 D ConnectivityService: ConnectivityService starting up
01-09 14:14:59.369   601   601 D ConnectivityService: wifiOnly=true
01-09 14:14:59.370   601   601 D ConnectivityService: naString=wifi,1,1,2,-1,true config=android.net.NetworkConfig@bd9316b
01-09 14:14:59.370   601   601 D ConnectivityService: naString=mobile,0,0,0,-1,true config=android.net.NetworkConfig@c4ad4c8
01-09 14:14:59.370   601   601 D ConnectivityService: networkAttributes - ignoring mobile as this dev is wifiOnly 0
01-09 14:14:59.370   601   601 D ConnectivityService: naString=mobile_mms,2,0,2,60000,true config=android.net.NetworkConfig@361b961
01-09 14:14:59.370   601   601 D ConnectivityService: networkAttributes - ignoring mobile as this dev is wifiOnly 2
01-09 14:14:59.371   601   601 D ConnectivityService: naString=mobile_supl,3,0,2,60000,true config=android.net.NetworkConfig@91dac86
01-09 14:14:59.371   601   601 D ConnectivityService: networkAttributes - ignoring mobile as this dev is wifiOnly 3
01-09 14:14:59.371   601   601 D ConnectivityService: naString=mobile_dun,4,0,2,60000,true config=android.net.NetworkConfig@1d77947
01-09 14:14:59.371   601   601 D ConnectivityService: networkAttributes - ignoring mobile as this dev is wifiOnly 4
01-09 14:14:59.371   601   601 D ConnectivityService: naString=mobile_hipri,5,0,3,60000,true config=android.net.NetworkConfig@39c7574
01-09 14:14:59.371   601   601 D ConnectivityService: networkAttributes - ignoring mobile as this dev is wifiOnly 5
01-09 14:14:59.371   601   601 D ConnectivityService: naString=mobile_fota,10,0,2,60000,true config=android.net.NetworkConfig@11f8a9d
01-09 14:14:59.371   601   601 D ConnectivityService: networkAttributes - ignoring mobile as this dev is wifiOnly 10
01-09 14:14:59.371   601   601 D ConnectivityService: naString=mobile_ims,11,0,2,60000,true config=android.net.NetworkConfig@9180b12
01-09 14:14:59.371   601   601 D ConnectivityService: networkAttributes - ignoring mobile as this dev is wifiOnly 11
01-09 14:14:59.372   601   601 D ConnectivityService: naString=mobile_cbs,12,0,2,60000,true config=android.net.NetworkConfig@48862e3
01-09 14:14:59.372   601   601 D ConnectivityService: networkAttributes - ignoring mobile as this dev is wifiOnly 12
01-09 14:14:59.372   601   601 D ConnectivityService: naString=bluetooth,7,7,0,-1,true config=android.net.NetworkConfig@ac574e0
01-09 14:14:59.372   601   601 D ConnectivityService: naString=ethernet,9,9,9,-1,true config=android.net.NetworkConfig@4ef3399
01-09 14:14:59.372   601   601 D ConnectivityService: mNetworksDefined=4
01-09 14:14:59.372   601   601 E ConnectivityService: Ignoring protectedNetwork 10
01-09 14:14:59.373   601   601 E ConnectivityService: Ignoring protectedNetwork 11
01-09 14:14:59.373   601   601 E ConnectivityService: Ignoring protectedNetwork 12
01-09 14:14:59.373   601   601 E ConnectivityService: Ignoring protectedNetwork 14
01-09 14:14:59.373   601   601 E ConnectivityService: Ignoring protectedNetwork 15
01-09 14:14:59.401   238   238 E ServiceManager: SELinux: hanpengcheng svc_can_register add connectivity , uid 1000.
01-09 14:14:59.402   601   601 I SystemServer: StartNsdService
01-09 14:14:59.411   238   238 E ServiceManager: SELinux: hanpengcheng svc_can_register add servicediscovery , uid 1000.
01-09 14:14:59.416   601   601 I SystemServer: StartUpdateLockService
01-09 14:14:59.417   238   238 E ServiceManager: SELinux: hanpengcheng svc_can_register add updatelock , uid 1000.
01-09 14:14:59.418   601   601 I SystemServiceManager: Starting com.android.server.RecoverySystemService
01-09 14:14:59.419   238   238 E ServiceManager: SELinux: hanpengcheng svc_can_register add recovery , uid 1000.
01-09 14:14:59.422   601   601 I SystemServiceManager: Starting com.android.server.notification.NotificationManagerService
01-09 14:14:59.447   601   601 D ConditionProviders.SCP: new ScheduleConditionProvider()
01-09 14:14:59.453   601   601 D ZenLog  : config: readXml,ZenModeConfig[user=0,allowCalls=true,allowRepeatCallers=false,allowMessages=false,allowCallsFrom=contacts,allowMessagesFrom=contacts,allowReminders=true,allowEvents=true,allowWhenScreenOff=true,allowWhenScreenOn=true,automaticRules={11babdaa6a1a4842879af43993cfd04a=ZenRule[enabled=false,snoozing=false,name=,zenMode=ZEN_MODE_ALARMS,conditionId=condition://android/schedule?days=1.2.3.4.5&start=22.0&end=7.0&exitAtAlarm=false,condition=Condition[id=condition://android/schedule?days=1.2.3.4.5&start=22.0&end=7.0&exitAtAlarm=false,summary=...,line1=...,line2=...,icon=0,state=STATE_FALSE,flags=2],component=ComponentInfo{android/com.android.server.notification.ScheduleConditionProvider},id=11babdaa6a1a4842879af43993cfd04a,creationTime=1360467676059,enabler=null], 13ed9a7f09b842b39fd79789904bbe58=ZenRule[enabled=false,snoozing=false,name=,zenMode=ZEN_MODE_ALARMS,conditionId=condition://android/schedule?days=6.7&start=23.30&end=10.0&exitAtAlarm=false,condition=Condition[id=condition://android/schedule?days=6.7&start=23.30&end=10.0&exitAtAlarm=false,summary=...,line1=...,line2=...,icon=0,state=STATE_FALSE,flags=2],component=ComponentInfo{android/com.android.server.notification.ScheduleConditionProvider},id=13ed9a7f09b842b39fd79789904bbe58,creationTime=1360467676059,enabler=null], 1a15122851624e9e9dc21534a7a383d3=ZenRule[enabled=false,snoozing=false,name=,zenMode=ZEN_MODE_ALARMS,conditionId=condition://android/event?userId=-10000&calendar=&reply=1,condition=Condition[id=condition://android/event?userId=-10000&calendar=&reply=1,summary=...,line1=...,line2=...,icon=0,state=STATE_FALSE,flags=2],component=ComponentInfo{android/com.android.server.notification.EventConditionProvider},id=1a15122851624e9e9dc21534a7a383d3,creationTime=1360467676060,enabler=null]},manualRule=null],Diff[automaticRule[11babdaa6a1a4842879af43993cfd04a]:insert,automaticRule[21f0a4c1eedc4c9c921e16971e40aa58]:delete,automaticRule[13ed9a7f09b842b39fd79789904bbe58]:insert,automaticRule[9bcdba01adc44a7cbc7a18cfc4f9e58a]:delete,automaticRule[1a15122851624e9e9dc21534a7a383d3]:insert,automaticRule[c01bfb1b67f84e3e8697b2bf49b8bac3]:delete]
01-09 14:14:59.466   601   601 D ZenLog  : set_zen_mode: off,init
01-09 14:14:59.469   238   238 E ServiceManager: SELinux: hanpengcheng svc_can_register add notification , uid 1000.
01-09 14:14:59.471   601   601 I SystemServiceManager: Starting com.android.server.storage.DeviceStorageMonitorService
01-09 14:14:59.475   238   238 E ServiceManager: SELinux: hanpengcheng svc_can_register add devicestoragemonitor , uid 1000.
01-09 14:14:59.475   601   601 I SystemServer: StartLocationManagerService
01-09 14:14:59.482   238   238 E ServiceManager: SELinux: hanpengcheng svc_can_register add location , uid 1000.
01-09 14:14:59.483   601   601 I SystemServer: StartCountryDetectorService
01-09 14:14:59.486   238   238 E ServiceManager: SELinux: hanpengcheng svc_can_register add country_detector , uid 1000.
01-09 14:14:59.487   601   601 I SystemServer: StartSearchManagerService
01-09 14:14:59.487   601   601 I SystemServiceManager: Starting com.android.server.search.SearchManagerService$Lifecycle
01-09 14:14:59.490   238   238 E ServiceManager: SELinux: hanpengcheng svc_can_register add search , uid 1000.
01-09 14:14:59.491   601   601 I SystemServiceManager: Starting com.android.server.DropBoxManagerService
01-09 14:14:59.493   238   238 E ServiceManager: SELinux: hanpengcheng svc_can_register add dropbox , uid 1000.
01-09 14:14:59.494   601   601 I SystemServer: StartWallpaperManagerService
01-09 14:14:59.494   601   601 I SystemServiceManager: Starting com.android.server.wallpaper.WallpaperManagerService$Lifecycle
01-09 14:14:59.505   238   238 E ServiceManager: SELinux: hanpengcheng svc_can_register add wallpaper , uid 1000.
01-09 14:14:59.507   601   601 I SystemServer: StartAudioService
01-09 14:14:59.507   601   601 I SystemServiceManager: Starting com.android.server.audio.AudioService$Lifecycle
01-09 14:14:59.524   326   372 D PermissionCache: checking android.permission.MODIFY_AUDIO_SETTINGS for uid=1000 => granted (1087 us)
01-09 14:14:59.529   601   601 W TelecomManager: Telecom Service not found.
01-09 14:14:59.534   326   367 W AudioFlinger: no wake lock to update, system not ready yet
01-09 14:14:59.570   601   601 V AudioService: monitoring device orientation
01-09 14:14:59.571   326   326 D AudioHardwareTiny: adev_set_parameters: kvpairs = orientation=undefined
01-09 14:14:59.572   238   238 E ServiceManager: SELinux: hanpengcheng svc_can_register add audio , uid 1000.
01-09 14:14:59.574   601   601 I SystemServiceManager: Starting com.android.server.DockObserver
01-09 14:14:59.575   601   601 W DockObserver: This kernel does not have dock station support
01-09 14:14:59.578   238   238 E ServiceManager: SELinux: hanpengcheng svc_can_register add DockObserver , uid 1000.
01-09 14:14:59.579   601   601 I SystemServer: StartWiredAccessoryManager
01-09 14:14:59.581   601   601 W WiredAccessoryManager: This kernel does not have usb audio support
01-09 14:14:59.581   601   601 W WiredAccessoryManager: This kernel does not have HDMI audio support
01-09 14:14:59.581   601   601 W WiredAccessoryManager: This kernel does not have dp audio support
01-09 14:14:59.581   601   601 I SystemServiceManager: Starting com.android.server.usb.UsbService$Lifecycle
01-09 14:14:59.594   601   601 E UsbDeviceManager: failed to write to /sys/class/android_usb/android0/f_rndis/ethaddr
01-09 14:14:59.595   601   601 I UsbDeviceManager: Setting USB config to adb
01-09 14:14:59.720   238   238 E ServiceManager: SELinux: hanpengcheng svc_can_register add usb , uid 1000.
01-09 14:14:59.723   601   601 I SystemServer: StartSerialService
01-09 14:14:59.724   238   238 E ServiceManager: SELinux: hanpengcheng svc_can_register add serial , uid 1000.
01-09 14:14:59.725   601   601 E HardwarePropertiesManagerService-JNI: Couldn't load thermal module (No such file or directory)
01-09 14:14:59.726   238   238 E ServiceManager: SELinux: hanpengcheng svc_can_register add hardware_properties , uid 1000.
01-09 14:14:59.727   601   601 I SystemServiceManager: Starting com.android.server.twilight.TwilightService
01-09 14:14:59.728   601   601 I SystemServiceManager: Starting com.android.server.job.JobSchedulerService
01-09 14:14:59.741   238   238 E ServiceManager: SELinux: hanpengcheng svc_can_register add jobscheduler , uid 1000.
01-09 14:14:59.742   601   601 I SystemServiceManager: Starting com.android.server.soundtrigger.SoundTriggerService
01-09 14:14:59.743   238   238 E ServiceManager: SELinux: hanpengcheng svc_can_register add soundtrigger , uid 1000.
01-09 14:14:59.744   601   601 I SystemServiceManager: Starting com.android.server.backup.BackupManagerService$Lifecycle
01-09 14:14:59.750   238   238 E ServiceManager: SELinux: hanpengcheng svc_can_register add backup , uid 1000.
01-09 14:14:59.751   601   601 I SystemServiceManager: Starting com.android.server.appwidget.AppWidgetService
01-09 14:14:59.769   238   238 E ServiceManager: SELinux: hanpengcheng svc_can_register add appwidget , uid 1000.
01-09 14:14:59.771   601   601 I SystemServiceManager: Starting com.android.server.voiceinteraction.VoiceInteractionManagerService
01-09 14:14:59.773   238   238 E ServiceManager: SELinux: hanpengcheng svc_can_register add voiceinteraction , uid 1000.
01-09 14:14:59.775   601   601 I SystemServer: Gesture Launcher Service
01-09 14:14:59.775   601   601 I SystemServiceManager: Starting com.android.server.GestureLauncherService
01-09 14:14:59.775   601   601 I SystemServiceManager: Starting com.android.server.SensorNotificationService
01-09 14:14:59.776   601   601 I SystemServiceManager: Starting com.android.server.ContextHubSystemService
01-09 14:14:59.779   601   601 E ContextHubService: ** Could not load context_hub module : err No such file or directory
01-09 14:14:59.779   601   601 W ContextHubService: No Context Hub Module present
01-09 14:14:59.779   601   601 I SystemServer: StartDiskStatsService
01-09 14:14:59.782   238   238 E ServiceManager: SELinux: hanpengcheng svc_can_register add diskstats , uid 1000.
01-09 14:14:59.782   601   601 I SystemServer: StartSamplingProfilerService
01-09 14:14:59.788   238   238 E ServiceManager: SELinux: hanpengcheng svc_can_register add samplingprofiler , uid 1000.
01-09 14:14:59.788   601   601 I SystemServer: StartNetworkTimeUpdateService
01-09 14:14:59.790   238   238 E ServiceManager: SELinux: hanpengcheng svc_can_register add network_time_update_service , uid 1000.
01-09 14:14:59.790   601   601 I SystemServer: StartCommonTimeManagementService
01-09 14:14:59.792   238   238 E ServiceManager: SELinux: hanpengcheng svc_can_register add commontime_management , uid 1000.
01-09 14:14:59.793   601   601 I SystemServer: CertBlacklister
01-09 14:14:59.797   601   601 I SystemServiceManager: Starting com.android.server.emergency.EmergencyAffordanceService
01-09 14:14:59.799   601   601 I SystemServiceManager: Starting com.android.server.dreams.DreamManagerService
01-09 14:14:59.801   238   238 E ServiceManager: SELinux: hanpengcheng svc_can_register add dreams , uid 1000.
01-09 14:14:59.802   601   601 I SystemServer: StartAssetAtlasService
01-09 14:14:59.806   238   238 E ServiceManager: SELinux: hanpengcheng svc_can_register add assetatlas , uid 1000.
01-09 14:14:59.808   238   238 E ServiceManager: SELinux: hanpengcheng svc_can_register add graphicsstats , uid 1000.
01-09 14:14:59.810   601   601 I SystemServiceManager: Starting com.android.server.print.PrintManagerService
01-09 14:14:59.810   601   695 D AssetAtlas: Loaded configuration: SliceMinArea (960x576) flags=0x2 count=98
01-09 14:14:59.811   239   308 D GRALLOC-ROCKCHIP: enter, w : 960, h : 576, format : 0x1, usage : 0x100.
01-09 14:14:59.819   601   695 D GRALLOC-ROCKCHIP: enter, w : 960, h : 576, format : 0x1, usage : 0x100.
01-09 14:14:59.820   238   238 E ServiceManager: SELinux: hanpengcheng svc_can_register add print , uid 1000.
01-09 14:14:59.821   601   601 I SystemServiceManager: Starting com.android.server.restrictions.RestrictionsManagerService
01-09 14:14:59.827   238   238 E ServiceManager: SELinux: hanpengcheng svc_can_register add restrictions , uid 1000.
01-09 14:14:59.828   601   601 I SystemServiceManager: Starting com.android.server.media.MediaSessionService
01-09 14:14:59.839   601   695 I mali_so : [File] : hardware/arm/maliT760/driver/product/base/src/mali_base_kbase.c; [Line] : 976; [Func] : base_context_deal_with_version_affairs_rk_ext;
01-09 14:14:59.839   601   695 I mali_so : arm_release_ver of this mali_so is 'r14p0-01rel0', rk_so_ver is '6@0'.
01-09 14:14:59.839   238   238 E ServiceManager: SELinux: hanpengcheng svc_can_register add media_session , uid 1000.
01-09 14:14:59.839   601   695 D mali_so : [File] : hardware/arm/maliT760/driver/product/base/src/mali_base_kbase.c; [Line] : 981; [Func] : base_context_deal_with_version_affairs_rk_ext;
01-09 14:14:59.839   601   695 D mali_so : current process is NOT sf, to bail out.
01-09 14:14:59.842   601   601 I SystemServer: StartMediaRouterService
01-09 14:14:59.844   238   238 E ServiceManager: SELinux: hanpengcheng svc_can_register add media_router , uid 1000.
01-09 14:14:59.845   601   601 I SystemServiceManager: Starting com.android.server.trust.TrustManagerService
01-09 14:14:59.854   238   238 E ServiceManager: SELinux: hanpengcheng svc_can_register add trust , uid 1000.
01-09 14:14:59.860   601   601 E RkDisplayModes: Couldn't find /system/usr/share/resolution_white.xml.
01-09 14:14:59.861   601   601 D rkdisplay-resources: Frame buffers:
01-09 14:14:59.861   601   601 D rkdisplay-resources: id	size	pitch
01-09 14:14:59.863   601   601 D rkdisplay-resources:  FEATURE:
01-09 14:14:59.863   601   601 D rkdisplay-resources: 		flags: immutable bitmask
01-09 14:14:59.863   601   601 D rkdisplay-resources: 		values:afbdc=1
01-09 14:14:59.863   601   601 D rkdisplay-resources: 		value:0
01-09 14:14:59.863   601   601 D rkdisplay-resources: 
01-09 14:14:59.863   601   601 D rkdisplay-resources: current_crtc id : 97  crtid : 53
01-09 14:14:59.863   601   601 D rkdisplay-resources: Encoders:
01-09 14:14:59.863   601   601 D rkdisplay-resources: id	crtc	type	possible crtcs	possible clones	
01-09 14:14:59.863   601   601 D rkdisplay-resources: 61	35	(invalid)	1	0
01-09 14:14:59.863   601   601 D rkdisplay-resources: 
01-09 14:14:59.863   601   601 D hwc-drm-connector: crtc_id_property_: name CRTC_ID 
01-09 14:14:59.864   601   601 D rkdisplay-resources:  hue:
01-09 14:14:59.864   601   601 D rkdisplay-resources: 		flags: range
01-09 14:14:59.864   601   601 D rkdisplay-resources: 		values:064
01-09 14:14:59.864   601   601 D rkdisplay-resources: 		value:32
01-09 14:14:59.864   601   601 D rkdisplay-resources: 
01-09 14:14:59.864   601   601 D RkNativeDisplayManager: nativeInit: 
01-09 14:14:59.864   601   601 D RkNativeDisplayManager: primary: 0x7765843800 extend: 0x0
01-09 14:14:59.868   238   238 E ServiceManager: SELinux: hanpengcheng svc_can_register add drm_device_management , uid 1000.
01-09 14:14:59.868   601   695 D AssetAtlas: Rendered atlas in 45.92ms (15.75+30.17ms)
01-09 14:14:59.868   238   238 E SELinux : avc:  denied  { add } for service=drm_device_management pid=601 uid=1000 scontext=u:r:system_server:s0 tcontext=u:object_r:default_android_service:s0 tclass=service_manager permissive=1
01-09 14:14:59.869   601   601 I SystemServer: StartBackgroundDexOptService
01-09 14:14:59.871   601   601 I SystemServiceManager: Starting com.android.server.pm.ShortcutService$Lifecycle
01-09 14:14:59.881   238   238 E ServiceManager: SELinux: hanpengcheng svc_can_register add shortcut , uid 1000.
01-09 14:14:59.882   601   601 I SystemServiceManager: Starting com.android.server.pm.LauncherAppsService
01-09 14:14:59.884   238   238 E ServiceManager: SELinux: hanpengcheng svc_can_register add launcherapps , uid 1000.
01-09 14:14:59.885   601   601 I SystemServiceManager: Starting com.android.server.media.projection.MediaProjectionManagerService
01-09 14:14:59.890   601   601 V MediaRouter: Adding route: RouteInfo{ name=, description=null, status=null, category=RouteCategory{ name=null types=ROUTE_TYPE_LIVE_AUDIO ROUTE_TYPE_LIVE_VIDEO  groupable=false }, supportedTypes=ROUTE_TYPE_LIVE_AUDIO ROUTE_TYPE_LIVE_VIDEO , presentationDisplay=null }
01-09 14:14:59.892   601   601 V MediaRouter: Updating audio routes: AudioRoutesInfo{ type=SPEAKER }
01-09 14:14:59.893   601   601 V MediaRouter: Selecting route: RouteInfo{ name=, description=null, status=null, category=RouteCategory{ name=null types=ROUTE_TYPE_LIVE_AUDIO ROUTE_TYPE_LIVE_VIDEO  groupable=false }, supportedTypes=ROUTE_TYPE_LIVE_AUDIO ROUTE_TYPE_LIVE_VIDEO , presentationDisplay=null }
01-09 14:14:59.894   238   238 E ServiceManager: SELinux: hanpengcheng svc_can_register add media_projection , uid 1000.
01-09 14:14:59.895   601   601 I SystemServiceManager: Starting com.android.server.MmsServiceBroker
01-09 14:14:59.898   238   238 E ServiceManager: SELinux: hanpengcheng svc_can_register add imms , uid 1000.
01-09 14:14:59.939   601   601 E LockSettingsStorage: Cannot read file java.io.FileNotFoundException: /data/system/gatekeeper.password.key: open failed: ENOENT (No such file or directory)
01-09 14:14:59.940   601   601 E LockSettingsStorage: Cannot read file java.io.FileNotFoundException: /data/system/password.key: open failed: ENOENT (No such file or directory)
01-09 14:14:59.941   601   601 E LockSettingsStorage: Cannot read file java.io.FileNotFoundException: /data/system/gatekeeper.pattern.key: open failed: ENOENT (No such file or directory)
01-09 14:14:59.942   601   601 E LockSettingsStorage: Cannot read file java.io.FileNotFoundException: /data/system/gatekeeper.gesture.key: open failed: ENOENT (No such file or directory)
01-09 14:14:59.943   601   601 E LockSettingsStorage: Cannot read file java.io.FileNotFoundException: /data/system/gesture.key: open failed: ENOENT (No such file or directory)
01-09 14:14:59.944   601   601 I SystemServiceManager: Starting phase 480
01-09 14:14:59.951   601   601 I DevicePolicyManagerService: Set ro.device_owner property to false
01-09 14:14:59.958   601   601 I SystemServiceManager: Starting phase 500
01-09 14:14:59.966   238   238 E ServiceManager: SELinux: hanpengcheng svc_can_register add bluetooth_manager , uid 1000.
01-09 14:14:59.967   601   601 D ConnectivityMetricsLoggerService: onBootPhase: PHASE_SYSTEM_SERVICES_READY
01-09 14:14:59.967   238   238 E ServiceManager: SELinux: hanpengcheng svc_can_register add connectivity_metrics_logger , uid 1000.
01-09 14:14:59.972   601   601 D ConnectivityService: listenForNetwork for uid/pid:1000/601 NetworkRequest [ LISTEN id=3, [] ]
01-09 14:14:59.973   238   238 E ServiceManager: SELinux: hanpengcheng svc_can_register add connmetrics , uid 1000.
01-09 14:14:59.974   238   238 E ServiceManager: SELinux: hanpengcheng svc_can_register add netd_listener , uid 1000.
01-09 14:14:59.979   601   601 I WifiService: WifiService starting up with Wi-Fi disabled
01-09 14:14:59.985   601   601 I WifiScanningService: Starting wifiscanner
01-09 14:14:59.992   601   601 I RttService: Registering rttmanager
01-09 14:14:59.994   601   601 I EthernetServiceImpl: Starting Ethernet service
01-09 14:14:59.998   601   601 D EthernetNetworkFactory: EthernetNetworkFactory start eth\d
01-09 14:14:59.998   601   601 D Ethernet: Registering NetworkFactory
01-09 14:14:59.999   601   679 D ConnectivityService: Got NetworkFactory Messenger for Ethernet
01-09 14:14:59.999   601   679 D ConnectivityService: NetworkFactory connected
01-09 14:15:00.000   601   708 D Ethernet: got request NetworkRequest [ REQUEST id=1, [ Capabilities: INTERNET&NOT_RESTRICTED&TRUSTED&NOT_VPN] ] with score 0
01-09 14:15:00.005   601   601 D ZenLog  : config: cleanUpZenRules,ZenModeConfig[user=0,allowCalls=true,allowRepeatCallers=false,allowMessages=false,allowCallsFrom=contacts,allowMessagesFrom=contacts,allowReminders=true,allowEvents=true,allowWhenScreenOff=true,allowWhenScreenOn=true,automaticRules={11babdaa6a1a4842879af43993cfd04a=ZenRule[enabled=false,snoozing=false,name=,zenMode=ZEN_MODE_ALARMS,conditionId=condition://android/schedule?days=1.2.3.4.5&start=22.0&end=7.0&exitAtAlarm=false,condition=Condition[id=condition://android/schedule?days=1.2.3.4.5&start=22.0&end=7.0&exitAtAlarm=false,summary=...,line1=...,line2=...,icon=0,state=STATE_FALSE,flags=2],component=ComponentInfo{android/com.android.server.notification.ScheduleConditionProvider},id=11babdaa6a1a4842879af43993cfd04a,creationTime=1360467676059,enabler=null], 13ed9a7f09b842b39fd79789904bbe58=ZenRule[enabled=false,snoozing=false,name=,zenMode=ZEN_MODE_ALARMS,conditionId=condition://android/schedule?days=6.7&start=23.30&end=10.0&exitAtAlarm=false,condition=Condition[id=condition://android/schedule?days=6.7&start=23.30&end=10.0&exitAtAlarm=false,summary=...,line1=...,line2=...,icon=0,state=STATE_FALSE,flags=2],component=ComponentInfo{android/com.android.server.notification.ScheduleConditionProvider},id=13ed9a7f09b842b39fd79789904bbe58,creationTime=1360467676059,enabler=null], 1a15122851624e9e9dc21534a7a383d3=ZenRule[enabled=false,snoozing=false,name=,zenMode=ZEN_MODE_ALARMS,conditionId=condition://android/event?userId=-10000&calendar=&reply=1,condition=Condition[id=condition://android/event?userId=-10000&calendar=&reply=1,summary=...,line1=...,line2=...,icon=0,state=STATE_FALSE,flags=2],component=ComponentInfo{android/com.android.server.notification.EventConditionProvider},id=1a15122851624e9e9dc21534a7a383d3,creationTime=1360467676060,enabler=null]},manualRule=null],Diff[]
01-09 14:15:00.006   601   601 D ZenLog  : set_zen_mode: off,onSystemReady
01-09 14:15:00.011   326   326 D PermissionCache: checking android.permission.CAPTURE_AUDIO_HOTWORD for uid=1000 => granted (439 us)
01-09 14:15:00.012   601   601 W SoundTriggerHelper: listModules status=0, # of modules=0
01-09 14:15:00.012   601   601 D ContextHubSystemService: onBootPhase: PHASE_SYSTEM_SERVICES_READY
01-09 14:15:00.012   238   238 E ServiceManager: SELinux: hanpengcheng svc_can_register add contexthub_service , uid 1000.
01-09 14:15:00.048   601   601 V UserManagerService: Found /data/user_de/0 with serial number 0
01-09 14:15:00.048   601   601 V UserManagerService: Found /data/user/0 with serial number 0
01-09 14:15:00.048   601   601 V UserManagerService: Found /data/system_de/0 with serial number 0
01-09 14:15:00.048   601   601 V UserManagerService: Found /data/system_ce/0 with serial number 0
01-09 14:15:00.052   601   624 W KeyguardServiceDelegate: onScreenTurningOn(): no keyguard service!
01-09 14:15:00.053   601   601 D ActivityManager: OK, system ready!
01-09 14:15:00.054   601   601 I ActivityManager: System now ready
01-09 14:15:00.065   601   615 I SystemServer: Making services ready
01-09 14:15:00.065   601   615 I SystemServiceManager: Starting phase 550
01-09 14:15:00.068   601   601 W VoiceInteractionManagerService: no available voice interaction services found for user 0
01-09 14:15:00.068   601   601 W VoiceInteractionManagerService: no available voice recognition services found for user 0
01-09 14:15:00.084   601   601 I Zygote  : Process: zygote socket opened, supported ABIS: arm64-v8a
01-09 14:15:00.098   601   601 I ActivityManager: Start proc 711:com.android.phone/1001 for added application com.android.phone
01-09 14:15:00.099   711   711 E art     : setrlimit(RLIMIT_CORE) failed for pid 711: Operation not permitted
01-09 14:15:00.122   601   601 I ActivityManager: Start proc 721:com.android.systemui/u0a23 for added application com.android.systemui
01-09 14:15:00.123   721   721 E art     : setrlimit(RLIMIT_CORE) failed for pid 721: Operation not permitted
01-09 14:15:00.123   601   601 I ActivityManager: START u0 {act=android.intent.action.MAIN cat=[android.intent.category.HOME] flg=0x10000100 cmp=com.android.settings/.FallbackHome} from uid 0 on display 0
01-09 14:15:00.128   601   601 W System  : ClassLoader referenced unknown path: 
01-09 14:15:00.128   601   601 W System  : ClassLoader referenced unknown path: /system/priv-app/Settings/lib/arm64
01-09 14:15:00.131   601   601 D ApplicationLoaders: ignored Vulkan layer search path /system/priv-app/Settings/lib/arm64:/system/priv-app/Settings/Settings.apk!/lib/arm64-v8a:/system/lib64:/vendor/lib64 for namespace 0x7781b0e160
01-09 14:15:00.143   601   601 I ActivityManager: Loaded persisted task ids for user 0
01-09 14:15:00.164   601   601 I ActivityManager: Start proc 739:com.android.settings/1000 for activity com.android.settings/.FallbackHome
01-09 14:15:00.165   601   601 E Build   : Required ro.build.fingerprint is empty!
01-09 14:15:00.165   601   601 E ActivityManager: Build fingerprint is not consistent, warning user
01-09 14:15:00.167   601   601 I SystemServer: Enabled StrictMode for system server main thread.
01-09 14:15:00.167   739   739 E art     : setrlimit(RLIMIT_CORE) failed for pid 739: Operation not permitted
