01-09 14:14:51.104   325   325 I art     : option[14]=-agentlib:jdwp=transport=dt_android_adb,suspend=n,server=y
01-09 14:14:51.104   325   325 I art     : option[15]=-Xlockprofthreshold:500
01-09 14:14:51.104   325   325 I art     : option[16]=-Ximage-compiler-option
01-09 14:14:51.104   325   325 I art     : option[17]=--runtime-arg
01-09 14:14:51.104   325   325 I art     : option[18]=-Ximage-compiler-option
01-09 14:14:51.104   325   325 I art     : option[19]=-Xms64m
01-09 14:14:51.104   325   325 I art     : option[20]=-Ximage-compiler-option
01-09 14:14:51.104   325   325 I art     : option[21]=--runtime-arg
01-09 14:14:51.104   325   325 I art     : option[22]=-Ximage-compiler-option
01-09 14:14:51.104   325   325 I art     : option[23]=-Xmx64m
01-09 14:14:51.105   325   325 I art     : option[24]=-Ximage-compiler-option
01-09 14:14:51.105   325   325 I art     : option[25]=--image-classes=/system/etc/preloaded-classes
01-09 14:14:51.105   325   325 I art     : option[26]=-Ximage-compiler-option
01-09 14:14:51.105   325   325 I art     : option[27]=--compiled-classes=/system/etc/compiled-classes
01-09 14:14:51.105   325   325 I art     : option[28]=-Xcompiler-option
01-09 14:14:51.105   325   325 I art     : option[29]=--runtime-arg
01-09 14:14:51.105   325   325 I art     : option[30]=-Xcompiler-option
01-09 14:14:51.105   325   325 I art     : option[31]=-Xms64m
01-09 14:14:51.105   325   325 I art     : option[32]=-Xcompiler-option
01-09 14:14:51.105   325   325 I art     : option[33]=--runtime-arg
01-09 14:14:51.105   325   325 I art     : option[34]=-Xcompiler-option
01-09 14:14:51.105   325   325 I art     : option[35]=-Xmx512m
01-09 14:14:51.105   325   325 I art     : option[36]=-Xcompiler-option
01-09 14:14:51.105   325   325 I art     : option[37]=-j2
01-09 14:14:51.105   325   325 I art     : option[38]=-Ximage-compiler-option
01-09 14:14:51.105   325   325 I art     : option[39]=-j2
01-09 14:14:51.105   325   325 I art     : option[40]=-Ximage-compiler-option
01-09 14:14:51.105   325   325 I art     : option[41]=--instruction-set-variant=cortex-a53.a57
01-09 14:14:51.105   325   325 I art     : option[42]=-Xcompiler-option
01-09 14:14:51.105   325   325 I art     : option[43]=--instruction-set-variant=cortex-a53.a57
01-09 14:14:51.105   325   325 I art     : option[44]=-Ximage-compiler-option
01-09 14:14:51.106   325   325 I art     : option[45]=--instruction-set-features=default
01-09 14:14:51.106   325   325 I art     : option[46]=-Xcompiler-option
01-09 14:14:51.106   325   325 I art     : option[47]=--instruction-set-features=default
01-09 14:14:51.107   325   325 I art     : option[48]=-Duser.locale=zh-CN
01-09 14:14:51.107   325   325 I art     : option[49]=--cpu-abilist=armeabi-v7a,armeabi
01-09 14:14:51.132   327   327 W CameraHal_Marvin: CALIBDB: parseEntryCell(1095): unknown cell tag: tbd
01-09 14:14:51.139   327   327 D CameraHal: camera_get_number_of_cameras(786): load sensor name(IMX258) connect 1
01-09 14:14:51.139   327   327 D CameraHal: camera_get_number_of_cameras(786): load sensor name(GC2375) connect 1
01-09 14:14:51.140   327   327 E CameraHal: camera_get_number_of_cameras(844): Open /dev/video0 failed! strr: No such file or directory
01-09 14:14:51.140   327   327 E CameraHal: camera_get_number_of_cameras(844): Open /dev/video1 failed! strr: No such file or directory
01-09 14:14:51.140   327   327 E CameraHal: camera_get_number_of_cameras(844): Open /dev/video2 failed! strr: No such file or directory
01-09 14:14:51.140   327   327 E CameraHal: camera_get_number_of_cameras(844): Open /dev/video3 failed! strr: No such file or directory
01-09 14:14:51.140   327   327 E CameraHal: camera_get_number_of_cameras(844): Open /dev/video4 failed! strr: No such file or directory
01-09 14:14:51.140   327   327 E CameraHal: camera_get_number_of_cameras(844): Open /dev/video5 failed! strr: No such file or directory
01-09 14:14:51.140   327   327 E CameraHal: camera_get_number_of_cameras(844): Open /dev/video6 failed! strr: No such file or directory
01-09 14:14:51.140   327   327 E CameraHal: camera_get_number_of_cameras(844): Open /dev/video7 failed! strr: No such file or directory
01-09 14:14:51.140   327   327 E CameraHal: camera_get_number_of_cameras(844): Open /dev/video8 failed! strr: No such file or directory
01-09 14:14:51.140   327   327 E CameraHal: camera_get_number_of_cameras(844): Open /dev/video9 failed! strr: No such file or directory
01-09 14:14:51.141   327   327 D CameraHal: camera_get_number_of_cameras(1236): camera_get_number_of_cameras(1236): Current board have 2 cameras attached.
01-09 14:14:51.141   327   327 D CameraHal: camera_get_number_of_cameras(1239): meida_profiles_xml_control time (670928)us
01-09 14:14:51.141   327   327 I CameraService: Loaded "RK29_ICS_CameraHal_Module" camera module
01-09 14:14:51.141   327   327 D CameraHal: camera_get_number_of_cameras(1236): camera_get_number_of_cameras(1236): Current board have 2 cameras attached.
01-09 14:14:51.141   327   327 D CameraHal: camera_get_number_of_cameras(1239): meida_profiles_xml_control time (29)us
01-09 14:14:51.141   327   327 D CameraHal: camera_get_number_of_cameras(1236): camera_get_number_of_cameras(1236): Current board have 2 cameras attached.
01-09 14:14:51.141   327   327 D CameraHal: camera_get_number_of_cameras(1239): meida_profiles_xml_control time (185)us
01-09 14:14:51.141   327   327 I CameraFlashlight: Opening camera 0
01-09 14:14:51.141   327   327 D CameraHal: camera_get_camera_info(1449): camera_get_camera_info(1449): camera_0 facing(0), orientation(270)
01-09 14:14:51.141   327   327 I CameraHal: camera_device_open(566): camera_device open
01-09 14:14:51.141   327   327 D CameraHal: gCameraHalLogLevel: 0
01-09 14:14:51.149   327   327 D CameraHal: CameraHal(151): it is a isp  camera
01-09 14:14:51.149   327   327 E CameraGLAdapter: initEnv(285): open libuvnr.so fail
01-09 14:14:51.149   327   327 E CameraGLAdapter: dlopen libuvnr.so fail errmsg: dlopen failed: library "/system/lib/libuvnr.so" not found
01-09 14:14:51.150   327   327 E CameraGLAdapter: initEnv(522): open libmfnr.so fail
01-09 14:14:51.150   327   327 E CameraGLAdapter: dlopen libmfnr.so fail errmsg: dlopen failed: library "/system/lib/libmfnr.so" not found
01-09 14:14:51.150   327   327 E CameraHal: CameraIspAdapter(313): CameraIspAdapter(313):open libuvcapp.so fail,dlopen failed: library "libuvcapp.so" not found
01-09 14:14:51.150   327   327 D CameraHal: Calling process is: /system/bin/cameraserver
01-09 14:14:51.154   327   327 I mpp_rt  : NOT found ion allocator
01-09 14:14:51.155   327   327 I mpp_rt  : found drm allocator
01-09 14:14:51.155   327   327 D CameraHal: Calling process is: /system/bin/cameraserver
01-09 14:14:51.156   327   327 D CameraHal: Calling process is: /system/bin/cameraserver
01-09 14:14:51.165   327   327 E CameraHal: disconnectCamera(2188): getFocusLimits failed!
01-09 14:14:51.189   327   327 E CameraHal_Marvin: IMX258: IMX258_IsiMdiSetupMotoDrive:czf enable vcm
01-09 14:14:51.190   327   327 E CameraHal_Marvin: IMX258: IMX258_IsiMdiSetupMotoDrive:czf HalWriteI2CMem result 0
01-09 14:14:51.195   327   327 E CameraHal_Marvin: IMX258: IMX258_IsiMdiSetupMotoDrive:czf HalWriteI2CMem result 0
01-09 14:14:51.201   327   327 E CameraHal_Marvin: IMX258: IMX258_IsiMdiSetupMotoDrive:czf HalWriteI2CMem result 0
01-09 14:14:51.207   327   327 D CameraHal_Marvin: 
01-09 14:14:51.207   327   327 D CameraHal_Marvin: 
01-09 14:14:51.207   327   327 D CameraHal_Marvin: 
01-09 14:14:51.207   327   327 D CameraHal_Marvin: CameraHal Version Check:
01-09 14:14:51.207   327   327 D CameraHal_Marvin:     CamSys_Head.h version: 
01-09 14:14:51.207   327   327 D CameraHal_Marvin:        kernel: (0x) v1.0.0
01-09 14:14:51.207   327   327 D CameraHal_Marvin:        libisp_siliconimage_isp.so: (0x) v1.0.0
01-09 14:14:51.207   327   327 D CameraHal_Marvin:     LibIsp version: 
01-09 14:14:51.207   327   327 D CameraHal_Marvin:        local: (0x) v3.0.0
01-09 14:14:51.207   327   327 D CameraHal_Marvin:        camera.rk30board.so: (0x) v3.0.0
01-09 14:14:51.207   327   327 D CameraHal_Marvin:     Sensor ISI version: 
01-09 14:14:51.207   327   327 D CameraHal_Marvin:         libisp_isi_drv_XXX: (0x) v0.e.0
01-09 14:14:51.207   327   327 D CameraHal_Marvin:         libisp_siliconimage_isp.so: (0x) v0.e.0
01-09 14:14:51.207   327   327 D CameraHal_Marvin:     Tunning XML version:
01-09 14:14:51.207   327   327 D CameraHal_Marvin:         libisp_isi_drv_XXX: (18-7-2014_oyyf-hkw_IMX258_CMK-CB0407-FV1_v0.1.2)
01-09 14:14:51.207   327   327 D CameraHal_Marvin:         Calibdb: (2018-11-26_Liquid_IMX258_50013A7_V1.0)
01-09 14:14:51.207   327   327 D CameraHal_Marvin:     sensor name IMX258: 
01-09 14:14:51.207   327   327 D CameraHal_Marvin:        sensor drv version: (0x) v0.2.0
01-09 14:14:51.207   327   327 D CameraHal_Marvin: 
01-09 14:14:51.207   327   327 D CameraHal_Marvin: 
01-09 14:14:51.207   327   327 D CameraHal_Marvin: 
01-09 14:14:51.207   327   327 D CameraHal_Marvin: Request 640x480, Exp(>= 0.000000), Fps(>= 15fps) 
01-09 14:14:51.207   327   327 D CameraHal_Marvin: getPreferedSensorRes is 4208x3120@20fps
01-09 14:14:51.207   327   327 D CameraHal: setupPreview(603): isp out put format is YUV420SP.
01-09 14:14:51.207   327   327 D CameraHal: setupPreview(615): Sensor output: 4208x3120 --(0,0,4208,3120)--> User request: 640x480
01-09 14:14:51.313   324   324 D ICU     : No timezone override file found: /data/misc/zoneinfo/current/icu/icu_tzdata.dat
01-09 14:14:51.383   327   327 E CameraHal_Marvin: IMX258: IMX258_SetupOutputWindowInternal set IMX258_g_4208x3120_fourlane
01-09 14:14:51.385   327   327 E CameraHal_Marvin: IMX258: read from sensor,lsc enable 222 0x00
01-09 14:14:51.578   325   325 D ICU     : No timezone override file found: /data/misc/zoneinfo/current/icu/icu_tzdata.dat
01-09 14:14:51.589   324   324 E memtrack: Couldn't load memtrack module (No such file or directory)
01-09 14:14:51.589   324   324 E android.os.Debug: failed to load memtrack module: -2
01-09 14:14:51.603   324   324 I Radio-JNI: register_android_hardware_Radio DONE
01-09 14:14:51.632   324   324 I SamplingProfilerIntegration: Profiling disabled.
01-09 14:14:51.633   324   324 D Zygote  : begin preload
01-09 14:14:51.633   324   324 I Zygote  : Installing ICU cache reference pinning...
01-09 14:14:51.635   324   324 I Zygote  : Preloading ICU data...
01-09 14:14:51.706   327   327 E CameraHal_Marvin: HAL-MOCKUP: I2c bus #4 read failed
01-09 14:14:51.707   327   327 D GRALLOC-ROCKCHIP: enter, w : 9846720, h : 1, format : 0x4, usage : 0x60033.
01-09 14:14:51.707   327   327 D GRALLOC-ROCKCHIP: [File] : hardware/rockchip/libgralloc/gralloc_drm_rockchip.c; [Line] : 1315; [Func] : drm_gem_rockchip_alloc;
01-09 14:14:51.707   327   327 D GRALLOC-ROCKCHIP: to ask for cachable buffer for CPU read, usage : 0x60033
01-09 14:14:51.761   327   327 D CameraHal: cam_mem_gralloc_ops_alloc(423): alloc graphic buffer sucess,mem 0xf5319860, vir_addr 0xf2d3f000,fd 31
01-09 14:14:51.761   327   327 D CameraHal: cam_mem_gralloc_ops_iommu_map(464): mem 0xf5319860, fd 31
01-09 14:14:51.766   324   324 I Zygote  : Preloading classes...
01-09 14:14:51.775   327   327 D GRALLOC-ROCKCHIP: enter, w : 9846720, h : 1, format : 0x4, usage : 0x60033.
01-09 14:14:51.775   327   327 D GRALLOC-ROCKCHIP: [File] : hardware/rockchip/libgralloc/gralloc_drm_rockchip.c; [Line] : 1315; [Func] : drm_gem_rockchip_alloc;
01-09 14:14:51.775   327   327 D GRALLOC-ROCKCHIP: to ask for cachable buffer for CPU read, usage : 0x60033
01-09 14:14:51.776   324   324 W Zygote  : Class not found for preloading: [Landroid.view.Display$ColorTransform;
01-09 14:14:51.806   325   325 E memtrack: Couldn't load memtrack module (No such file or directory)
01-09 14:14:51.806   325   325 E android.os.Debug: failed to load memtrack module: -2
01-09 14:14:51.816   325   325 I Radio-JNI: register_android_hardware_Radio DONE
01-09 14:14:51.833   327   327 D CameraHal: cam_mem_gralloc_ops_alloc(423): alloc graphic buffer sucess,mem 0xf53198a0, vir_addr 0xf1a77000,fd 33
01-09 14:14:51.833   327   327 D CameraHal: cam_mem_gralloc_ops_iommu_map(464): mem 0xf53198a0, fd 33
01-09 14:14:51.844   327   327 D GRALLOC-ROCKCHIP: enter, w : 9846720, h : 1, format : 0x4, usage : 0x60033.
01-09 14:14:51.844   327   327 D GRALLOC-ROCKCHIP: [File] : hardware/rockchip/libgralloc/gralloc_drm_rockchip.c; [Line] : 1315; [Func] : drm_gem_rockchip_alloc;
01-09 14:14:51.844   327   327 D GRALLOC-ROCKCHIP: to ask for cachable buffer for CPU read, usage : 0x60033
01-09 14:14:51.850   325   325 I SamplingProfilerIntegration: Profiling disabled.
01-09 14:14:51.853   325   325 D Zygote  : begin preload
01-09 14:14:51.853   325   325 I Zygote  : Installing ICU cache reference pinning...
01-09 14:14:51.854   325   325 I Zygote  : Preloading ICU data...
01-09 14:14:51.887   327   327 D CameraHal: cam_mem_gralloc_ops_alloc(423): alloc graphic buffer sucess,mem 0xf53198e0, vir_addr 0xf07af000,fd 35
01-09 14:14:51.887   327   327 D CameraHal: cam_mem_gralloc_ops_iommu_map(464): mem 0xf53198e0, fd 35
01-09 14:14:51.899   327   327 D GRALLOC-ROCKCHIP: enter, w : 9846720, h : 1, format : 0x4, usage : 0x60033.
01-09 14:14:51.899   327   327 D GRALLOC-ROCKCHIP: [File] : hardware/rockchip/libgralloc/gralloc_drm_rockchip.c; [Line] : 1315; [Func] : drm_gem_rockchip_alloc;
01-09 14:14:51.899   327   327 D GRALLOC-ROCKCHIP: to ask for cachable buffer for CPU read, usage : 0x60033
01-09 14:14:51.936   327   327 D CameraHal: cam_mem_gralloc_ops_alloc(423): alloc graphic buffer sucess,mem 0xf5319920, vir_addr 0xef4e7000,fd 37
01-09 14:14:51.936   327   327 D CameraHal: cam_mem_gralloc_ops_iommu_map(464): mem 0xf5319920, fd 37
01-09 14:14:51.937   325   325 I Zygote  : Preloading classes...
01-09 14:14:51.948   327   327 D GRALLOC-ROCKCHIP: enter, w : 9846720, h : 1, format : 0x4, usage : 0x60033.
01-09 14:14:51.948   327   327 D GRALLOC-ROCKCHIP: [File] : hardware/rockchip/libgralloc/gralloc_drm_rockchip.c; [Line] : 1315; [Func] : drm_gem_rockchip_alloc;
01-09 14:14:51.948   327   327 D GRALLOC-ROCKCHIP: to ask for cachable buffer for CPU read, usage : 0x60033
01-09 14:14:51.948   325   325 W Zygote  : Class not found for preloading: [Landroid.view.Display$ColorTransform;
01-09 14:14:51.991   327   327 D CameraHal: cam_mem_gralloc_ops_alloc(423): alloc graphic buffer sucess,mem 0xf5319960, vir_addr 0xee21f000,fd 39
01-09 14:14:51.991   327   327 D CameraHal: cam_mem_gralloc_ops_iommu_map(464): mem 0xf5319960, fd 39
01-09 14:14:52.001   327   327 D GRALLOC-ROCKCHIP: enter, w : 9846720, h : 1, format : 0x4, usage : 0x60033.
01-09 14:14:52.002   327   327 D GRALLOC-ROCKCHIP: [File] : hardware/rockchip/libgralloc/gralloc_drm_rockchip.c; [Line] : 1315; [Func] : drm_gem_rockchip_alloc;
01-09 14:14:52.002   327   327 D GRALLOC-ROCKCHIP: to ask for cachable buffer for CPU read, usage : 0x60033
01-09 14:14:52.042   327   327 D CameraHal: cam_mem_gralloc_ops_alloc(423): alloc graphic buffer sucess,mem 0xf53199a0, vir_addr 0xecf57000,fd 41
01-09 14:14:52.042   327   327 D CameraHal: cam_mem_gralloc_ops_iommu_map(464): mem 0xf53199a0, fd 41
01-09 14:14:52.054   327   327 E CameraHal_Marvin: IMX258: read from sensor,lsc enable 222 0x01
01-09 14:14:52.054   327   327 E CameraHal_Marvin: IMX258: read from sensor,lsc enable 222 0x01
01-09 14:14:52.056   327   327 E CameraHal_Marvin: AWB: AwbConfigure: AWB_VERSION_10
01-09 14:14:52.056   327   327 E CameraHal_Marvin: IMX258: IMX258_IsiMdiSetupMotoDrive:czf enable vcm
01-09 14:14:52.057   327   327 E CameraHal_Marvin: IMX258: IMX258_IsiMdiSetupMotoDrive:czf HalWriteI2CMem result 0
01-09 14:14:52.062   327   327 E CameraHal_Marvin: IMX258: IMX258_IsiMdiSetupMotoDrive:czf HalWriteI2CMem result 0
01-09 14:14:52.069   327   327 E CameraHal_Marvin: IMX258: IMX258_IsiMdiSetupMotoDrive:czf HalWriteI2CMem result 0
01-09 14:14:52.076   327   327 E CameraHal_Marvin: IMX258: IMX258_IsiSensorSetStreamingIss (enter)  on = 1
01-09 14:14:52.077   327   327 E CameraHal_Marvin: CAMERIC_CPROC_DRV: CamerIcCprocEnable: 128,0,128,0
01-09 14:14:52.077   327   327 E CameraHal_Marvin: IMX258: IMX258_IsiMdiSetupMotoDrive:czf enable vcm
01-09 14:14:52.077   327   327 E CameraHal_Marvin: IMX258: IMX258_IsiMdiSetupMotoDrive:czf HalWriteI2CMem result 0
01-09 14:14:52.083   327   327 E CameraHal_Marvin: IMX258: IMX258_IsiMdiSetupMotoDrive:czf HalWriteI2CMem result 0
01-09 14:14:52.089   327   327 E CameraHal_Marvin: IMX258: IMX258_IsiMdiSetupMotoDrive:czf HalWriteI2CMem result 0
01-09 14:14:52.095   327   327 D CameraHal: Calling process is: /system/bin/cameraserver
01-09 14:14:52.095   327   327 D CameraHal: PICSIZE: 4096x3072,3264x2448,2592x1944,1600x1200,640x480,352x288,320x240,176x144,1280x720,1920x1080
01-09 14:14:52.096   327   327 D CameraHal: initDefaultParameters(1733): Support Preview format: yuv420sp,yuv420p    yuv420sp(default)
01-09 14:14:52.096   327   327 D CameraHal: initDefaultParameters(1735): Support Preview sizes: 176x144,320x240,352x288,640x480,720x480,800x600,1280x720,1920x1080,960x540,4096x3072    4096x3072(default)    4096x3072(force)
01-09 14:14:52.096   327   327 D CameraHal: initDefaultParameters(1736): Support Preview FPS range: (3000,30000),(15000,15000),(30000,30000)
01-09 14:14:52.096   327   327 D CameraHal: initDefaultParameters(1737): Support Preview framerate: 10,15,20,30
01-09 14:14:52.096   327   327 D CameraHal: initDefaultParameters(1738): Support Picture sizes: 4096x3072,3264x2448,2592x1944,1600x1200,640x480,352x288,320x240,176x144,1280x720,1920x1080    4096x3072(default)
01-09 14:14:52.096   327   327 D CameraHal: initDefaultParameters(1739): Support Focus: fixed,auto,continuous-picture  Focus zone: 1
01-09 14:14:52.096   327   327 D CameraHal: initDefaultParameters(1741): Support Flash: off,on,auto,torch  Flash: off
01-09 14:14:52.096   327   327 D CameraHal: initDefaultParameters(1742): Support AWB: auto,incandescent,fluorescent,daylight,cloudy-daylight 
01-09 14:14:52.096   327   327 D CameraHal: initDefaultParameters(1743): Support FOV test h(60.000000) v(60.000000)
01-09 14:14:52.096   327   327 D CameraHal: isNeedToRestartPreview(175): mPreviewFrame2AppW (4096x3072)
01-09 14:14:52.096   327   327 D CameraHal: isNeedToRestartPreview(176): mCamPreviewW (640x480)
01-09 14:14:52.096   327   327 D CameraHal: isNeedToRestartPreview(177): video width (4096x3072)
01-09 14:14:52.097   327   327 I ServiceManager: Waiting for service sensorservice...
01-09 14:14:52.147   327   327 I ServiceManager: Waiting for service sensorservice...
01-09 14:14:52.198   327   327 I ServiceManager: Waiting for service sensorservice...
01-09 14:14:52.205   324   324 E Typeface: Error mapping font file /system/fonts/DroidSansFallback.ttf
01-09 14:14:52.211   325   325 E Typeface: Error mapping font file /system/fonts/DroidSansFallback.ttf
01-09 14:14:52.248   327   327 I ServiceManager: Waiting for service sensorservice...
01-09 14:14:52.299   327   327 I ServiceManager: Waiting for service sensorservice...
01-09 14:14:52.349   327   327 I ServiceManager: Waiting for service sensorservice...
01-09 14:14:52.400   327   327 I ServiceManager: Waiting for service sensorservice...
01-09 14:14:52.450   327   327 I ServiceManager: Waiting for service sensorservice...
01-09 14:14:52.478   324   324 I art     : Thread[1,tid=324,Native,Thread*=0x777dc95a00,peer=0x12c060d0,"main"] recursive attempt to load library "/system/lib64/libmedia_jni.so"
01-09 14:14:52.480   324   324 D MtpDeviceJNI: register_android_mtp_MtpDevice
01-09 14:14:52.481   324   324 I art     : Thread[1,tid=324,Native,Thread*=0x777dc95a00,peer=0x12c060d0,"main"] recursive attempt to load library "/system/lib64/libmedia_jni.so"
01-09 14:14:52.482   324   324 I art     : Thread[1,tid=324,Native,Thread*=0x777dc95a00,peer=0x12c060d0,"main"] recursive attempt to load library "/system/lib64/libmedia_jni.so"
01-09 14:14:52.487   324   324 D MediaProfiles: CameraGroupFound(622): media_profiles_id: 0x0
01-09 14:14:52.488   324   324 D MediaProfiles: getInstance(716): Create instance from /data/camera/media_profiles.xml 
01-09 14:14:52.496   325   325 I art     : Thread[1,tid=325,Native,Thread*=0xf0105400,peer=0x12c060d0,"main"] recursive attempt to load library "/system/lib/libmedia_jni.so"
01-09 14:14:52.498   325   325 D MtpDeviceJNI: register_android_mtp_MtpDevice
01-09 14:14:52.499   325   325 I art     : Thread[1,tid=325,Native,Thread*=0xf0105400,peer=0x12c060d0,"main"] recursive attempt to load library "/system/lib/libmedia_jni.so"
01-09 14:14:52.499   325   325 I art     : Thread[1,tid=325,Native,Thread*=0xf0105400,peer=0x12c060d0,"main"] recursive attempt to load library "/system/lib/libmedia_jni.so"
01-09 14:14:52.501   327   327 I ServiceManager: Waiting for service sensorservice...
01-09 14:14:52.502   325   325 D MediaProfiles: CameraGroupFound(622): media_profiles_id: 0x0
01-09 14:14:52.502   325   325 D MediaProfiles: getInstance(716): Create instance from /data/camera/media_profiles.xml 
01-09 14:14:52.551   327   327 I ServiceManager: Waiting for service sensorservice...
01-09 14:14:52.578   543   543 I vpu_api : dlclose vpu lib
01-09 14:14:52.602   327   327 I ServiceManager: Waiting for service sensorservice...
01-09 14:14:52.623   239   308 D GRALLOC-ROCKCHIP: enter, w : 1536, h : 2048, format : 0x2, usage : 0xb00.
01-09 14:14:52.646   273   297 D GRALLOC-ROCKCHIP: enter, w : 1536, h : 2048, format : 0x2, usage : 0xb00.
01-09 14:14:52.652   327   327 I ServiceManager: Waiting for service sensorservice...
01-09 14:14:52.703   327   327 I ServiceManager: Waiting for service sensorservice...
01-09 14:14:52.744   324   324 W Zygote  : Class not found for preloading: android.view.Display$ColorTransform
01-09 14:14:52.744   324   324 W Zygote  : Class not found for preloading: android.view.Display$ColorTransform$1
01-09 14:14:52.746   325   325 W Zygote  : Class not found for preloading: android.view.Display$ColorTransform
01-09 14:14:52.746   325   325 W Zygote  : Class not found for preloading: android.view.Display$ColorTransform$1
01-09 14:14:52.753   327   327 I ServiceManager: Waiting for service sensorservice...
01-09 14:14:52.804   327   327 I ServiceManager: Waiting for service sensorservice...
01-09 14:14:52.854   327   327 I ServiceManager: Waiting for service sensorservice...
01-09 14:14:52.905   327   327 I ServiceManager: Waiting for service sensorservice...
01-09 14:14:52.935   335   335 V NatController: runCmd(/system/bin/iptables -w -F natctrl_FORWARD) res=0
01-09 14:14:52.946   335   335 V NatController: runCmd(/system/bin/ip6tables -w -F natctrl_FORWARD) res=0
01-09 14:14:52.947   324   324 I System  : Loaded time zone names for "" in 60ms (58ms in ICU)
01-09 14:14:52.953   325   325 I System  : Loaded time zone names for "" in 53ms (50ms in ICU)
01-09 14:14:52.955   327   327 I ServiceManager: Waiting for service sensorservice...
01-09 14:14:52.959   335   335 V NatController: runCmd(/system/bin/iptables -w -A natctrl_FORWARD -j DROP) res=0
01-09 14:14:52.969   335   335 V NatController: runCmd(/system/bin/iptables -w -t nat -F natctrl_nat_POSTROUTING) res=0
01-09 14:14:52.974   324   324 I System  : Loaded time zone names for "en_US" in 26ms (23ms in ICU)
01-09 14:14:52.983   335   335 V NatController: runCmd(/system/bin/ip6tables -w -t raw -F natctrl_raw_PREROUTING) res=0
01-09 14:14:52.984   325   325 I System  : Loaded time zone names for "en_US" in 30ms (27ms in ICU)
01-09 14:14:52.995   335   335 V NatController: runCmd(/system/bin/iptables -w -F natctrl_tether_counters) res=1
01-09 14:14:53.000   324   324 I System  : Loaded time zone names for "zh_CN" in 26ms (24ms in ICU)
01-09 14:14:53.005   335   335 V NatController: runCmd(/system/bin/ip6tables -w -F natctrl_tether_counters) res=1
01-09 14:14:53.006   327   327 I ServiceManager: Waiting for service sensorservice...
01-09 14:14:53.011   325   325 I System  : Loaded time zone names for "zh_CN" in 26ms (24ms in ICU)
01-09 14:14:53.016   335   335 V NatController: runCmd(/system/bin/iptables -w -X natctrl_tether_counters) res=1
01-09 14:14:53.035   324   324 I Zygote  : ...preloaded 4158 classes in 1270ms.
01-09 14:14:53.036   324   324 I art     : VMRuntime.preloadDexCaches starting
01-09 14:14:53.039   335   335 V NatController: runCmd(/system/bin/ip6tables -w -X natctrl_tether_counters) res=1
01-09 14:14:53.051   325   325 I Zygote  : ...preloaded 4158 classes in 1114ms.
01-09 14:14:53.051   325   325 I art     : VMRuntime.preloadDexCaches starting
01-09 14:14:53.056   327   327 I ServiceManager: Waiting for service sensorservice...
01-09 14:14:53.059   335   335 V NatController: runCmd(/system/bin/iptables -w -N natctrl_tether_counters) res=0
01-09 14:14:53.070   335   335 V NatController: runCmd(/system/bin/ip6tables -w -N natctrl_tether_counters) res=0
01-09 14:14:53.083   335   335 V NatController: runCmd(/system/bin/iptables -w -t mangle -A natctrl_mangle_FORWARD -p tcp --tcp-flags SYN SYN -j TCPMSS --clamp-mss-to-pmtu) res=0
01-09 14:14:53.106   327   327 I ServiceManager: Waiting for service sensorservice...
01-09 14:14:53.157   327   327 I ServiceManager: Waiting for service sensorservice...
01-09 14:14:53.169   324   324 I art     : VMRuntime.preloadDexCaches strings total=285778 before=39840 after=39840
01-09 14:14:53.169   324   324 I art     : VMRuntime.preloadDexCaches types total=23695 before=7889 after=7917
01-09 14:14:53.169   324   324 I art     : VMRuntime.preloadDexCaches fields total=113013 before=41163 after=41380
01-09 14:14:53.169   324   324 I art     : VMRuntime.preloadDexCaches methods total=198773 before=82718 after=83284
01-09 14:14:53.169   324   324 I art     : VMRuntime.preloadDexCaches finished
01-09 14:14:53.170   324   324 I Zygote  : Preloading resources...
01-09 14:14:53.207   327   327 I ServiceManager: Waiting for service sensorservice...
01-09 14:14:53.210   325   325 I art     : VMRuntime.preloadDexCaches strings total=285778 before=39840 after=39840
01-09 14:14:53.210   325   325 I art     : VMRuntime.preloadDexCaches types total=23695 before=7889 after=7917
01-09 14:14:53.210   325   325 I art     : VMRuntime.preloadDexCaches fields total=113013 before=41163 after=41380
01-09 14:14:53.210   325   325 I art     : VMRuntime.preloadDexCaches methods total=198773 before=82718 after=83284
01-09 14:14:53.210   325   325 I art     : VMRuntime.preloadDexCaches finished
01-09 14:14:53.211   325   325 I Zygote  : Preloading resources...
01-09 14:14:53.218   324   324 W Resources: Preloaded drawable resource #0x108025c (android:drawable/dialog_background_material) that varies with configuration!!
01-09 14:14:53.225   324   324 W Resources: Preloaded color resource #0x10600ea (android:color/material_grey_800) that varies with configuration!!
01-09 14:14:53.225   324   324 W Resources: Preloaded drawable resource #0x10802c9 (android:drawable/floating_popup_background_dark) that varies with configuration!!
01-09 14:14:53.239   335   335 E Netd    : cannot find interface dummy0
01-09 14:14:53.241   335   335 D MDnsDS  : MDnsSdListener::Hander starting up
01-09 14:14:53.244   335   596 D MDnsDS  : MDnsSdListener starting to monitor
01-09 14:14:53.244   335   596 D MDnsDS  : Going to poll with pollCount 1
01-09 14:14:53.245   238   238 E ServiceManager: SELinux: hanpengcheng svc_can_register add netd , uid 0.
01-09 14:14:53.249   325   325 W Resources: Preloaded drawable resource #0x108025c (android:drawable/dialog_background_material) that varies with configuration!!
01-09 14:14:53.253   325   325 W Resources: Preloaded color resource #0x10600ea (android:color/material_grey_800) that varies with configuration!!
01-09 14:14:53.253   325   325 W Resources: Preloaded drawable resource #0x10802c9 (android:drawable/floating_popup_background_dark) that varies with configuration!!
01-09 14:14:53.258   327   327 I ServiceManager: Waiting for service sensorservice...
01-09 14:14:53.308   327   327 I ServiceManager: Waiting for service sensorservice...
01-09 14:14:53.317   324   324 I Zygote  : ...preloaded 114 resources in 147ms.
01-09 14:14:53.320   324   324 W Resources: Preloaded color resource #0x1060114 (android:color/background_cache_hint_selector_material_dark) that varies with configuration!!
01-09 14:14:53.320   324   324 W Resources: Preloaded color resource #0x1060119 (android:color/btn_default_material_dark) that varies with configuration!!
01-09 14:14:53.321   324   324 I Zygote  : ...preloaded 41 resources in 4ms.
01-09 14:14:53.321   324   324 D libEGL  : loaded /vendor/lib64/egl/libGLES_mali.so
01-09 14:14:53.327   325   325 I Zygote  : ...preloaded 114 resources in 116ms.
01-09 14:14:53.331   325   325 W Resources: Preloaded color resource #0x1060114 (android:color/background_cache_hint_selector_material_dark) that varies with configuration!!
01-09 14:14:53.331   325   325 W Resources: Preloaded color resource #0x1060119 (android:color/btn_default_material_dark) that varies with configuration!!
01-09 14:14:53.332   325   325 I Zygote  : ...preloaded 41 resources in 5ms.
01-09 14:14:53.334   325   325 D libEGL  : loaded /vendor/lib/egl/libGLES_mali.so
01-09 14:14:53.337   324   324 I Zygote  : Preloading shared libraries...
01-09 14:14:53.352   324   324 I Zygote  : Uninstalled ICU cache reference pinning...
01-09 14:14:53.353   325   325 I Zygote  : Preloading shared libraries...
01-09 14:14:53.357   324   324 I Zygote  : Installed AndroidKeyStoreProvider in 5ms.
01-09 14:14:53.359   327   327 I ServiceManager: Waiting for service sensorservice...
01-09 14:14:53.365   324   324 I Zygote  : Warmed up JCA providers in 8ms.
01-09 14:14:53.365   324   324 D Zygote  : end preload
01-09 14:14:53.365   324   324 I art     : Starting a blocking GC Explicit
01-09 14:14:53.369   325   325 I Zygote  : Uninstalled ICU cache reference pinning...
01-09 14:14:53.375   325   325 I Zygote  : Installed AndroidKeyStoreProvider in 6ms.
01-09 14:14:53.384   324   324 I art     : Explicit concurrent mark sweep GC freed 40816(5MB) AllocSpace objects, 134(2MB) LOS objects, 39% free, 4MB/6MB, paused 100us total 17.559ms
01-09 14:14:53.388   325   325 I Zygote  : Warmed up JCA providers in 13ms.
01-09 14:14:53.388   325   325 D Zygote  : end preload
01-09 14:14:53.388   325   325 I art     : Starting a blocking GC Explicit
01-09 14:14:53.394   324   324 I art     : Starting a blocking GC Explicit
01-09 14:14:53.402   324   324 I art     : Explicit concurrent mark sweep GC freed 4843(181KB) AllocSpace objects, 0(0B) LOS objects, 40% free, 3MB/6MB, paused 92us total 7.441ms
01-09 14:14:53.408   325   325 I art     : Explicit concurrent mark sweep GC freed 40684(5MB) AllocSpace objects, 134(2MB) LOS objects, 39% free, 4MB/6MB, paused 164us total 19.508ms
01-09 14:14:53.410   327   327 I ServiceManager: Waiting for service sensorservice...
01-09 14:14:53.410   325   325 I art     : Starting a blocking GC Explicit
01-09 14:14:53.418   325   325 I art     : Explicit concurrent mark sweep GC freed 4843(181KB) AllocSpace objects, 0(0B) LOS objects, 39% free, 3MB/6MB, paused 121us total 7.529ms
01-09 14:14:53.426   324   453 I art     : Starting a blocking GC HeapTrim
01-09 14:14:53.433   324   324 I art     : Starting a blocking GC Background
01-09 14:14:53.436   325   325 I Zygote  : Accepting command socket connections
01-09 14:14:53.460   327   327 I ServiceManager: Waiting for service sensorservice...
01-09 14:14:53.463   324   324 I Zygote  : System server process 601 has been created
01-09 14:14:53.466   324   324 I Zygote  : Accepting command socket connections
01-09 14:14:53.485   601   601 D Zygote  : --------call waitForSecondaryZygote,skip this---,abiList= arm64-v8a
01-09 14:14:53.488   601   601 I InstallerConnection: connecting...
01-09 14:14:53.490   326   367 W BatteryNotifier: batterystats service unavailable!
01-09 14:14:53.491   329   329 I         : new connection
01-09 14:14:53.511   327   327 I ServiceManager: Waiting for service sensorservice...
01-09 14:14:53.516   601   601 I InstallerConnection: disconnecting...
01-09 14:14:53.517   329   329 E         : eof
01-09 14:14:53.517   329   329 E         : failed to read size
01-09 14:14:53.517   329   329 I         : closing connection
01-09 14:14:53.562   327   327 I ServiceManager: Waiting for service sensorservice...
01-09 14:14:53.610   601   601 I SystemServer: Entered the Android system server!
01-09 14:14:53.613   327   327 I ServiceManager: Waiting for service sensorservice...
01-09 14:14:53.663   327   327 I ServiceManager: Waiting for service sensorservice...
01-09 14:14:53.714   327   327 I ServiceManager: Waiting for service sensorservice...
01-09 14:14:53.764   327   327 I ServiceManager: Waiting for service sensorservice...
01-09 14:14:53.815   327   327 I ServiceManager: Waiting for service sensorservice...
01-09 14:14:53.860   601   601 I SystemServiceManager: Starting com.android.server.pm.Installer
01-09 14:14:53.866   327   327 I ServiceManager: Waiting for service sensorservice...
01-09 14:14:53.868   601   601 I Installer: Waiting for installd to be ready.
01-09 14:14:53.869   601   601 I InstallerConnection: connecting...
01-09 14:14:53.870   329   329 I         : new connection
01-09 14:14:53.871   601   601 I SystemServiceManager: Starting com.android.server.am.ActivityManagerService$Lifecycle
01-09 14:14:53.904   601   601 D LogUtil : SimpleEbenLog fileName=am_service.log,toggle=persist.sys.log.am
01-09 14:14:53.906   601   601 D LogUtil : EbenSecureLog crate file:am_service.log
01-09 14:14:53.916   327   327 I ServiceManager: Waiting for service sensorservice...
01-09 14:14:53.949   601   601 D ConstantEben: initConfiguration map={}
01-09 14:14:53.950   601   601 I ActivityManager: Memory class: 192
01-09 14:14:53.957   601   615 I ServiceThread: Enabled StrictMode logging for ActivityManager looper.
01-09 14:14:53.963   601   616 I ServiceThread: Enabled StrictMode logging for android.ui looper.
01-09 14:14:53.967   327   327 I ServiceManager: Waiting for service sensorservice...
01-09 14:14:54.016   601   601 D BatteryStatsImpl: Reading daily items from /data/system/batterystats-daily.xml
01-09 14:14:54.018   327   327 I ServiceManager: Waiting for service sensorservice...
01-09 14:14:54.068   327   327 I ServiceManager: Waiting for service sensorservice...
01-09 14:14:54.119   327   327 I ServiceManager: Waiting for service sensorservice...
01-09 14:14:54.169   327   327 I ServiceManager: Waiting for service sensorservice...
01-09 14:14:54.219   327   327 I ServiceManager: Waiting for service sensorservice...
01-09 14:14:54.243   601   601 I IntentFirewall: Read new rules (A:0 B:0 S:0)
01-09 14:14:54.253   601   622 I ServiceThread: Enabled StrictMode logging for android.display looper.
01-09 14:14:54.259   238   238 E ServiceManager: SELinux: hanpengcheng svc_can_register add batterystats , uid 1000.
01-09 14:14:54.260   238   238 E ServiceManager: SELinux: hanpengcheng svc_can_register add appops , uid 1000.
01-09 14:14:54.261   601   601 D AppOps  : AppOpsService published
01-09 14:14:54.261   601   601 I SystemServiceManager: Starting com.android.server.power.PowerManagerService
01-09 14:14:54.266   601   624 I ServiceThread: Enabled StrictMode logging for PowerManagerService looper.
01-09 14:14:54.270   327   327 I ServiceManager: Waiting for service sensorservice...
01-09 14:14:54.283   601   601 W libsuspend: Error writing 'on' to /sys/power/state: Invalid argument
01-09 14:14:54.284   601   601 I libsuspend: Selected wakeup count
01-09 14:14:54.287   238   238 E ServiceManager: SELinux: hanpengcheng svc_can_register add power , uid 1000.
01-09 14:14:54.305   601   601 I SystemServiceManager: Starting com.android.server.lights.LightsService
01-09 14:14:54.318   601   601 I SystemServiceManager: Starting com.android.server.display.DisplayManagerService
01-09 14:14:54.320   327   327 I ServiceManager: Waiting for service sensorservice...
01-09 14:14:54.330   238   238 E ServiceManager: SELinux: hanpengcheng svc_can_register add display , uid 1000.
01-09 14:14:54.333   601   601 I SystemServiceManager: Starting phase 100
01-09 14:14:54.349   601   622 I DisplayManagerService: Display device added: DisplayDeviceInfo{"": uniqueId="local:0", 1536 x 2048, modeId 1, defaultModeId 1, supportedModes [{id=1, width=1536, height=2048, fps=60.000004}], colorMode 0, supportedColorModes [0], HdrCapabilities android.view.Display$HdrCapabilities@a69d6308, density 320, 265.404 x 265.404 dpi, appVsyncOff 1000000, presDeadline 16666666, touch INTERNAL, rotation 0, type BUILT_IN, state UNKNOWN, FLAG_DEFAULT_DISPLAY, FLAG_ROTATES_WITH_CONTENT, FLAG_SECURE, FLAG_SUPPORTS_PROTECTED_BUFFERS}
01-09 14:14:54.352   239   239 D SurfaceFlinger: Set power mode=2, type=0 flinger=0x7a46648000
01-09 14:14:54.352   239   239 D SurfaceFlinger: Screen type=0 is already mode=2
01-09 14:14:54.354   601   622 I DisplayManagerService: Display device changed state: "", ON
01-09 14:14:54.356   601   601 I SystemServer: StartPackageManagerService
01-09 14:14:54.372   327   327 I ServiceManager: Waiting for service sensorservice...
01-09 14:14:54.423   327   327 I ServiceManager: Waiting for service sensorservice...
01-09 14:14:54.453   601   601 W SystemConfig: No directory /system/etc/sysconfig, skipping
01-09 14:14:54.473   327   327 I ServiceManager: Waiting for service sensorservice...
01-09 14:14:54.524   327   327 I ServiceManager: Waiting for service sensorservice...
01-09 14:14:54.557   601   601 D SELinuxMMAC: Using policy file /system/etc/security/mac_permissions.xml
01-09 14:14:54.574   327   327 I ServiceManager: Waiting for service sensorservice...
01-09 14:14:54.625   327   327 I ServiceManager: Waiting for service sensorservice...
01-09 14:14:54.675   327   327 I ServiceManager: Waiting for service sensorservice...
01-09 14:14:54.726   327   327 I ServiceManager: Waiting for service sensorservice...
01-09 14:14:54.776   327   327 I ServiceManager: Waiting for service sensorservice...
01-09 14:14:54.791   601   601 E art     : DexFile_getDexOptNeeded file '/system/framework/org.apache.http.legacy.jar' does not exist
01-09 14:14:54.792   601   601 W PackageManager: Library not found: /system/framework/org.apache.http.legacy.jar
01-09 14:14:54.814   601   601 E art     : DexFile_getDexOptNeeded file '/system/framework/org.apache.http.legacy.jar' does not exist
01-09 14:14:54.814   601   601 W PackageManager: Library not found: /system/framework/org.apache.http.legacy.jar
01-09 14:14:54.820   601   601 D PackageManager: No files in app dir /vendor/overlay
01-09 14:14:54.826   327   327 I ServiceManager: Waiting for service sensorservice...
01-09 14:14:54.828   601   601 W PackageManager: Failed to parse /system/framework/arm: Missing base APK in /system/framework/arm
01-09 14:14:54.829   601   601 W PackageManager: Failed to parse /system/framework/arm64: Missing base APK in /system/framework/arm64
01-09 14:14:54.877   327   327 I ServiceManager: Waiting for service sensorservice...
01-09 14:14:54.898   601   601 W PackageManager: Failed to parse /system/framework/oat: Missing base APK in /system/framework/oat
01-09 14:14:54.927   327   327 I ServiceManager: Waiting for service sensorservice...
01-09 14:14:54.956   601   601 W PackageParser: No actions in intent filter at /system/priv-app/Contacts/Contacts.apk Binary XML file line #409
01-09 14:14:54.978   327   327 I ServiceManager: Waiting for service sensorservice...
01-09 14:14:55.013   601   601 W PackageParser: Ignoring duplicate uses-permissions/uses-permissions-sdk-m: android.permission.ACCESS_FINE_LOCATION in package: com.DeviceTest at: Binary XML file line #22
01-09 14:14:55.013   601   601 W PackageParser: Ignoring duplicate uses-permissions/uses-permissions-sdk-m: android.permission.WRITE_SETTINGS in package: com.DeviceTest at: Binary XML file line #31
01-09 14:14:55.014   601   601 W PackageParser: Ignoring duplicate uses-permissions/uses-permissions-sdk-m: android.permission.INTERNET in package: com.DeviceTest at: Binary XML file line #39
01-09 14:14:55.014   601   601 W PackageParser: Ignoring duplicate uses-permissions/uses-permissions-sdk-m: android.permission.DEVICE_POWER in package: com.DeviceTest at: Binary XML file line #43
01-09 14:14:55.028   327   327 I ServiceManager: Waiting for service sensorservice...
01-09 14:14:55.062   601   601 W PackageManager: Permission android.permission.DOWNLOAD_WITHOUT_NOTIFICATION from package com.android.providers.downloads in an unknown group android.permission-group.NETWORK
01-09 14:14:55.079   327   327 I ServiceManager: Waiting for service sensorservice...
01-09 14:14:55.129   327   327 I ServiceManager: Waiting for service sensorservice...
01-09 14:14:55.180   327   327 I ServiceManager: Waiting for service sensorservice...
01-09 14:14:55.230   327   327 I ServiceManager: Waiting for service sensorservice...
01-09 14:14:55.281   327   327 I ServiceManager: Waiting for service sensorservice...
01-09 14:14:55.331   327   327 I ServiceManager: Waiting for service sensorservice...
01-09 14:14:55.382   327   327 I ServiceManager: Waiting for service sensorservice...
01-09 14:14:55.432   327   327 I ServiceManager: Waiting for service sensorservice...
01-09 14:14:55.483   327   327 I ServiceManager: Waiting for service sensorservice...
01-09 14:14:55.533   327   327 I ServiceManager: Waiting for service sensorservice...
01-09 14:14:55.552   601   601 W PackageParser: Ignoring duplicate uses-permissions/uses-permissions-sdk-m: android.permission.USE_CREDENTIALS in package: com.android.settings at: Binary XML file line #56
01-09 14:14:55.552   601   601 W PackageParser: Ignoring duplicate uses-permissions/uses-permissions-sdk-m: android.permission.READ_SYNC_SETTINGS in package: com.android.settings at: Binary XML file line #61
01-09 14:14:55.552   601   601 W PackageParser: Ignoring duplicate uses-permissions/uses-permissions-sdk-m: android.permission.WRITE_SYNC_SETTINGS in package: com.android.settings at: Binary XML file line #62
01-09 14:14:55.584   327   327 I ServiceManager: Waiting for service sensorservice...
01-09 14:14:55.634   327   327 I ServiceManager: Waiting for service sensorservice...
01-09 14:14:55.659   601   601 W PackageParser: Ignoring duplicate uses-permissions/uses-permissions-sdk-m: android.permission.INSTALL_GRANT_RUNTIME_PERMISSIONS in package: com.android.shell at: Binary XML file line #102
01-09 14:14:55.685   327   327 I ServiceManager: Waiting for service sensorservice...
01-09 14:14:55.735   327   327 I ServiceManager: Waiting for service sensorservice...
01-09 14:14:55.754   601   601 W PackageParser: Ignoring duplicate uses-permissions/uses-permissions-sdk-m: android.permission.CONFIGURE_WIFI_DISPLAY in package: com.android.systemui at: Binary XML file line #123
01-09 14:14:55.786   327   327 I ServiceManager: Waiting for service sensorservice...
01-09 14:14:55.836   327   327 I ServiceManager: Waiting for service sensorservice...
01-09 14:14:55.887   327   327 I ServiceManager: Waiting for service sensorservice...
01-09 14:14:55.917   601   601 W PackageParser: Ignoring duplicate uses-permissions/uses-permissions-sdk-m: android.permission.READ_CONTACTS in package: com.android.bluetooth at: Binary XML file line #61
01-09 14:14:55.920   601   601 W PackageParser: No actions in intent filter at /system/app/Bluetooth/Bluetooth.apk Binary XML file line #223
01-09 14:14:55.937   327   327 I ServiceManager: Waiting for service sensorservice...
01-09 14:14:55.987   327   327 I ServiceManager: Waiting for service sensorservice...
01-09 14:14:56.036   601   601 W PackageManager: Non-privileged app; cap priority to 0; package: com.android.cts.ctsshim activity: com.android.cts.ctsshim.InstallPriority origPrio: 100
01-09 14:14:56.036   601   601 W PackageManager: Non-privileged app; cap priority to 0; package: com.android.cts.ctsshim activity: com.android.cts.ctsshim.InstallPriority origPrio: 100
01-09 14:14:56.036   601   601 W PackageManager: Non-privileged app; cap priority to 0; package: com.android.cts.ctsshim activity: com.android.cts.ctsshim.InstallPriority origPrio: 100
01-09 14:14:56.036   601   601 W PackageManager: Non-privileged app; cap priority to 0; package: com.android.cts.ctsshim activity: com.android.cts.ctsshim.InstallPriority origPrio: 100
01-09 14:14:56.036   601   601 W PackageManager: Non-privileged app; cap priority to 0; package: com.android.cts.ctsshim activity: com.android.cts.ctsshim.InstallPriority origPrio: 100
01-09 14:14:56.038   327   327 I ServiceManager: Waiting for service sensorservice...
01-09 14:14:56.088   327   327 I ServiceManager: Waiting for service sensorservice...
01-09 14:14:56.117   601   601 W PackageParser: No actions in intent filter at /system/app/ECalendar/ECalendar.apk Binary XML file line #264
01-09 14:14:56.123   601   601 W PackageManager: Non-privileged app; cap priority to 0; package: com.ebensz.enote.calendar activity: com.android.calendar.GoogleCalendarUriIntentFilter origPrio: 50
01-09 14:14:56.140   601   601 W PackageParser: Ignoring duplicate uses-permissions/uses-permissions-sdk-m: android.permission.MOUNT_UNMOUNT_FILESYSTEMS in package: com.ebensz.enote.designer at: Binary XML file line #19
01-09 14:14:56.140   327   327 I ServiceManager: Waiting for service sensorservice...
01-09 14:14:56.191   327   327 I ServiceManager: Waiting for service sensorservice...
01-09 14:14:56.243   327   327 I ServiceManager: Waiting for service sensorservice...
01-09 14:14:56.256   601   601 W PackageParser: Ignoring duplicate uses-permissions/uses-permissions-sdk-m: android.permission.READ_CONTACTS in package: com.ebensz.enote.meeting at: Binary XML file line #52
01-09 14:14:56.261   601   601 W PackageParser: No actions in intent filter at /system/app/EMeeting/EMeeting.apk Binary XML file line #199
01-09 14:14:56.270   601   601 W PackageManager: Non-privileged app; cap priority to 0; package: com.ebensz.enote.meeting activity: com.android.calendar.GoogleCalendarUriIntentFilter origPrio: 50
01-09 14:14:56.293   327   327 I ServiceManager: Waiting for service sensorservice...
01-09 14:14:56.302   601   601 W PackageParser: Problem in package /system/app/EMemo/EMemo.apk:
01-09 14:14:56.302   601   601 W PackageParser: Unknown element under <activity>: uses-permission at /system/app/EMemo/EMemo.apk Binary XML file line #52
01-09 14:14:56.302   601   601 W PackageParser: Problem in package /system/app/EMemo/EMemo.apk:
01-09 14:14:56.303   601   601 W PackageParser: Unknown element under <activity>: uses-permission at /system/app/EMemo/EMemo.apk Binary XML file line #53
01-09 14:14:56.305   601   601 W PackageParser: Unknown element under <application>: uses-permission at /system/app/EMemo/EMemo.apk Binary XML file line #194
01-09 14:14:56.305   601   601 W PackageParser: Unknown element under <application>: uses-permission at /system/app/EMemo/EMemo.apk Binary XML file line #195
01-09 14:14:56.306   601   601 W PackageParser: Unknown element under <application>: uses-permission at /system/app/EMemo/EMemo.apk Binary XML file line #264
01-09 14:14:56.306   601   601 W PackageParser: Unknown element under <application>: uses-permission at /system/app/EMemo/EMemo.apk Binary XML file line #265
01-09 14:14:56.306   601   601 W PackageParser: Unknown element under <application>: uses-permission at /system/app/EMemo/EMemo.apk Binary XML file line #266
01-09 14:14:56.344   327   327 I ServiceManager: Waiting for service sensorservice...
01-09 14:14:56.344   601   601 W PackageParser: Unknown element under <manifest>: meta-data at /system/app/ENoteWidget/ENoteWidget.apk Binary XML file line #31
01-09 14:14:56.350   601   601 W PackageParser: No actions in intent filter at /system/app/ENoteWidget/ENoteWidget.apk Binary XML file line #85
01-09 14:14:56.360   601   601 W PackageManager: Non-privileged app; cap priority to 0; package: com.ebensz.enote.widget activity: com.android.calendar.GoogleCalendarUriIntentFilter origPrio: 50
01-09 14:14:56.378   601   601 W PackageParser: Ignoring duplicate uses-permissions/uses-permissions-sdk-m: android.permission.WRITE_EXTERNAL_STORAGE in package: com.ebensz.enote.draft at: Binary XML file line #15
01-09 14:14:56.395   327   327 I ServiceManager: Waiting for service sensorservice...
01-09 14:14:56.419   601   601 W PackageParser: Ignoring duplicate uses-permissions/uses-permissions-sdk-m: android.permission.INTERNET in package: com.ebensz.enote.notepad at: Binary XML file line #36
01-09 14:14:56.419   601   601 W PackageParser: Ignoring duplicate uses-permissions/uses-permissions-sdk-m: android.permission.ACCESS_NETWORK_STATE in package: com.ebensz.enote.notepad at: Binary XML file line #37
01-09 14:14:56.419   601   601 W PackageParser: Ignoring duplicate uses-permissions/uses-permissions-sdk-m: android.permission.ACCESS_WIFI_STATE in package: com.ebensz.enote.notepad at: Binary XML file line #38
01-09 14:14:56.419   601   601 W PackageParser: Ignoring duplicate uses-permissions/uses-permissions-sdk-m: android.permission.READ_PHONE_STATE in package: com.ebensz.enote.notepad at: Binary XML file line #39
01-09 14:14:56.419   601   601 W PackageParser: Ignoring duplicate uses-permissions/uses-permissions-sdk-m: android.permission.WRITE_EXTERNAL_STORAGE in package: com.ebensz.enote.notepad at: Binary XML file line #41
01-09 14:14:56.445   327   327 I ServiceManager: Waiting for service sensorservice...
01-09 14:14:56.448   601   601 W ResourceType: Failure getting entry for 0x7f060003 (t=5 e=3) (error -75)
01-09 14:14:56.482   601   601 W PackageManager: Non-privileged app; cap priority to 0; package: com.ebensz.tourist activity: com.ebensz.tourist.GuideFragmentActivity origPrio: 99
01-09 14:14:56.496   327   327 I ServiceManager: Waiting for service sensorservice...
01-09 14:14:56.547   327   327 I ServiceManager: Waiting for service sensorservice...
