01-09 14:15:01.242   323   791 I ACodec  : onAllocateComponent:6703 mSoftCodecPref:0 componentName:
01-09 14:15:01.242   323   791 I ACodec  : onAllocateComponent:6734 mSoftCodecPref:0 componentName:OMX.google.vorbis.decoder
01-09 14:15:01.243   332   828 I OMXMaster: makeComponentInstance(OMX.google.vorbis.decoder) in mediacodec process
01-09 14:15:01.244   323   778 I MediaPlayerService: MediaPlayerService::getOMX
01-09 14:15:01.246   721   902 I OMXClient: MuxOMX ctor
01-09 14:15:01.246   721   902 I ACodec  : onAllocateComponent:6703 mSoftCodecPref:0 componentName:
01-09 14:15:01.243   721   721 I com.android.systemui: type=1400 audit(0.0:17): avc: denied { read } for comm=4E444B204D65646961436F6465635F name="u:object_r:ctsgts_prop:s0" dev="tmpfs" ino=14020 scontext=u:r:platform_app:s0:c512,c768 tcontext=u:object_r:ctsgts_prop:s0 tclass=file permissive=1
01-09 14:15:01.243   721   721 I com.android.systemui: type=1400 audit(0.0:18): avc: denied { open } for comm=4E444B204D65646961436F6465635F path="/dev/__properties__/u:object_r:ctsgts_prop:s0" dev="tmpfs" ino=14020 scontext=u:r:platform_app:s0:c512,c768 tcontext=u:object_r:ctsgts_prop:s0 tclass=file permissive=1
01-09 14:15:01.243   721   721 I com.android.systemui: type=1400 audit(0.0:19): avc: denied { getattr } for comm=4E444B204D65646961436F6465635F path="/dev/__properties__/u:object_r:ctsgts_prop:s0" dev="tmpfs" ino=14020 scontext=u:r:platform_app:s0:c512,c768 tcontext=u:object_r:ctsgts_prop:s0 tclass=file permissive=1
01-09 14:15:01.247   601   779 I OMXClient: MuxOMX ctor
01-09 14:15:01.247   601   779 I ACodec  : onAllocateComponent:6703 mSoftCodecPref:0 componentName:
01-09 14:15:01.248   721   902 I ACodec  : onAllocateComponent:6734 mSoftCodecPref:0 componentName:OMX.google.vorbis.decoder
01-09 14:15:01.249   601   779 I ACodec  : onAllocateComponent:6734 mSoftCodecPref:0 componentName:OMX.google.vorbis.decoder
01-09 14:15:01.275   332   832 I OMXMaster: makeComponentInstance(OMX.google.vorbis.decoder) in mediacodec process
01-09 14:15:01.276   332   360 I OMXMaster: makeComponentInstance(OMX.google.vorbis.decoder) in mediacodec process
01-09 14:15:01.277   332   828 E OMXNodeInstance: setConfig(14c001c:google.vorbis.decoder, ConfigPriority(0x6f800002)) ERROR: Undefined(0x80001001)
01-09 14:15:01.278   323   791 I ACodec  : codec does not support config priority (err -2147483648)
01-09 14:15:01.279   323   791 I MediaCodec: MediaCodec will operate in async mode
01-09 14:15:01.304   323   789 D AudioTrack: Client defaulted notificationFrames to 11264 for frameCount 22528
01-09 14:15:01.305   326   367 D AudioHardwareTiny: out_set_parameters: kvpairs = routing=2
01-09 14:15:01.324   239   656 D GRALLOC-ROCKCHIP: enter, w : 1356, h : 518, format : 0x1, usage : 0xb00.
01-09 14:15:01.329   601   767 I MediaCodec: callingProcessName:system_server
01-09 14:15:01.330   601   786 D GRALLOC-ROCKCHIP: enter, w : 1356, h : 518, format : 0x1, usage : 0xb00.
01-09 14:15:01.330   323   841 I MediaPlayerService: MediaPlayerService::getOMX
01-09 14:15:01.331   601   987 I OMXClient: MuxOMX ctor
01-09 14:15:01.331   601   987 I ACodec  : onAllocateComponent:6703 mSoftCodecPref:0 componentName:
01-09 14:15:01.333   601   987 I ACodec  : onAllocateComponent:6734 mSoftCodecPref:0 componentName:OMX.google.vorbis.decoder
01-09 14:15:01.333   332   832 I OMXMaster: makeComponentInstance(OMX.google.vorbis.decoder) in mediacodec process
01-09 14:15:01.345   721   895 I MediaCodec: callingProcessName:com.android.systemui
01-09 14:15:01.346   323   841 I MediaPlayerService: MediaPlayerService::getOMX
01-09 14:15:01.347   721   991 I OMXClient: MuxOMX ctor
01-09 14:15:01.347   721   991 I ACodec  : onAllocateComponent:6703 mSoftCodecPref:0 componentName:
01-09 14:15:01.348   721   991 I ACodec  : onAllocateComponent:6734 mSoftCodecPref:0 componentName:OMX.google.vorbis.decoder
01-09 14:15:01.348   332   332 I OMXMaster: makeComponentInstance(OMX.google.vorbis.decoder) in mediacodec process
01-09 14:15:01.368   601   767 I MediaCodec: callingProcessName:system_server
01-09 14:15:01.370   323   841 I MediaPlayerService: MediaPlayerService::getOMX
01-09 14:15:01.371   601   995 I OMXClient: MuxOMX ctor
01-09 14:15:01.371   601   995 I ACodec  : onAllocateComponent:6703 mSoftCodecPref:0 componentName:
01-09 14:15:01.372   601   995 I ACodec  : onAllocateComponent:6734 mSoftCodecPref:0 componentName:OMX.google.vorbis.decoder
01-09 14:15:01.373   332   332 I OMXMaster: makeComponentInstance(OMX.google.vorbis.decoder) in mediacodec process
01-09 14:15:01.399   721   895 I MediaCodec: callingProcessName:com.android.systemui
01-09 14:15:01.400   323   778 I MediaPlayerService: MediaPlayerService::getOMX
01-09 14:15:01.401   721   999 I OMXClient: MuxOMX ctor
01-09 14:15:01.401   721   999 I ACodec  : onAllocateComponent:6703 mSoftCodecPref:0 componentName:
01-09 14:15:01.402   721   999 I ACodec  : onAllocateComponent:6734 mSoftCodecPref:0 componentName:OMX.google.vorbis.decoder
01-09 14:15:01.403   332   332 I OMXMaster: makeComponentInstance(OMX.google.vorbis.decoder) in mediacodec process
01-09 14:15:01.414   601   767 I MediaCodec: callingProcessName:system_server
01-09 14:15:01.415   323   778 I MediaPlayerService: MediaPlayerService::getOMX
01-09 14:15:01.416   601  1002 I OMXClient: MuxOMX ctor
01-09 14:15:01.417   601  1002 I ACodec  : onAllocateComponent:6703 mSoftCodecPref:0 componentName:
01-09 14:15:01.419   601  1002 I ACodec  : onAllocateComponent:6734 mSoftCodecPref:0 componentName:OMX.google.vorbis.decoder
01-09 14:15:01.420   332   982 I OMXMaster: makeComponentInstance(OMX.google.vorbis.decoder) in mediacodec process
01-09 14:15:01.435   601   615 E TD1030DBG: Enter : td_bdgps_get_extension(gps-xtra)
01-09 14:15:01.435   601   615 E TD1030DBG: Enter : td_bdgps_get_extension(agps)
01-09 14:15:01.435   601   615 E TD1030DBG: Enter : td_bdgps_get_extension(gps-ni)
01-09 14:15:01.435   601   615 E TD1030DBG: Enter : td_bdgps_get_extension(gps-debug)
01-09 14:15:01.435   601   615 E TD1030DBG: Enter : td_bdgps_get_extension(agps_ril)
01-09 14:15:01.435   601   615 E TD1030DBG: Enter : td_bdgps_get_extension(gps_geofencing)
01-09 14:15:01.435   601   615 E TD1030DBG: Enter : td_bdgps_get_extension(gps_measurement)
01-09 14:15:01.435   601   615 E TD1030DBG: Enter : td_bdgps_get_extension(gps_navigation_message)
01-09 14:15:01.435   601   615 E TD1030DBG: Enter : td_bdgps_get_extension(gnss_configuration)
01-09 14:15:01.439   239   248 D GRALLOC-ROCKCHIP: enter, w : 1536, h : 2048, format : 0x1, usage : 0xb00.
01-09 14:15:01.440   601   615 I GnssLocationProvider: WakeLock acquired by sendMessage(13, 0, null)
01-09 14:15:01.443   601   614 W GnssLocationProvider: Could not open GPS configuration file /etc/gps.conf
01-09 14:15:01.450   601   614 D ConnectivityService: listenForNetwork for uid/pid:1000/601 NetworkRequest [ LISTEN id=4, [ Transports: CELLULAR|WIFI Capabilities: NOT_RESTRICTED&TRUSTED&NOT_VPN] ]
01-09 14:15:01.451   601   615 W ServiceWatcher: com.google.android.gms not found
01-09 14:15:01.455   601   615 W ServiceWatcher: com.google.android.gms not found
01-09 14:15:01.456   601   615 W LocationManagerService: no network location provider found
01-09 14:15:01.456   601   615 W ServiceWatcher: com.google.android.gms not found
01-09 14:15:01.459   739   863 D GRALLOC-ROCKCHIP: enter, w : 1536, h : 2048, format : 0x1, usage : 0xb00.
01-09 14:15:01.462   601   615 W ServiceWatcher: com.google.android.gms not found
01-09 14:15:01.462   601   615 E LocationManagerService: no geocoder provider found
01-09 14:15:01.464   601   615 E FlpHardwareProvider: Error hw_get_module 'flp': -2
01-09 14:15:01.465   601   615 D LocationManagerService: FLP HAL not supported
01-09 14:15:01.467   601   615 W ServiceWatcher: com.google.android.gms not found
01-09 14:15:01.471   601   615 D LocationManagerService: Unable to bind FLP Geofence proxy.
01-09 14:15:01.472   601   615 E ActivityRecognitionHardware: Error hw_get_module: -2
01-09 14:15:01.472   601   615 D LocationManagerService: Hardware Activity-Recognition not supported.
01-09 14:15:01.473   601   601 W System  : ClassLoader referenced unknown path: /system/priv-app/FusedLocation/lib/arm64
01-09 14:15:01.473   601   615 W ServiceWatcher: com.google.android.gms not found
01-09 14:15:01.474   601   615 E ActivityRecognitionProxy: ServiceWatcher could not start.
01-09 14:15:01.474   601   615 D LocationManagerService: Unable to bind ActivityRecognitionProxy.
01-09 14:15:01.475   601   615 I GnssLocationProvider: WakeLock acquired by sendMessage(2, 1, null)
01-09 14:15:01.475   721   721 W System  : ClassLoader referenced unknown path: 
01-09 14:15:01.476   721   721 D ApplicationLoaders: ignored Vulkan layer search path /system/app/Camera2/lib/arm64:/system/app/Camera2/Camera2.apk!/lib/arm64-v8a:/system/lib64:/vendor/lib64 for namespace 0x777c7f20f0
01-09 14:15:01.479   601   614 I GnssLocationProvider: WakeLock released by handleMessage(13, 0, null)
01-09 14:15:01.479   601   614 E TD1030DBG: Enter : td_bdgps_init
01-09 14:15:01.479   601   614 E TD1030DBG: Enter : gps_state_init
01-09 14:15:01.479   601   601 D ApplicationLoaders: ignored Vulkan layer search path /system/priv-app/FusedLocation/lib/arm64:/system/priv-app/FusedLocation/FusedLocation.apk!/lib/arm64-v8a:/system/lib64:/vendor/lib64 for namespace 0x7781b0e240
01-09 14:15:01.482   601   614 E TD1030DBG: Enter : td_bd_agps_init
01-09 14:15:01.485   601   615 I CommonTimeManagementService: No common time service detected on this platform.  Common time services will be unavailable.
01-09 14:15:01.485   601  1009 E TD1030DBG: Enter : gps_state_thread
01-09 14:15:01.486   601   614 E TD1030DBG: Succeed : agps init
01-09 14:15:01.486   601   614 E TD1030DBG: Enter : bd_xtra_init
01-09 14:15:01.486   601   614 E TD1030DBG: Enter : td_agps_init
01-09 14:15:01.487   601   614 E TD1030DBG: Enter : td_gps_ni_init
01-09 14:15:01.487   601   614 E TD1030DBG: Enter : td_agps_ril_init
01-09 14:15:01.487   601   655 I InputReader: Reconfiguring input devices.  changes=0x00000020
01-09 14:15:01.488   239   248 D GRALLOC-ROCKCHIP: enter, w : 1536, h : 2048, format : 0x1, usage : 0xb00.
01-09 14:15:01.488   601  1012 E TD1030DBG: Enter : tdchip_ack_timer_thread(0)
01-09 14:15:01.488   601   615 I MmsServiceBroker: Delay connecting to MmsService until an API is called
01-09 14:15:01.489   601   614 I GnssLocationProvider: WakeLock released by handleMessage(2, 1, null)
01-09 14:15:01.489   601  1010 E TD1030DBG: Enter : supl_client_assist_thread
01-09 14:15:01.499   601   767 I MediaCodec: callingProcessName:system_server
01-09 14:15:01.501   601   655 I InputReader: Reconfiguring input devices.  changes=0x00000010
01-09 14:15:01.502   323   841 I MediaPlayerService: MediaPlayerService::getOMX
01-09 14:15:01.503   601   601 V WiredAccessoryManager: init()
01-09 14:15:01.504   601  1017 I OMXClient: MuxOMX ctor
01-09 14:15:01.504   601  1017 I ACodec  : onAllocateComponent:6703 mSoftCodecPref:0 componentName:
01-09 14:15:01.506   601  1017 I ACodec  : onAllocateComponent:6734 mSoftCodecPref:0 componentName:OMX.google.vorbis.decoder
01-09 14:15:01.507   739   863 D GRALLOC-ROCKCHIP: enter, w : 1536, h : 2048, format : 0x1, usage : 0xb00.
01-09 14:15:01.507   332   982 I OMXMaster: makeComponentInstance(OMX.google.vorbis.decoder) in mediacodec process
01-09 14:15:01.511   721   928 I vol.Events: writeEvent internal_ringer_mode_changed normal
01-09 14:15:01.511   238   238 E ServiceManager: SELinux: hanpengcheng svc_can_register add eben_navigation , uid 10023.
01-09 14:15:01.512   601   615 I ActivityManager: Force stopping com.android.providers.media appid=10006 user=-1: vold reset
01-09 14:15:01.513   601   615 V KeyguardServiceDelegate: *** Keyguard started
01-09 14:15:01.513   601   615 W KeyguardServiceDelegate: onScreenTurningOn(): no keyguard service!
01-09 14:15:01.521   601  1009 E TD1030DBG: SDBP : 23 3e 01 01 02 00 03 34 3b 4d 
01-09 14:15:01.521   601   615 I GnssLocationProvider: WakeLock acquired by sendMessage(12, 0, null)
01-09 14:15:01.527   721   721 D NavBarInflater: icons space;volume_sub,back,home,recent,volume_add,eben_memo,eben_penpanel,screenshot;menu_ime
01-09 14:15:01.528   721   721 D NavBarInflater: java.lang.Throwable
01-09 14:15:01.528   721   721 D NavBarInflater: 	at com.android.systemui.statusbar.phone.NavigationBarInflaterView.inflateLayout(NavigationBarInflaterView.java:223)
01-09 14:15:01.528   721   721 D NavBarInflater: 	at com.android.systemui.statusbar.phone.NavigationBarInflaterView.onFinishInflate(NavigationBarInflaterView.java:122)
01-09 14:15:01.528   721   721 D NavBarInflater: 	at android.view.LayoutInflater.rInflate(LayoutInflater.java:867)
01-09 14:15:01.528   721   721 D NavBarInflater: 	at android.view.LayoutInflater.rInflateChildren(LayoutInflater.java:821)
01-09 14:15:01.528   721   721 D NavBarInflater: 	at android.view.LayoutInflater.rInflate(LayoutInflater.java:861)
01-09 14:15:01.528   721   721 D NavBarInflater: 	at android.view.LayoutInflater.rInflateChildren(LayoutInflater.java:821)
01-09 14:15:01.528   721   721 D NavBarInflater: 	at android.view.LayoutInflater.inflate(LayoutInflater.java:518)
01-09 14:15:01.528   721   721 D NavBarInflater: 	at android.view.LayoutInflater.inflate(LayoutInflater.java:426)
01-09 14:15:01.528   721   721 D NavBarInflater: 	at android.view.LayoutInflater.inflate(LayoutInflater.java:377)
01-09 14:15:01.528   721   721 D NavBarInflater: 	at android.view.View.inflate(View.java:21026)
01-09 14:15:01.528   721   721 D NavBarInflater: 	at com.android.systemui.statusbar.phone.PhoneStatusBar.inflateNavigationBarView(PhoneStatusBar.java:1199)
01-09 14:15:01.528   721   721 D NavBarInflater: 	at com.android.systemui.statusbar.phone.PhoneStatusBar.createNavigationBarView(PhoneStatusBar.java:1177)
01-09 14:15:01.528   721   721 D NavBarInflater: 	at com.android.systemui.statusbar.phone.PhoneStatusBar.makeStatusBarView(PhoneStatusBar.java:818)
01-09 14:15:01.528   721   721 D NavBarInflater: 	at com.android.systemui.statusbar.phone.PhoneStatusBar.addStatusBarWindow(PhoneStatusBar.java:3707)
01-09 14:15:01.528   721   721 D NavBarInflater: 	at com.android.systemui.statusbar.phone.PhoneStatusBar.createAndAddWindows(PhoneStatusBar.java:3703)
01-09 14:15:01.528   721   721 D NavBarInflater: 	at com.android.systemui.statusbar.BaseStatusBar.start(BaseStatusBar.java:813)
01-09 14:15:01.528   721   721 D NavBarInflater: 	at com.android.systemui.statusbar.phone.PhoneStatusBar.start(PhoneStatusBar.java:706)
01-09 14:15:01.528   721   721 D NavBarInflater: 	at com.android.systemui.statusbar.SystemBars.createStatusBarFromConfig(SystemBars.java:109)
01-09 14:15:01.528   721   721 D NavBarInflater: 	at com.android.systemui.statusbar.SystemBars.onNoService(SystemBars.java:58)
01-09 14:15:01.528   721   721 D NavBarInflater: 	at com.android.systemui.statusbar.ServiceMonitor.startService(ServiceMonitor.java:230)
01-09 14:15:01.528   721   721 D NavBarInflater: 	at com.android.systemui.statusbar.ServiceMonitor.-wrap5(ServiceMonitor.java)
01-09 14:15:01.528   721   721 D NavBarInflater: 	at com.android.systemui.statusbar.ServiceMonitor$1.handleMessage(ServiceMonitor.java:73)
01-09 14:15:01.528   721   721 D NavBarInflater: 	at android.os.Handler.dispatchMessage(Handler.java:102)
01-09 14:15:01.528   721   721 D NavBarInflater: 	at android.os.Looper.loop(Looper.java:154)
01-09 14:15:01.528   721   721 D NavBarInflater: 	at android.app.ActivityThread.main(ActivityThread.java:6145)
01-09 14:15:01.528   721   721 D NavBarInflater: 	at java.lang.reflect.Method.invoke(Native Method)
01-09 14:15:01.528   721   721 D NavBarInflater: 	at com.android.internal.os.ZygoteInit$MethodAndArgsCaller.run(ZygoteInit.java:912)
01-09 14:15:01.528   721   721 D NavBarInflater: 	at com.android.internal.os.ZygoteInit.main(ZygoteInit.java:802)
01-09 14:15:01.528   721   721 D NavBarInflater: inflateButton : space, buttonSpec : space
01-09 14:15:01.529   721   721 D NavBarInflater: inflateButton : space, buttonSpec : space
01-09 14:15:01.530   721   721 D NavBarInflater: inflateButton : volume_sub, buttonSpec : volume_sub
01-09 14:15:01.536   721   721 D NavBarInflater: inflateButton : back, buttonSpec : back
01-09 14:15:01.537   326   367 E AudioFlinger: no wake lock to update, but system ready!
01-09 14:15:01.537   326   367 D AudioHardwareTiny: start_output_stream
01-09 14:15:01.538   326   367 D alsa_route: route_info->sound_card 0, route_info->devices 0  
01-09 14:15:01.538   721   721 D NavBarInflater: inflateButton : home, buttonSpec : home
01-09 14:15:01.539   326   367 D alsa_route: route_set_controls() set route 0
01-09 14:15:01.539   323   780 D NuPlayerDriver: notifyListener_l(0xf2e07180), (6, 0, 0), loop setting(0, 0)
01-09 14:15:01.540   721   721 D NavBarInflater: inflateButton : recent, buttonSpec : recent
01-09 14:15:01.548   721   721 D NavBarInflater: inflateButton : volume_add, buttonSpec : volume_add
01-09 14:15:01.552   721   721 D NavBarInflater: inflateButton : eben_memo, buttonSpec : eben_memo
01-09 14:15:01.557   721   721 D NavBarInflater: inflateButton : eben_penpanel, buttonSpec : eben_penpanel
01-09 14:15:01.557   601   611 I art     : Background sticky concurrent mark sweep GC freed 28670(2MB) AllocSpace objects, 11(264KB) LOS objects, 22% free, 10MB/13MB, paused 8.167ms total 53.646ms
01-09 14:15:01.559   721   721 D NavBarInflater: inflateButton : screenshot, buttonSpec : screenshot
01-09 14:15:01.561   721   721 D NavBarInflater: inflateButton : volume_sub, buttonSpec : volume_sub
01-09 14:15:01.568   721   721 D NavBarInflater: inflateButton : back, buttonSpec : back
01-09 14:15:01.570   721   721 D NavBarInflater: inflateButton : home, buttonSpec : home
01-09 14:15:01.571   721   721 D NavBarInflater: inflateButton : recent, buttonSpec : recent
01-09 14:15:01.572   721   721 D NavBarInflater: inflateButton : volume_add, buttonSpec : volume_add
01-09 14:15:01.574   721   721 D NavBarInflater: inflateButton : eben_memo, buttonSpec : eben_memo
01-09 14:15:01.575   721   721 D NavBarInflater: inflateButton : eben_penpanel, buttonSpec : eben_penpanel
01-09 14:15:01.579   721   721 D NavBarInflater: inflateButton : screenshot, buttonSpec : screenshot
01-09 14:15:01.584   721   721 D NavBarInflater: inflateButton : menu_ime, buttonSpec : menu_ime
01-09 14:15:01.589   721   721 D NavBarInflater: inflateButton : menu_ime, buttonSpec : menu_ime
01-09 14:15:01.610   601   614 I GnssLocationProvider: WakeLock released by handleMessage(12, 0, null)
01-09 14:15:01.632   601   767 I MediaCodec: callingProcessName:system_server
01-09 14:15:01.633   323   841 I MediaPlayerService: MediaPlayerService::getOMX
01-09 14:15:01.635   601  1037 I OMXClient: MuxOMX ctor
01-09 14:15:01.635   601  1037 I ACodec  : onAllocateComponent:6703 mSoftCodecPref:0 componentName:
01-09 14:15:01.635   601   601 D GpsNetInitiatedHandler: location enabled :true
01-09 14:15:01.636   601  1037 I ACodec  : onAllocateComponent:6734 mSoftCodecPref:0 componentName:OMX.google.vorbis.decoder
01-09 14:15:01.637   332   982 I OMXMaster: makeComponentInstance(OMX.google.vorbis.decoder) in mediacodec process
01-09 14:15:01.638   601   601 I FusedLocation: engine started (com.android.location.fused)
01-09 14:15:01.709   721   721 D LocalBluetoothProfileManager: Adding local MAP profile
01-09 14:15:01.713   721   721 D BluetoothMap: Create BluetoothMap proxy object
01-09 14:15:01.716   721   721 E BluetoothMap: Could not bind to Bluetooth MAP Service with Intent { act=android.bluetooth.IBluetoothMap }
01-09 14:15:01.719   721   721 E BluetoothPbap: Could not bind to Bluetooth Pbap Service with Intent { act=android.bluetooth.IBluetoothPbap }
01-09 14:15:01.719   721   721 D LocalBluetoothProfileManager: LocalBluetoothProfileManager construction complete
01-09 14:15:01.727   601   660 D ConnectivityService: listenForNetwork for uid/pid:10023/721 NetworkRequest [ LISTEN id=5, [] ]
01-09 14:15:01.736   721   721 I CameraManagerGlobal: Connecting to camera service
01-09 14:15:01.738   327   327 I CameraService: getCameraCharacteristics: Switching to HAL1 shim implementation...
01-09 14:15:01.738   327   327 D CameraHal: camera_get_camera_info(1449): camera_get_camera_info(1449): camera_0 facing(0), orientation(270)
01-09 14:15:01.738   327   327 I CameraService: CameraService::connect call (PID -1 "cameraserver", camera ID 0) for HAL version default and Camera API version 1
01-09 14:15:01.739   327   327 E CameraService: getCameraPriorityFromProcState: Received invalid process state -1 from ActivityManagerService!
01-09 14:15:01.739   327   327 D CameraHal: camera_get_number_of_cameras(1236): camera_get_number_of_cameras(1236): Current board have 2 cameras attached.
01-09 14:15:01.739   327   327 D CameraHal: camera_get_number_of_cameras(1239): meida_profiles_xml_control time (36)us
01-09 14:15:01.739   327   327 I CameraService: onTorchStatusChangedLocked: Torch status changed for cameraId=0, newStatus=0
01-09 14:15:01.739   327   327 D CameraHal: camera_get_camera_info(1449): camera_get_camera_info(1449): camera_0 facing(0), orientation(270)
01-09 14:15:01.741   323   841 I MediaPlayerService: processName cmdline:/proc/327/cmdline
01-09 14:15:01.741   323   841 E MediaPlayerService: Obtain calling ProcessName failed
01-09 14:15:01.749   323  1048 D NuPlayerDriver: notifyListener_l(0xf462ac60), (1, 0, 0), loop setting(0, 0)
01-09 14:15:01.750   323   778 I MediaPlayerService: processName cmdline:/proc/327/cmdline
01-09 14:15:01.750   323   778 E MediaPlayerService: Obtain calling ProcessName failed
01-09 14:15:01.755   323  1052 D NuPlayerDriver: notifyListener_l(0xf462af60), (1, 0, 0), loop setting(0, 0)
01-09 14:15:01.755   323   778 I MediaPlayerService: processName cmdline:/proc/327/cmdline
01-09 14:15:01.756   323   778 E MediaPlayerService: Obtain calling ProcessName failed
01-09 14:15:01.766   323  1054 D NuPlayerDriver: notifyListener_l(0xf462b140), (1, 0, 0), loop setting(0, 0)
01-09 14:15:01.770   327   327 I CameraFlashlight: Opening camera 0
01-09 14:15:01.770   327   327 D CameraHal: camera_get_camera_info(1449): camera_get_camera_info(1449): camera_0 facing(0), orientation(270)
01-09 14:15:01.770   327   327 I CameraHal: camera_device_open(566): camera_device open
01-09 14:15:01.770   327   327 D CameraHal: gCameraHalLogLevel: 0
01-09 14:15:01.771   327   327 D CameraHal: CameraHal(151): it is a isp  camera
01-09 14:15:01.771   327   327 E CameraGLAdapter: initEnv(285): open libuvnr.so fail
01-09 14:15:01.771   327   327 E CameraGLAdapter: dlopen libuvnr.so fail errmsg: dlopen failed: library "/system/lib/libuvnr.so" not found
01-09 14:15:01.771   327   327 E CameraGLAdapter: initEnv(522): open libmfnr.so fail
01-09 14:15:01.771   327   327 E CameraGLAdapter: dlopen libmfnr.so fail errmsg: dlopen failed: library "/system/lib/libmfnr.so" not found
01-09 14:15:01.771   327   327 E CameraHal: CameraIspAdapter(313): CameraIspAdapter(313):open libuvcapp.so fail,dlopen failed: library "libuvcapp.so" not found
01-09 14:15:01.771   327   327 D CameraHal: Calling process is: /system/bin/cameraserver
01-09 14:15:01.772   327   327 D CameraHal: Calling process is: /system/bin/cameraserver
01-09 14:15:01.772   327   327 D CameraHal: Calling process is: /system/bin/cameraserver
01-09 14:15:01.775   327   327 E CameraHal: disconnectCamera(2188): getFocusLimits failed!
01-09 14:15:01.794   326   367 D AudioHardwareTiny: out_set_parameters: kvpairs = routing=2
01-09 14:15:01.799   327   327 E CameraHal_Marvin: IMX258: IMX258_IsiMdiSetupMotoDrive:czf enable vcm
01-09 14:15:01.799   327   327 E CameraHal_Marvin: IMX258: IMX258_IsiMdiSetupMotoDrive:czf HalWriteI2CMem result 0
01-09 14:15:01.805   327   327 E CameraHal_Marvin: IMX258: IMX258_IsiMdiSetupMotoDrive:czf HalWriteI2CMem result 0
01-09 14:15:01.811   327   327 E CameraHal_Marvin: IMX258: IMX258_IsiMdiSetupMotoDrive:czf HalWriteI2CMem result 0
01-09 14:15:01.817   326   367 D AudioHardwareTiny: out_set_parameters: kvpairs = routing=2
01-09 14:15:01.817   327   327 D CameraHal_Marvin: 
01-09 14:15:01.817   327   327 D CameraHal_Marvin: 
01-09 14:15:01.817   327   327 D CameraHal_Marvin: 
01-09 14:15:01.817   327   327 D CameraHal_Marvin: CameraHal Version Check:
01-09 14:15:01.817   327   327 D CameraHal_Marvin:     CamSys_Head.h version: 
01-09 14:15:01.817   327   327 D CameraHal_Marvin:        kernel: (0x) v1.0.0
01-09 14:15:01.817   327   327 D CameraHal_Marvin:        libisp_siliconimage_isp.so: (0x) v1.0.0
01-09 14:15:01.817   327   327 D CameraHal_Marvin:     LibIsp version: 
01-09 14:15:01.817   327   327 D CameraHal_Marvin:        local: (0x) v3.0.0
01-09 14:15:01.817   327   327 D CameraHal_Marvin:        camera.rk30board.so: (0x) v3.0.0
01-09 14:15:01.817   327   327 D CameraHal_Marvin:     Sensor ISI version: 
01-09 14:15:01.817   327   327 D CameraHal_Marvin:         libisp_isi_drv_XXX: (0x) v0.e.0
01-09 14:15:01.817   327   327 D CameraHal_Marvin:         libisp_siliconimage_isp.so: (0x) v0.e.0
01-09 14:15:01.817   327   327 D CameraHal_Marvin:     Tunning XML version:
01-09 14:15:01.817   327   327 D CameraHal_Marvin:         libisp_isi_drv_XXX: (18-7-2014_oyyf-hkw_IMX258_CMK-CB0407-FV1_v0.1.2)
01-09 14:15:01.817   327   327 D CameraHal_Marvin:         Calibdb: (2018-11-26_Liquid_IMX258_50013A7_V1.0)
01-09 14:15:01.818   327   327 D CameraHal_Marvin:     sensor name IMX258: 
01-09 14:15:01.818   327   327 D CameraHal_Marvin:        sensor drv version: (0x) v0.2.0
01-09 14:15:01.818   327   327 D CameraHal_Marvin: 
01-09 14:15:01.818   327   327 D CameraHal_Marvin: 
01-09 14:15:01.818   327   327 D CameraHal_Marvin: 
01-09 14:15:01.818   327   327 D CameraHal_Marvin: Request 640x480, Exp(>= 0.000000), Fps(>= 15fps) 
01-09 14:15:01.818   327   327 D CameraHal_Marvin: getPreferedSensorRes is 4208x3120@20fps
01-09 14:15:01.818   327   327 D CameraHal: setupPreview(603): isp out put format is YUV420SP.
01-09 14:15:01.818   327   327 D CameraHal: setupPreview(615): Sensor output: 4208x3120 --(0,0,4208,3120)--> User request: 640x480
01-09 14:15:01.850   326   367 D AudioHardwareTiny: out_set_parameters: kvpairs = routing=2
01-09 14:15:01.873   326   367 D AudioHardwareTiny: out_set_parameters: kvpairs = routing=2
01-09 14:15:02.091   327   327 E CameraHal_Marvin: IMX258: IMX258_SetupOutputWindowInternal set IMX258_g_4208x3120_fourlane
01-09 14:15:02.093   327   327 E CameraHal_Marvin: IMX258: read from sensor,lsc enable 222 0x00
01-09 14:15:02.196   601   622 W WindowManager: App freeze timeout expired.
01-09 14:15:02.513   601   616 W WindowManager: Keyguard drawn timeout. Setting mKeyguardDrawComplete
01-09 14:15:02.591   327   327 E CameraHal_Marvin: HAL-MOCKUP: I2c bus #4 read failed
01-09 14:15:02.592   327   327 D GRALLOC-ROCKCHIP: enter, w : 9846720, h : 1, format : 0x4, usage : 0x60033.
01-09 14:15:02.593   327   327 D GRALLOC-ROCKCHIP: [File] : hardware/rockchip/libgralloc/gralloc_drm_rockchip.c; [Line] : 1315; [Func] : drm_gem_rockchip_alloc;
01-09 14:15:02.593   327   327 D GRALLOC-ROCKCHIP: to ask for cachable buffer for CPU read, usage : 0x60033
01-09 14:15:02.647   327   327 D CameraHal: cam_mem_gralloc_ops_alloc(423): alloc graphic buffer sucess,mem 0xf497e180, vir_addr 0xf2b41000,fd 31
01-09 14:15:02.647   327   327 D CameraHal: cam_mem_gralloc_ops_iommu_map(464): mem 0xf497e180, fd 31
01-09 14:15:02.654   323   790 I NuPlayerDecoder: [audio] saw output EOS
01-09 14:15:02.660   327   327 D GRALLOC-ROCKCHIP: enter, w : 9846720, h : 1, format : 0x4, usage : 0x60033.
01-09 14:15:02.660   327   327 D GRALLOC-ROCKCHIP: [File] : hardware/rockchip/libgralloc/gralloc_drm_rockchip.c; [Line] : 1315; [Func] : drm_gem_rockchip_alloc;
01-09 14:15:02.660   327   327 D GRALLOC-ROCKCHIP: to ask for cachable buffer for CPU read, usage : 0x60033
01-09 14:15:02.696   327   327 D CameraHal: cam_mem_gralloc_ops_alloc(423): alloc graphic buffer sucess,mem 0xf497e200, vir_addr 0xf1879000,fd 33
01-09 14:15:02.696   327   327 D CameraHal: cam_mem_gralloc_ops_iommu_map(464): mem 0xf497e200, fd 33
01-09 14:15:02.708   327   327 D GRALLOC-ROCKCHIP: enter, w : 9846720, h : 1, format : 0x4, usage : 0x60033.
01-09 14:15:02.708   327   327 D GRALLOC-ROCKCHIP: [File] : hardware/rockchip/libgralloc/gralloc_drm_rockchip.c; [Line] : 1315; [Func] : drm_gem_rockchip_alloc;
01-09 14:15:02.708   327   327 D GRALLOC-ROCKCHIP: to ask for cachable buffer for CPU read, usage : 0x60033
01-09 14:15:02.763   327   327 D CameraHal: cam_mem_gralloc_ops_alloc(423): alloc graphic buffer sucess,mem 0xf497e240, vir_addr 0xf05b1000,fd 35
01-09 14:15:02.763   327   327 D CameraHal: cam_mem_gralloc_ops_iommu_map(464): mem 0xf497e240, fd 35
01-09 14:15:02.773   327   327 D GRALLOC-ROCKCHIP: enter, w : 9846720, h : 1, format : 0x4, usage : 0x60033.
01-09 14:15:02.773   327   327 D GRALLOC-ROCKCHIP: [File] : hardware/rockchip/libgralloc/gralloc_drm_rockchip.c; [Line] : 1315; [Func] : drm_gem_rockchip_alloc;
01-09 14:15:02.773   327   327 D GRALLOC-ROCKCHIP: to ask for cachable buffer for CPU read, usage : 0x60033
01-09 14:15:02.819   327   327 D CameraHal: cam_mem_gralloc_ops_alloc(423): alloc graphic buffer sucess,mem 0xf497e2a0, vir_addr 0xef2e9000,fd 37
01-09 14:15:02.819   327   327 D CameraHal: cam_mem_gralloc_ops_iommu_map(464): mem 0xf497e2a0, fd 37
01-09 14:15:02.828   327   327 D GRALLOC-ROCKCHIP: enter, w : 9846720, h : 1, format : 0x4, usage : 0x60033.
01-09 14:15:02.828   327   327 D GRALLOC-ROCKCHIP: [File] : hardware/rockchip/libgralloc/gralloc_drm_rockchip.c; [Line] : 1315; [Func] : drm_gem_rockchip_alloc;
01-09 14:15:02.828   327   327 D GRALLOC-ROCKCHIP: to ask for cachable buffer for CPU read, usage : 0x60033
01-09 14:15:02.864   327   327 D CameraHal: cam_mem_gralloc_ops_alloc(423): alloc graphic buffer sucess,mem 0xf497e2e0, vir_addr 0xee021000,fd 39
01-09 14:15:02.864   327   327 D CameraHal: cam_mem_gralloc_ops_iommu_map(464): mem 0xf497e2e0, fd 39
01-09 14:15:02.876   327   327 D GRALLOC-ROCKCHIP: enter, w : 9846720, h : 1, format : 0x4, usage : 0x60033.
01-09 14:15:02.876   327   327 D GRALLOC-ROCKCHIP: [File] : hardware/rockchip/libgralloc/gralloc_drm_rockchip.c; [Line] : 1315; [Func] : drm_gem_rockchip_alloc;
01-09 14:15:02.876   327   327 D GRALLOC-ROCKCHIP: to ask for cachable buffer for CPU read, usage : 0x60033
01-09 14:15:02.912   327   327 D CameraHal: cam_mem_gralloc_ops_alloc(423): alloc graphic buffer sucess,mem 0xf497e320, vir_addr 0xecd59000,fd 41
01-09 14:15:02.912   327   327 D CameraHal: cam_mem_gralloc_ops_iommu_map(464): mem 0xf497e320, fd 41
01-09 14:15:02.924   327   327 E CameraHal_Marvin: IMX258: read from sensor,lsc enable 222 0x01
01-09 14:15:02.925   327   327 E CameraHal_Marvin: IMX258: read from sensor,lsc enable 222 0x01
01-09 14:15:02.927   327   327 E CameraHal_Marvin: AWB: AwbConfigure: AWB_VERSION_10
01-09 14:15:02.927   327   327 E CameraHal_Marvin: IMX258: IMX258_IsiMdiSetupMotoDrive:czf enable vcm
01-09 14:15:02.928   327   327 E CameraHal_Marvin: IMX258: IMX258_IsiMdiSetupMotoDrive:czf HalWriteI2CMem result 0
01-09 14:15:02.933   327   327 E CameraHal_Marvin: IMX258: IMX258_IsiMdiSetupMotoDrive:czf HalWriteI2CMem result 0
01-09 14:15:02.939   327   327 E CameraHal_Marvin: IMX258: IMX258_IsiMdiSetupMotoDrive:czf HalWriteI2CMem result 0
01-09 14:15:02.947   327   327 E CameraHal_Marvin: IMX258: IMX258_IsiSensorSetStreamingIss (enter)  on = 1
01-09 14:15:02.948   327   327 E CameraHal_Marvin: CAMERIC_CPROC_DRV: CamerIcCprocEnable: 128,0,128,0
01-09 14:15:02.948   327   327 E CameraHal_Marvin: IMX258: IMX258_IsiMdiSetupMotoDrive:czf enable vcm
01-09 14:15:02.948   327   327 E CameraHal_Marvin: IMX258: IMX258_IsiMdiSetupMotoDrive:czf HalWriteI2CMem result 0
01-09 14:15:02.954   327   327 E CameraHal_Marvin: IMX258: IMX258_IsiMdiSetupMotoDrive:czf HalWriteI2CMem result 0
01-09 14:15:02.960   327   327 E CameraHal_Marvin: IMX258: IMX258_IsiMdiSetupMotoDrive:czf HalWriteI2CMem result 0
01-09 14:15:02.966   327   327 D CameraHal: Calling process is: /system/bin/cameraserver
01-09 14:15:02.966   327   327 D CameraHal: PICSIZE: 4096x3072,3264x2448,2592x1944,1600x1200,640x480,352x288,320x240,176x144,1280x720,1920x1080
01-09 14:15:02.967   327   327 D CameraHal: initDefaultParameters(1733): Support Preview format: yuv420sp,yuv420p    yuv420sp(default)
01-09 14:15:02.967   327   327 D CameraHal: initDefaultParameters(1735): Support Preview sizes: 176x144,320x240,352x288,640x480,720x480,800x600,1280x720,1920x1080,960x540,4096x3072    4096x3072(default)    4096x3072(force)
01-09 14:15:02.967   327   327 D CameraHal: initDefaultParameters(1736): Support Preview FPS range: (3000,30000),(15000,15000),(30000,30000)
01-09 14:15:02.967   327   327 D CameraHal: initDefaultParameters(1737): Support Preview framerate: 10,15,20,30
01-09 14:15:02.967   327   327 D CameraHal: initDefaultParameters(1738): Support Picture sizes: 4096x3072,3264x2448,2592x1944,1600x1200,640x480,352x288,320x240,176x144,1280x720,1920x1080    4096x3072(default)
01-09 14:15:02.967   327   327 D CameraHal: initDefaultParameters(1739): Support Focus: fixed,auto,continuous-picture  Focus zone: 1
01-09 14:15:02.967   327   327 D CameraHal: initDefaultParameters(1741): Support Flash: off,on,auto,torch  Flash: off
01-09 14:15:02.967   327   327 D CameraHal: initDefaultParameters(1742): Support AWB: auto,incandescent,fluorescent,daylight,cloudy-daylight 
01-09 14:15:02.967   327   327 D CameraHal: initDefaultParameters(1743): Support FOV test h(60.000000) v(60.000000)
01-09 14:15:02.967   327   327 D CameraHal: isNeedToRestartPreview(175): mPreviewFrame2AppW (4096x3072)
01-09 14:15:02.967   327   327 D CameraHal: isNeedToRestartPreview(176): mCamPreviewW (640x480)
01-09 14:15:02.967   327   327 D CameraHal: isNeedToRestartPreview(177): video width (4096x3072)
01-09 14:15:02.968   327   327 D CameraHal: enableSensor(213): orientation = 0xf488d410 (Gravity sensor)
01-09 14:15:02.985   327  1066 D CameraHal: commandThread(1074): commandThread(1074): receive CMD_PREVIEW_CAPTURE_CANCEL
01-09 14:15:02.985   327  1066 D CameraHal: isNeedToRestartPreview(175): mPreviewFrame2AppW (4096x3072)
01-09 14:15:02.985   327  1066 D CameraHal: isNeedToRestartPreview(176): mCamPreviewW (640x480)
01-09 14:15:02.986   327  1066 D CameraHal: isNeedToRestartPreview(177): video width (4096x3072)
01-09 14:15:02.986   327  1066 D CameraHal: commandThread(1082): commandThread(1082): CMD_PREVIEW_CAPTURE_CANCEL out
01-09 14:15:02.986   327   327 D CameraHal: cancelPicture(647): cancel picture OK.
01-09 14:15:02.986   327  1066 D CameraHal: commandThread(1002): commandThread(1002):receive CMD_PREVIEW_STOP
01-09 14:15:02.987   327  1066 D CameraHal: commandThread(1023): commandThread(1023): CMD_PREVIEW_STOP out
01-09 14:15:02.987   327   327 D CameraHal: stopPreview(447): stop preview OK.
01-09 14:15:02.988   327  1066 D CameraHal: commandThread(1074): commandThread(1074): receive CMD_PREVIEW_CAPTURE_CANCEL
01-09 14:15:02.989   327  1066 D CameraHal: isNeedToRestartPreview(175): mPreviewFrame2AppW (4096x3072)
01-09 14:15:02.989   327  1066 D CameraHal: isNeedToRestartPreview(176): mCamPreviewW (640x480)
01-09 14:15:02.989   327  1066 D CameraHal: isNeedToRestartPreview(177): video width (4096x3072)
01-09 14:15:02.989   327  1066 D CameraHal: commandThread(1082): commandThread(1082): CMD_PREVIEW_CAPTURE_CANCEL out
01-09 14:15:02.989   327   327 D CameraHal: cancelPicture(647): cancel picture OK.
01-09 14:15:02.989   327   327 I CameraFlashlight: Destroying camera 0
01-09 14:15:02.989   327   327 D CameraHal: camera_device_close(454): camera_device_close
01-09 14:15:02.990   327   327 D CameraHal: disableSensor(239): orientation = 0xf488d410 (Gravity sensor)
01-09 14:15:02.992   327   327 D CameraHal: ~SensorListener(109): Kill looper thread
01-09 14:15:02.993   327   327 D CameraHal: ~SensorListener(121): Kill looper
01-09 14:15:02.993   327   327 D CameraHal: ~SensorListener(127): SensorListener destroyed
01-09 14:15:02.993   327  1056 D CameraHal: displayThread(682): displayThread(682): receive CMD_DISPLAY_STOP
01-09 14:15:02.993   327  1056 D CameraHal: cameraDisplayBufferDestory(449): cameraDisplayBufferDestory(449): mANativeWindow is NULL, destory is ignore
01-09 14:15:02.994   327  1058 D CameraHal: encProcessThread(2036): encProcessThread(2036): receive CMD_ENCPROCESS_EXIT
01-09 14:15:03.071   323   780 D NuPlayerDriver: notifyListener_l(0xf2e07180), (2, 0, 0), loop setting(0, 0)
01-09 14:15:03.088   326   367 E AudioFlinger: no wake lock to update, but system ready!
01-09 14:15:03.133   327  1062 D CameraHal_Marvin: HAL-MOCKUP:  free memops buffer(phy=0xf4000000) successful
01-09 14:15:03.143   327  1062 D CameraHal_Marvin: HAL-MOCKUP:  free memops buffer(phy=0xf6000000) successful
01-09 14:15:03.153   327  1062 D CameraHal_Marvin: HAL-MOCKUP:  free memops buffer(phy=0xf8000000) successful
01-09 14:15:03.185   327  1062 D CameraHal_Marvin: HAL-MOCKUP:  free memops buffer(phy=0xfa000000) successful
01-09 14:15:03.214   327  1062 D CameraHal_Marvin: HAL-MOCKUP:  free memops buffer(phy=0xfc000000) successful
01-09 14:15:03.231   326  1051 D AudioHardwareTiny: adev_set_parameters: kvpairs = A2dpSuspended=false
01-09 14:15:03.254   327  1062 D CameraHal_Marvin: HAL-MOCKUP:  free memops buffer(phy=0xfe000000) successful
01-09 14:15:03.255   327   327 E CameraHal_Marvin: IMX258: IMX258_IsiSensorSetStreamingIss (enter)  on = 0
01-09 14:15:03.255   327   327 E CameraHal_Marvin: IMX258: IMX258_IsiSensorSetStreamingIss (enter)  on = 0
01-09 14:15:03.280   327  1066 D CameraHal: commandThread(1187): commandThread(1187): receive CMD_EXIT
01-09 14:15:03.281   327   327 D CameraHal: ~CameraHal(360): CameraHal destory success
01-09 14:15:03.284   327   327 I CameraService: onTorchStatusChangedLocked: Torch status changed for cameraId=0, newStatus=1
01-09 14:15:03.285   327   327 D CameraHal: camera_get_number_of_cameras(1236): camera_get_number_of_cameras(1236): Current board have 2 cameras attached.
01-09 14:15:03.285   327   327 D CameraHal: camera_get_number_of_cameras(1239): meida_profiles_xml_control time (146)us
01-09 14:15:03.285   327   327 I CameraService: onTorchStatusChangedLocked: Torch status changed for cameraId=0, newStatus=1
01-09 14:15:03.286   327   327 I CameraService: disconnect: Disconnected client for camera 0 for PID 327
01-09 14:15:03.286   323   778 D NuPlayerDriver: reset(0xf462ac60) at state 4
01-09 14:15:03.286   323   778 D NuPlayerDriver: notifyListener_l(0xf462ac60), (8, 0, 0), loop setting(0, 0)
01-09 14:15:03.287   323  1048 D NuPlayerDriver: notifyResetComplete(0xf462ac60)
01-09 14:15:03.288   323   841 D NuPlayerDriver: reset(0xf462af60) at state 4
01-09 14:15:03.288   323   841 D NuPlayerDriver: notifyListener_l(0xf462af60), (8, 0, 0), loop setting(0, 0)
01-09 14:15:03.289   323  1052 D NuPlayerDriver: notifyResetComplete(0xf462af60)
01-09 14:15:03.291   323   950 D NuPlayerDriver: reset(0xf462b140) at state 4
01-09 14:15:03.291   323   950 D NuPlayerDriver: notifyListener_l(0xf462b140), (8, 0, 0), loop setting(0, 0)
01-09 14:15:03.292   323  1054 D NuPlayerDriver: notifyResetComplete(0xf462b140)
01-09 14:15:03.294   327   671 I CameraService: getCameraCharacteristics: Switching to HAL1 shim implementation...
01-09 14:15:03.294   327   671 D CameraHal: camera_get_camera_info(1449): camera_get_camera_info(1449): camera_1 facing(1), orientation(270)
01-09 14:15:03.295   327   671 I CameraService: CameraService::connect call (PID -1 "cameraserver", camera ID 1) for HAL version default and Camera API version 1
01-09 14:15:03.297   327   671 E CameraService: getCameraPriorityFromProcState: Received invalid process state -1 from ActivityManagerService!
01-09 14:15:03.297   327   671 D CameraHal: camera_get_number_of_cameras(1236): camera_get_number_of_cameras(1236): Current board have 2 cameras attached.
01-09 14:15:03.297   327   671 D CameraHal: camera_get_number_of_cameras(1239): meida_profiles_xml_control time (135)us
01-09 14:15:03.297   327   671 I CameraService: onTorchStatusChangedLocked: Torch status changed for cameraId=0, newStatus=0
01-09 14:15:03.297   327   671 D CameraHal: camera_get_camera_info(1449): camera_get_camera_info(1449): camera_1 facing(1), orientation(270)
01-09 14:15:03.298   323   929 I MediaPlayerService: processName cmdline:/proc/327/cmdline
01-09 14:15:03.298   323   929 E MediaPlayerService: Obtain calling ProcessName failed
01-09 14:15:03.319   323  1069 D NuPlayerDriver: notifyListener_l(0xf2e077e0), (1, 0, 0), loop setting(0, 0)
01-09 14:15:03.321   323   929 I MediaPlayerService: processName cmdline:/proc/327/cmdline
01-09 14:15:03.321   323   929 E MediaPlayerService: Obtain calling ProcessName failed
01-09 14:15:03.339   323  1071 D NuPlayerDriver: notifyListener_l(0xf2e07840), (1, 0, 0), loop setting(0, 0)
01-09 14:15:03.340   323   929 I MediaPlayerService: processName cmdline:/proc/327/cmdline
01-09 14:15:03.341   323   929 E MediaPlayerService: Obtain calling ProcessName failed
01-09 14:15:03.358   323  1073 D NuPlayerDriver: notifyListener_l(0xf2e078a0), (1, 0, 0), loop setting(0, 0)
01-09 14:15:03.362   327   671 I CameraFlashlight: Opening camera 1
01-09 14:15:03.362   327   671 D CameraHal: camera_get_camera_info(1449): camera_get_camera_info(1449): camera_1 facing(1), orientation(270)
01-09 14:15:03.362   327   671 I CameraHal: camera_device_open(566): camera_device open
01-09 14:15:03.362   327   671 D CameraHal: gCameraHalLogLevel: 0
01-09 14:15:03.363   327   671 D CameraHal: CameraHal(151): it is a isp  camera
01-09 14:15:03.364   327   671 E CameraGLAdapter: initEnv(285): open libuvnr.so fail
01-09 14:15:03.364   327   671 E CameraGLAdapter: dlopen libuvnr.so fail errmsg: dlopen failed: library "/system/lib/libuvnr.so" not found
01-09 14:15:03.365   327   671 E CameraGLAdapter: initEnv(522): open libmfnr.so fail
01-09 14:15:03.365   327   671 E CameraGLAdapter: dlopen libmfnr.so fail errmsg: dlopen failed: library "/system/lib/libmfnr.so" not found
01-09 14:15:03.365   327   671 E CameraHal: CameraIspAdapter(313): CameraIspAdapter(313):open libuvcapp.so fail,dlopen failed: library "libuvcapp.so" not found
01-09 14:15:03.365   327   671 D CameraHal: Calling process is: /system/bin/cameraserver
01-09 14:15:03.368   327   671 D CameraHal: Calling process is: /system/bin/cameraserver
01-09 14:15:03.369   327   671 D CameraHal: Calling process is: /system/bin/cameraserver
01-09 14:15:03.377   327   671 E CameraHal: disconnectCamera(2188): getFocusLimits failed!
01-09 14:15:03.497   327   671 D CameraHal_Marvin: 
01-09 14:15:03.497   327   671 D CameraHal_Marvin: 
01-09 14:15:03.497   327   671 D CameraHal_Marvin: 
01-09 14:15:03.497   327   671 D CameraHal_Marvin: CameraHal Version Check:
01-09 14:15:03.497   327   671 D CameraHal_Marvin:     CamSys_Head.h version: 
01-09 14:15:03.497   327   671 D CameraHal_Marvin:        kernel: (0x) v1.0.0
01-09 14:15:03.497   327   671 D CameraHal_Marvin:        libisp_siliconimage_isp.so: (0x) v1.0.0
01-09 14:15:03.497   327   671 D CameraHal_Marvin:     LibIsp version: 
01-09 14:15:03.497   327   671 D CameraHal_Marvin:        local: (0x) v3.0.0
01-09 14:15:03.497   327   671 D CameraHal_Marvin:        camera.rk30board.so: (0x) v3.0.0
01-09 14:15:03.497   327   671 D CameraHal_Marvin:     Sensor ISI version: 
01-09 14:15:03.497   327   671 D CameraHal_Marvin:         libisp_isi_drv_XXX: (0x) v0.e.0
01-09 14:15:03.497   327   671 D CameraHal_Marvin:         libisp_siliconimage_isp.so: (0x) v0.e.0
01-09 14:15:03.497   327   671 D CameraHal_Marvin:     Tunning XML version:
01-09 14:15:03.497   327   671 D CameraHal_Marvin:         libisp_isi_drv_XXX: (22-May-2014_OUYANG_GC2375_FX288_v1.0)
01-09 14:15:03.497   327   671 D CameraHal_Marvin:         Calibdb: (2016-11-01_Jone_GC2375_matic_1)
01-09 14:15:03.497   327   671 D CameraHal_Marvin:     sensor name GC2375: 
01-09 14:15:03.497   327   671 D CameraHal_Marvin:        sensor drv version: (0x) v0.3.0
01-09 14:15:03.497   327   671 D CameraHal_Marvin: 
01-09 14:15:03.497   327   671 D CameraHal_Marvin: 
01-09 14:15:03.497   327   671 D CameraHal_Marvin: 
01-09 14:15:03.497   327   671 D CameraHal_Marvin: Request 640x480, Exp(>= 0.000000), Fps(>= 15fps) 
01-09 14:15:03.498   327   671 D CameraHal_Marvin: getPreferedSensorRes is 1600x1200@30fps
01-09 14:15:03.498   327   671 D CameraHal: setupPreview(603): isp out put format is YUV420SP.
01-09 14:15:03.498   327   671 D CameraHal: setupPreview(615): Sensor output: 1600x1200 --(0,0,1600,1200)--> User request: 640x480
01-09 14:15:03.577   327   671 E CameraHal_Marvin: GC2375: Sensor_SetupOutputWindowInternal: rVtPixClkFreq = 78000000.000000++++++
01-09 14:15:03.577   327   671 E CameraHal_Marvin: GC2375: Sensor_SetupOutputWindowInternal AecMaxIntegrationTime:0.032960(****************exit): Resolution 1600x1200@30fps  MIPI 1lanes  res_no_chg: 0   rVtPixClkFreq: 78000000.000000
01-09 14:15:03.577   327   671 E CameraHal_Marvin: GC2375: Sensor_AecSetModeParameters (exit)
01-09 14:15:03.577   327   671 E CameraHal_Marvin:  pSensorCtx->AecMaxIntegrationTime:0.032960
01-09 14:15:03.577   327   671 E CameraHal_Marvin:  pSensorCtx->FrameLengthLines:1240
01-09 14:15:03.577   327   671 E CameraHal_Marvin:  pSensorCtx->LineLengthPck:2080
01-09 14:15:03.577   327   671 E CameraHal_Marvin:  pSensorCtx->VtPixClkFreq:78000000.000000
01-09 14:15:03.577   327   671 D GRALLOC-ROCKCHIP: enter, w : 1440000, h : 1, format : 0x4, usage : 0x60033.
01-09 14:15:03.578   327   671 D GRALLOC-ROCKCHIP: [File] : hardware/rockchip/libgralloc/gralloc_drm_rockchip.c; [Line] : 1315; [Func] : drm_gem_rockchip_alloc;
01-09 14:15:03.578   327   671 D GRALLOC-ROCKCHIP: to ask for cachable buffer for CPU read, usage : 0x60033
01-09 14:15:03.598   327   671 D CameraHal: cam_mem_gralloc_ops_alloc(423): alloc graphic buffer sucess,mem 0xf4712220, vir_addr 0xf39c8000,fd 31
01-09 14:15:03.598   327   671 D CameraHal: cam_mem_gralloc_ops_iommu_map(464): mem 0xf4712220, fd 31
01-09 14:15:03.603   327   671 D GRALLOC-ROCKCHIP: enter, w : 1440000, h : 1, format : 0x4, usage : 0x60033.
01-09 14:15:03.603   327   671 D GRALLOC-ROCKCHIP: [File] : hardware/rockchip/libgralloc/gralloc_drm_rockchip.c; [Line] : 1315; [Func] : drm_gem_rockchip_alloc;
01-09 14:15:03.603   327   671 D GRALLOC-ROCKCHIP: to ask for cachable buffer for CPU read, usage : 0x60033
01-09 14:15:03.615   327   671 D CameraHal: cam_mem_gralloc_ops_alloc(423): alloc graphic buffer sucess,mem 0xf4712260, vir_addr 0xf3708000,fd 33
01-09 14:15:03.615   327   671 D CameraHal: cam_mem_gralloc_ops_iommu_map(464): mem 0xf4712260, fd 33
01-09 14:15:03.618   327   671 D GRALLOC-ROCKCHIP: enter, w : 1440000, h : 1, format : 0x4, usage : 0x60033.
01-09 14:15:03.618   327   671 D GRALLOC-ROCKCHIP: [File] : hardware/rockchip/libgralloc/gralloc_drm_rockchip.c; [Line] : 1315; [Func] : drm_gem_rockchip_alloc;
01-09 14:15:03.618   327   671 D GRALLOC-ROCKCHIP: to ask for cachable buffer for CPU read, usage : 0x60033
01-09 14:15:03.627   327   671 D CameraHal: cam_mem_gralloc_ops_alloc(423): alloc graphic buffer sucess,mem 0xf47122a0, vir_addr 0xf3448000,fd 35
01-09 14:15:03.627   327   671 D CameraHal: cam_mem_gralloc_ops_iommu_map(464): mem 0xf47122a0, fd 35
01-09 14:15:03.629   327   671 D GRALLOC-ROCKCHIP: enter, w : 1440000, h : 1, format : 0x4, usage : 0x60033.
01-09 14:15:03.629   327   671 D GRALLOC-ROCKCHIP: [File] : hardware/rockchip/libgralloc/gralloc_drm_rockchip.c; [Line] : 1315; [Func] : drm_gem_rockchip_alloc;
01-09 14:15:03.629   327   671 D GRALLOC-ROCKCHIP: to ask for cachable buffer for CPU read, usage : 0x60033
01-09 14:15:03.635   327   671 D CameraHal: cam_mem_gralloc_ops_alloc(423): alloc graphic buffer sucess,mem 0xf47122e0, vir_addr 0xf3188000,fd 37
01-09 14:15:03.635   327   671 D CameraHal: cam_mem_gralloc_ops_iommu_map(464): mem 0xf47122e0, fd 37
01-09 14:15:03.638   327   671 D GRALLOC-ROCKCHIP: enter, w : 1440000, h : 1, format : 0x4, usage : 0x60033.
01-09 14:15:03.638   327   671 D GRALLOC-ROCKCHIP: [File] : hardware/rockchip/libgralloc/gralloc_drm_rockchip.c; [Line] : 1315; [Func] : drm_gem_rockchip_alloc;
01-09 14:15:03.638   327   671 D GRALLOC-ROCKCHIP: to ask for cachable buffer for CPU read, usage : 0x60033
01-09 14:15:03.647   327   671 D CameraHal: cam_mem_gralloc_ops_alloc(423): alloc graphic buffer sucess,mem 0xf4712320, vir_addr 0xf2ec8000,fd 39
01-09 14:15:03.647   327   671 D CameraHal: cam_mem_gralloc_ops_iommu_map(464): mem 0xf4712320, fd 39
01-09 14:15:03.648   327   671 D GRALLOC-ROCKCHIP: enter, w : 1440000, h : 1, format : 0x4, usage : 0x60033.
01-09 14:15:03.648   327   671 D GRALLOC-ROCKCHIP: [File] : hardware/rockchip/libgralloc/gralloc_drm_rockchip.c; [Line] : 1315; [Func] : drm_gem_rockchip_alloc;
01-09 14:15:03.648   327   671 D GRALLOC-ROCKCHIP: to ask for cachable buffer for CPU read, usage : 0x60033
01-09 14:15:03.655   327   671 D CameraHal: cam_mem_gralloc_ops_alloc(423): alloc graphic buffer sucess,mem 0xf4712360, vir_addr 0xf2c08000,fd 41
01-09 14:15:03.655   327   671 D CameraHal: cam_mem_gralloc_ops_iommu_map(464): mem 0xf4712360, fd 41
01-09 14:15:03.659   327   671 E CameraHal_Marvin: GC2375: Sensor_SetupOutputWindowInternal: rVtPixClkFreq = 78000000.000000++++++
01-09 14:15:03.660   327   671 E CameraHal_Marvin: GC2375: Sensor_SetupOutputWindowInternal AecMaxIntegrationTime:0.032960(****************exit): Resolution 1600x1200@30fps  MIPI 1lanes  res_no_chg: 0   rVtPixClkFreq: 78000000.000000
01-09 14:15:03.660   327   671 E CameraHal_Marvin: GC2375: Sensor_AecSetModeParameters(AFPS) (exit)
01-09 14:15:03.660   327   671 E CameraHal_Marvin:  pSensorCtx->AecMaxIntegrationTime:0.032960
01-09 14:15:03.660   327   671 E CameraHal_Marvin:  pSensorCtx->FrameLengthLines:1240
01-09 14:15:03.660   327   671 E CameraHal_Marvin:  pSensorCtx->LineLengthPck:2080
